Archive member included to satisfy reference by file (symbol)

/usr/local/mcuxpressoide-11.1.1_3241/ide/plugins/com.nxp.mcuxpresso.tools.linux_11.1.0.202001081728/tools/bin/../lib/gcc/arm-none-eabi/8.3.1/../../../../arm-none-eabi/lib/thumb/v7e-m+fp/hard/libcr_semihost_nf.a(_cr__main.o)
                              ./startup/startup_mk64f12.o (__main)
/usr/local/mcuxpressoide-11.1.1_3241/ide/plugins/com.nxp.mcuxpresso.tools.linux_11.1.0.202001081728/tools/bin/../lib/gcc/arm-none-eabi/8.3.1/../../../../arm-none-eabi/lib/thumb/v7e-m+fp/hard/libcr_semihost_nf.a(_cr_assert.o)
                              ./utilities/fsl_debug_console.o (__assertion_failed)
/usr/local/mcuxpressoide-11.1.1_3241/ide/plugins/com.nxp.mcuxpresso.tools.linux_11.1.0.202001081728/tools/bin/../lib/gcc/arm-none-eabi/8.3.1/../../../../arm-none-eabi/lib/thumb/v7e-m+fp/hard/libcr_semihost_nf.a(__ciob.o)
                              /usr/local/mcuxpressoide-11.1.1_3241/ide/plugins/com.nxp.mcuxpresso.tools.linux_11.1.0.202001081728/tools/bin/../lib/gcc/arm-none-eabi/8.3.1/../../../../arm-none-eabi/lib/thumb/v7e-m+fp/hard/libcr_semihost_nf.a(_cr_assert.o) (__Ciob)
/usr/local/mcuxpressoide-11.1.1_3241/ide/plugins/com.nxp.mcuxpresso.tools.linux_11.1.0.202001081728/tools/bin/../lib/gcc/arm-none-eabi/8.3.1/../../../../arm-none-eabi/lib/thumb/v7e-m+fp/hard/libcr_semihost_nf.a(__sys_appexit.o)
                              /usr/local/mcuxpressoide-11.1.1_3241/ide/plugins/com.nxp.mcuxpresso.tools.linux_11.1.0.202001081728/tools/bin/../lib/gcc/arm-none-eabi/8.3.1/../../../../arm-none-eabi/lib/thumb/v7e-m+fp/hard/libcr_semihost_nf.a(_cr_assert.o) (__sys_appexit)
/usr/local/mcuxpressoide-11.1.1_3241/ide/plugins/com.nxp.mcuxpresso.tools.linux_11.1.0.202001081728/tools/bin/../lib/gcc/arm-none-eabi/8.3.1/../../../../arm-none-eabi/lib/thumb/v7e-m+fp/hard/libcr_c.a(atanf.o)
                              ./source/MPU6050.o (atanf)
/usr/local/mcuxpressoide-11.1.1_3241/ide/plugins/com.nxp.mcuxpresso.tools.linux_11.1.0.202001081728/tools/bin/../lib/gcc/arm-none-eabi/8.3.1/../../../../arm-none-eabi/lib/thumb/v7e-m+fp/hard/libcr_c.a(fabsf.o)
                              /usr/local/mcuxpressoide-11.1.1_3241/ide/plugins/com.nxp.mcuxpresso.tools.linux_11.1.0.202001081728/tools/bin/../lib/gcc/arm-none-eabi/8.3.1/../../../../arm-none-eabi/lib/thumb/v7e-m+fp/hard/libcr_c.a(atanf.o) (fabsf)
/usr/local/mcuxpressoide-11.1.1_3241/ide/plugins/com.nxp.mcuxpresso.tools.linux_11.1.0.202001081728/tools/bin/../lib/gcc/arm-none-eabi/8.3.1/../../../../arm-none-eabi/lib/thumb/v7e-m+fp/hard/libcr_c.a(powf.o)
                              ./source/MPU6050.o (powf)
/usr/local/mcuxpressoide-11.1.1_3241/ide/plugins/com.nxp.mcuxpresso.tools.linux_11.1.0.202001081728/tools/bin/../lib/gcc/arm-none-eabi/8.3.1/../../../../arm-none-eabi/lib/thumb/v7e-m+fp/hard/libcr_c.a(sqrtf_m4_hardfp.o)
                              ./source/MPU6050.o (sqrtf)
/usr/local/mcuxpressoide-11.1.1_3241/ide/plugins/com.nxp.mcuxpresso.tools.linux_11.1.0.202001081728/tools/bin/../lib/gcc/arm-none-eabi/8.3.1/../../../../arm-none-eabi/lib/thumb/v7e-m+fp/hard/libcr_c.a(memcpy.o)
                              ./drivers/fsl_enet.o (memcpy)
/usr/local/mcuxpressoide-11.1.1_3241/ide/plugins/com.nxp.mcuxpresso.tools.linux_11.1.0.202001081728/tools/bin/../lib/gcc/arm-none-eabi/8.3.1/../../../../arm-none-eabi/lib/thumb/v7e-m+fp/hard/libcr_c.a(memset.o)
                              ./source/FXOS8700CQ.o (memset)
/usr/local/mcuxpressoide-11.1.1_3241/ide/plugins/com.nxp.mcuxpresso.tools.linux_11.1.0.202001081728/tools/bin/../lib/gcc/arm-none-eabi/8.3.1/../../../../arm-none-eabi/lib/thumb/v7e-m+fp/hard/libcr_c.a(_deferredlazyseek.o)
                              /usr/local/mcuxpressoide-11.1.1_3241/ide/plugins/com.nxp.mcuxpresso.tools.linux_11.1.0.202001081728/tools/bin/../lib/gcc/arm-none-eabi/8.3.1/../../../../arm-none-eabi/lib/thumb/v7e-m+fp/hard/libcr_semihost_nf.a(_cr_assert.o) (__flsbuf)
/usr/local/mcuxpressoide-11.1.1_3241/ide/plugins/com.nxp.mcuxpresso.tools.linux_11.1.0.202001081728/tools/bin/../lib/gcc/arm-none-eabi/8.3.1/../../../../arm-none-eabi/lib/thumb/v7e-m+fp/hard/libcr_c.a(_fflush.o)
                              /usr/local/mcuxpressoide-11.1.1_3241/ide/plugins/com.nxp.mcuxpresso.tools.linux_11.1.0.202001081728/tools/bin/../lib/gcc/arm-none-eabi/8.3.1/../../../../arm-none-eabi/lib/thumb/v7e-m+fp/hard/libcr_c.a(_deferredlazyseek.o) (_fflush)
/usr/local/mcuxpressoide-11.1.1_3241/ide/plugins/com.nxp.mcuxpresso.tools.linux_11.1.0.202001081728/tools/bin/../lib/gcc/arm-none-eabi/8.3.1/../../../../arm-none-eabi/lib/thumb/v7e-m+fp/hard/libcr_c.a(_writebuf.o)
                              /usr/local/mcuxpressoide-11.1.1_3241/ide/plugins/com.nxp.mcuxpresso.tools.linux_11.1.0.202001081728/tools/bin/../lib/gcc/arm-none-eabi/8.3.1/../../../../arm-none-eabi/lib/thumb/v7e-m+fp/hard/libcr_c.a(_deferredlazyseek.o) (_Cwritebuf)
[...]
Memory Configuration

Name             Origin             Length             Attributes
PROGRAM_FLASH    0x0000000000000000 0x0000000000100000 xr
SRAM_UPPER       0x0000000020000000 0x0000000000030000 xrw
SRAM_LOWER       0x000000001fff0000 0x0000000000010000 xrw
FLEX_RAM         0x0000000014000000 0x0000000000001000 xrw
*default*        0x0000000000000000 0xffffffffffffffff

Linker script and memory map

LOAD ./utilities/fsl_debug_console.o
LOAD ./utilities/fsl_str.o
LOAD ./startup/startup_mk64f12.o
LOAD ./source/Delays.o
LOAD ./source/FXOS8700CQ.o
LOAD ./source/MPU6050.o
LOAD ./source/PIDcontroller.o
LOAD ./source/PWM_functions.o
LOAD ./source/Quadcopter.o
LOAD ./source/RGB_LEDS.o
LOAD ./source/semihost_hardfault.o
LOAD ./drivers/fsl_adc16.o
LOAD ./drivers/fsl_clock.o
LOAD ./drivers/fsl_cmp.o
LOAD ./drivers/fsl_cmt.o
LOAD ./drivers/fsl_common.o
LOAD ./drivers/fsl_crc.o
LOAD ./drivers/fsl_dac.o
LOAD ./drivers/fsl_dmamux.o
LOAD ./drivers/fsl_dspi.o
LOAD ./drivers/fsl_dspi_edma.o
LOAD ./drivers/fsl_edma.o
LOAD ./drivers/fsl_enet.o
LOAD ./drivers/fsl_ewm.o
LOAD ./drivers/fsl_flexbus.o
LOAD ./drivers/fsl_flexcan.o
LOAD ./drivers/fsl_ftfx_cache.o
LOAD ./drivers/fsl_ftfx_controller.o
LOAD ./drivers/fsl_ftfx_flash.o
LOAD ./drivers/fsl_ftfx_flexnvm.o
LOAD ./drivers/fsl_ftm.o
LOAD ./drivers/fsl_gpio.o
LOAD ./drivers/fsl_i2c.o
LOAD ./drivers/fsl_i2c_edma.o
LOAD ./drivers/fsl_llwu.o
LOAD ./drivers/fsl_lptmr.o
LOAD ./drivers/fsl_pdb.o
LOAD ./drivers/fsl_pit.o
LOAD ./drivers/fsl_pmc.o
LOAD ./drivers/fsl_rcm.o
LOAD ./drivers/fsl_rnga.o
LOAD ./drivers/fsl_rtc.o
LOAD ./drivers/fsl_sai.o
LOAD ./drivers/fsl_sai_edma.o
LOAD ./drivers/fsl_sdhc.o
LOAD ./drivers/fsl_sim.o
LOAD ./drivers/fsl_smc.o
LOAD ./drivers/fsl_sysmpu.o
LOAD ./drivers/fsl_uart.o
LOAD ./drivers/fsl_uart_edma.o
LOAD ./drivers/fsl_vref.o
LOAD ./drivers/fsl_wdog.o
LOAD ./device/system_MK64F12.o
LOAD ./component/uart/uart_adapter.o
LOAD ./component/serial_manager/serial_manager.o
LOAD ./component/serial_manager/serial_port_uart.o
LOAD ./component/lists/generic_list.o
LOAD ./board/board.o
LOAD ./board/clock_config.o
LOAD ./board/peripherals.o
LOAD ./board/pin_mux.o
START GROUP
LOAD /usr/local/mcuxpressoide-11.1.1_3241/ide/plugins/com.nxp.mcuxpresso.tools.linux_11.1.0.202001081728/tools/bin/../lib/gcc/arm-none-eabi/8.3.1/../../../../arm-none-eabi/lib/thumb/v7e-m+fp/hard/libcr_semihost_nf.a
LOAD /usr/local/mcuxpressoide-11.1.1_3241/ide/plugins/com.nxp.mcuxpresso.tools.linux_11.1.0.202001081728/tools/bin/../lib/gcc/arm-none-eabi/8.3.1/../../../../arm-none-eabi/lib/thumb/v7e-m+fp/hard/libcr_c.a
LOAD /usr/local/mcuxpressoide-11.1.1_3241/ide/plugins/com.nxp.mcuxpresso.tools.linux_11.1.0.202001081728/tools/bin/../lib/gcc/arm-none-eabi/8.3.1/thumb/v7e-m+fp/hard/libcr_eabihelpers.a
LOAD /usr/local/mcuxpressoide-11.1.1_3241/ide/plugins/com.nxp.mcuxpresso.tools.linux_11.1.0.202001081728/tools/bin/../lib/gcc/arm-none-eabi/8.3.1/thumb/v7e-m+fp/hard/libgcc.a
END GROUP
                0x0000000000000000                __base_PROGRAM_FLASH = 0x0
                0x0000000000000000                __base_Flash = 0x0
                0x0000000000100000                __top_PROGRAM_FLASH = 0x100000
                0x0000000000100000                __top_Flash = 0x100000
                0x0000000020000000                __base_SRAM_UPPER = 0x20000000
                0x0000000020000000                __base_RAM = 0x20000000
                0x0000000020030000                __top_SRAM_UPPER = 0x20030000
                0x0000000020030000                __top_RAM = 0x20030000
                0x000000001fff0000                __base_SRAM_LOWER = 0x1fff0000
                0x000000001fff0000                __base_RAM2 = 0x1fff0000
                0x0000000020000000                __top_SRAM_LOWER = 0x20000000
                0x0000000020000000                __top_RAM2 = 0x20000000
                0x0000000014000000                __base_FLEX_RAM = 0x14000000
                0x0000000014000000                __base_RAM3 = 0x14000000
                0x0000000014001000                __top_FLEX_RAM = 0x14001000
                0x0000000014001000                __top_RAM3 = 0x14001000

.text           0x0000000000000000     0x90d0
 FILL mask 0xff
                0x0000000000000000                __vectors_start__ = ABSOLUTE (.)
 *(SORT_BY_ALIGNMENT(.isr_vector))
 .isr_vector    0x0000000000000000      0x198 ./startup/startup_mk64f12.o
                0x0000000000000000                __Vectors
                0x0000000000000000                g_pfnVectors
                0x0000000000000198                . = ALIGN (0x4)
                0x0000000000000198                __section_table_start = .
                0x0000000000000198                __data_section_table = .
                0x0000000000000198        0x4 LONG 0x90d0 LOADADDR (.data)
                0x000000000000019c        0x4 LONG 0x20000000 ADDR (.data)
                0x00000000000001a0        0x4 LONG 0x40 SIZEOF (.data)
                0x00000000000001a4        0x4 LONG 0x90d0 LOADADDR (.data_RAM2)
                0x00000000000001a8        0x4 LONG 0x1fff0000 ADDR (.data_RAM2)
                0x00000000000001ac        0x4 LONG 0x0 SIZEOF (.data_RAM2)
                0x00000000000001b0        0x4 LONG 0x90d0 LOADADDR (.data_RAM3)
                0x00000000000001b4        0x4 LONG 0x14000000 ADDR (.data_RAM3)
                0x00000000000001b8        0x4 LONG 0x0 SIZEOF (.data_RAM3)
                0x00000000000001bc                __data_section_table_end = .
                0x00000000000001bc                __bss_section_table = .
                0x00000000000001bc        0x4 LONG 0x20000040 ADDR (.bss)
                0x00000000000001c0        0x4 LONG 0x270 SIZEOF (.bss)
                0x00000000000001c4        0x4 LONG 0x1fff0000 ADDR (.bss_RAM2)
                0x00000000000001c8        0x4 LONG 0x0 SIZEOF (.bss_RAM2)
                0x00000000000001cc        0x4 LONG 0x14000000 ADDR (.bss_RAM3)
                0x00000000000001d0        0x4 LONG 0x0 SIZEOF (.bss_RAM3)
                0x00000000000001d4                __bss_section_table_end = .
                0x00000000000001d4                __section_table_end = .
 *(SORT_BY_ALIGNMENT(.after_vectors*))
 .after_vectors.reset
                0x00000000000001d4       0x4c ./startup/startup_mk64f12.o
                0x00000000000001d4                ResetISR
 .after_vectors.init_data
                0x0000000000000220       0x1e ./startup/startup_mk64f12.o
                0x0000000000000220                data_init
 .after_vectors.init_bss
                0x000000000000023e       0x12 ./startup/startup_mk64f12.o
                0x000000000000023e                bss_init
 .after_vectors
                0x0000000000000250       0x14 ./startup/startup_mk64f12.o
                0x0000000000000250                NMI_Handler
                0x0000000000000254                MemManage_Handler
                0x0000000000000256                BusFault_Handler
                0x0000000000000258                UsageFault_Handler
                0x000000000000025a                SVC_Handler
                0x000000000000025c                DebugMon_Handler
                0x000000000000025e                PendSV_Handler
                0x0000000000000262                PORTB_DriverIRQHandler
                0x0000000000000262                LPTMR0_DriverIRQHandler
                0x0000000000000262                DMA_Error_DriverIRQHandler
                0x0000000000000262                FTM1_DriverIRQHandler
                0x0000000000000262                FTM2_DriverIRQHandler
                0x0000000000000262                PIT2_DriverIRQHandler
                0x0000000000000262                RTC_Seconds_DriverIRQHandler
                0x0000000000000262                LLWU_DriverIRQHandler
                0x0000000000000262                MCM_DriverIRQHandler
                0x0000000000000262                MCG_DriverIRQHandler
                0x0000000000000262                ENET_1588_Timer_DriverIRQHandler
                0x0000000000000262                DAC1_DriverIRQHandler
                0x0000000000000262                CMP1_DriverIRQHandler
                0x0000000000000262                FTM0_DriverIRQHandler
                0x0000000000000262                IntDefaultHandler
                0x0000000000000262                USB0_DriverIRQHandler
                0x0000000000000262                UART5_ERR_DriverIRQHandler
                0x0000000000000262                PORTC_DriverIRQHandler
                0x0000000000000262                DAC0_DriverIRQHandler
                0x0000000000000262                CMP2_DriverIRQHandler
                0x0000000000000262                UART2_ERR_DriverIRQHandler
                0x0000000000000262                LVD_LVW_DriverIRQHandler
                0x0000000000000262                PIT0_DriverIRQHandler
                0x0000000000000262                RNG_DriverIRQHandler
                0x0000000000000262                USBDCD_DriverIRQHandler
                0x0000000000000262                UART3_ERR_DriverIRQHandler
                0x0000000000000262                UART0_ERR_DriverIRQHandler
                0x0000000000000262                CMT_DriverIRQHandler
                0x0000000000000262                Reserved71_DriverIRQHandler
                0x0000000000000262                ADC1_DriverIRQHandler
                0x0000000000000262                PORTA_DriverIRQHandler
                0x0000000000000262                PIT3_DriverIRQHandler
                0x0000000000000262                PIT1_DriverIRQHandler
                0x0000000000000262                WDOG_EWM_DriverIRQHandler
                0x0000000000000262                PDB0_DriverIRQHandler
                0x0000000000000262                RTC_DriverIRQHandler
                0x0000000000000262                Read_Collision_DriverIRQHandler
                0x0000000000000262                SWI_DriverIRQHandler
                0x0000000000000262                UART4_ERR_DriverIRQHandler
                0x0000000000000262                UART0_LON_DriverIRQHandler
                0x0000000000000262                ENET_Receive_DriverIRQHandler
                0x0000000000000262                ENET_Error_DriverIRQHandler
                0x0000000000000262                ADC0_DriverIRQHandler
                0x0000000000000262                CMP0_DriverIRQHandler
                0x0000000000000262                FTM3_DriverIRQHandler
                0x0000000000000262                UART1_ERR_DriverIRQHandler
                0x0000000000000262                ENET_Transmit_DriverIRQHandler
                0x0000000000000262                PORTD_DriverIRQHandler
                0x0000000000000262                PORTE_DriverIRQHandler
                0x0000000000000262                FTFE_DriverIRQHandler
                0x0000000000000400                . = 0x400
 *fill*         0x0000000000000264      0x19c ff
                0x0000000000000400                PROVIDE (__FLASH_CONFIG_START__ = .)
 *(SORT_BY_ALIGNMENT(.FlashConfig))
 .FlashConfig   0x0000000000000400       0x10 ./startup/startup_mk64f12.o
                0x0000000000000400                Flash_Config
                0x0000000000000410                PROVIDE (__FLASH_CONFIG_END__ = .)
                0x0000000000000001                ASSERT (! ((__FLASH_CONFIG_START__ == __FLASH_CONFIG_END__)), Linker Flash Config Support Enabled, but no .FlashConfig section provided within application)
 *(SORT_BY_ALIGNMENT(.text*))
 .text.MPU6050_GetAngularVelocity
                0x0000000000000410      0x11c ./source/MPU6050.o
                0x0000000000000410                MPU6050_GetAngularVelocity
 *fill*         0x000000000000052c        0x4 ff
 .text.MPU6050_GetXAngle
                0x0000000000000530       0xec ./source/MPU6050.o
                0x0000000000000530                MPU6050_GetXAngle
 *fill*         0x000000000000061c        0x4 ff
 .text.MPU6050_GetYAngle
                0x0000000000000620       0xec ./source/MPU6050.o
                0x0000000000000620                MPU6050_GetYAngle
 *fill*         0x000000000000070c        0x4 ff
 .text.MPU6050_ComplementaryFilterAngles
                0x0000000000000710      0x100 ./source/MPU6050.o
                0x0000000000000710                MPU6050_ComplementaryFilterAngles
 .text.getRollPID
                0x0000000000000810       0xf8 ./source/PIDcontroller.o
                0x0000000000000810                getRollPID
 .text.main     0x0000000000000908      0x348 ./source/Quadcopter.o
                0x0000000000000908                main
 .text.powf     0x0000000000000c50      0x2d4 /usr/local/mcuxpressoide-11.1.1_3241/ide/plugins/com.nxp.mcuxpresso.tools.linux_11.1.0.202001081728/tools/bin/../lib/gcc/arm-none-eabi/8.3.1/../../../../arm-none-eabi/lib/thumb/v7e-m+fp/hard/libcr_c.a(powf.o)
                0x0000000000000c50                powf
 *fill*         0x0000000000000f24        0x4 ff
 .text.fp_display
                0x0000000000000f28      0x964 /usr/local/mcuxpressoide-11.1.1_3241/ide/plugins/com.nxp.mcuxpresso.tools.linux_11.1.0.202001081728/tools/bin/../lib/gcc/arm-none-eabi/8.3.1/../../../../arm-none-eabi/lib/thumb/v7e-m+fp/hard/libcr_c.a(fpprintf.o)
 *fill*         0x000000000000188c        0x4 ff
 .text._frexpl  0x0000000000001890       0x68 /usr/local/mcuxpressoide-11.1.1_3241/ide/plugins/com.nxp.mcuxpresso.tools.linux_11.1.0.202001081728/tools/bin/../lib/gcc/arm-none-eabi/8.3.1/../../../../arm-none-eabi/lib/thumb/v7e-m+fp/hard/libcr_c.a(_frexpl.o)
                0x0000000000001890                _frexpl
 .text._ldexpl  0x00000000000018f8       0x5c /usr/local/mcuxpressoide-11.1.1_3241/ide/plugins/com.nxp.mcuxpresso.tools.linux_11.1.0.202001081728/tools/bin/../lib/gcc/arm-none-eabi/8.3.1/../../../../arm-none-eabi/lib/thumb/v7e-m+fp/hard/libcr_c.a(_ldexpl.o)
                0x00000000000018f8                _ldexpl
 .text.__NVIC_SetPriority
                0x0000000000001954       0x54 ./source/Delays.o
 .text.SysTick_Config
                0x00000000000019a8       0x44 ./source/Delays.o
 .text.SysTick_Handler
                0x00000000000019ec       0x24 ./source/Delays.o
                0x00000000000019ec                SysTick_Handler
 .text.SysTick_DelayTicks
                0x0000000000001a10       0x28 ./source/Delays.o
                0x0000000000001a10                SysTick_DelayTicks
 .text.SysTick_init
                0x0000000000001a38       0x2c ./source/Delays.o
                0x0000000000001a38                SysTick_init
 .text.MPU6050_Init
                0x0000000000001a64       0x20 ./source/MPU6050.o
                0x0000000000001a64                MPU6050_Init
 .text.MPU6050_i2c_master_callback
                0x0000000000001a84       0x48 ./source/MPU6050.o
                0x0000000000001a84                MPU6050_i2c_master_callback
 .text.MPU6050_ReadSensorWhoAmI
                0x0000000000001acc      0x10c ./source/MPU6050.o
                0x0000000000001acc                MPU6050_ReadSensorWhoAmI
 .text.MPU6050_Configure_Device
                0x0000000000001bd8       0x6c ./source/MPU6050.o
                0x0000000000001bd8                MPU6050_Configure_Device
 .text.MPU6050_WriteAccelReg
                0x0000000000001c44       0xa8 ./source/MPU6050.o
                0x0000000000001c44                MPU6050_WriteAccelReg
 .text.MPU6050_ReadAccelRegs
                0x0000000000001cec       0xa0 ./source/MPU6050.o
                0x0000000000001cec                MPU6050_ReadAccelRegs
 .text.MPU6050_Read_Accel_Data
                0x0000000000001d8c       0x68 ./source/MPU6050.o
                0x0000000000001d8c                MPU6050_Read_Accel_Data
 .text.MPU6050_Read_Gyro_Data
                0x0000000000001df4       0x68 ./source/MPU6050.o
                0x0000000000001df4                MPU6050_Read_Gyro_Data
 .text.getPitchPID
                0x0000000000001e5c       0xa8 ./source/PIDcontroller.o
                0x0000000000001e5c                getPitchPID
 .text.FTM0_init
                0x0000000000001f04       0xb8 ./source/PWM_functions.o
                0x0000000000001f04                FTM0_init
 .text.LPTMR_SetTimerPeriod
                0x0000000000001fbc       0x2c ./source/Quadcopter.o
 .text.roll_FIRfilt
                0x0000000000001fe8       0xb0 ./source/Quadcopter.o
                0x0000000000001fe8                roll_FIRfilt
 .text.pitch_FIRfilt
                0x0000000000002098       0xb0 ./source/Quadcopter.o
                0x0000000000002098                pitch_FIRfilt
 .text.UART_UserCallback
                0x0000000000002148       0x50 ./source/Quadcopter.o
                0x0000000000002148                UART_UserCallback
 .text.get_J_and_T
                0x0000000000002198       0xc0 ./source/Quadcopter.o
                0x0000000000002198                get_J_and_T
 .text.MotorUpdate
                0x0000000000002258       0xb4 ./source/Quadcopter.o
                0x0000000000002258                MotorUpdate
 .text.RGB_LED_init
                0x000000000000230c       0x64 ./source/RGB_LEDS.o
                0x000000000000230c                RGB_LED_init
 .text.RedLEDon
                0x0000000000002370       0x18 ./source/RGB_LEDS.o
                0x0000000000002370                RedLEDon
 .text.RedLEDoff
                0x0000000000002388       0x18 ./source/RGB_LEDS.o
                0x0000000000002388                RedLEDoff
 .text.GreenLEDon
                0x00000000000023a0       0x18 ./source/RGB_LEDS.o
                0x00000000000023a0                GreenLEDon
 .text.GreenLEDoff
                0x00000000000023b8       0x18 ./source/RGB_LEDS.o
                0x00000000000023b8                GreenLEDoff
 .text.BlueLEDon
                0x00000000000023d0       0x18 ./source/RGB_LEDS.o
                0x00000000000023d0                BlueLEDon
 .text.BlueLEDoff
                0x00000000000023e8       0x18 ./source/RGB_LEDS.o
                0x00000000000023e8                BlueLEDoff
 .text.CLOCK_SetEr32kClock
                0x0000000000002400       0x30 ./drivers/fsl_clock.o
 .text.CLOCK_SetPllFllSelClock
                0x0000000000002430       0x3c ./drivers/fsl_clock.o
 .text.CLOCK_GetMcgExtClkFreq
                0x000000000000246c       0x78 ./drivers/fsl_clock.o
 .text.CLOCK_GetFllExtRefClkFreq
                0x00000000000024e4       0xc4 ./drivers/fsl_clock.o
 .text.CLOCK_GetInternalRefClkSelectFreq
                0x00000000000025a8       0x4c ./drivers/fsl_clock.o
 .text.CLOCK_GetFllRefClkFreq
                0x00000000000025f4       0x34 ./drivers/fsl_clock.o
 .text.CLOCK_GetOscRangeFromFreq
                0x0000000000002628       0x3c ./drivers/fsl_clock.o
 .text.CLOCK_GetOsc0ErClkFreq
                0x0000000000002664       0x44 ./drivers/fsl_clock.o
                0x0000000000002664                CLOCK_GetOsc0ErClkFreq
 .text.CLOCK_GetEr32kClkFreq
                0x00000000000026a8       0x70 ./drivers/fsl_clock.o
                0x00000000000026a8                CLOCK_GetEr32kClkFreq
 .text.CLOCK_GetPllFllSelClkFreq
                0x0000000000002718       0x54 ./drivers/fsl_clock.o
                0x0000000000002718                CLOCK_GetPllFllSelClkFreq
 .text.CLOCK_GetFreq
                0x000000000000276c      0x148 ./drivers/fsl_clock.o
                0x000000000000276c                CLOCK_GetFreq
 .text.CLOCK_SetSimConfig
                0x00000000000028b4       0x38 ./drivers/fsl_clock.o
                0x00000000000028b4                CLOCK_SetSimConfig
 .text.CLOCK_EnableUsbfs0Clock
                0x00000000000028ec      0x108 ./drivers/fsl_clock.o
                0x00000000000028ec                CLOCK_EnableUsbfs0Clock
 .text.CLOCK_GetOutClkFreq
                0x00000000000029f4       0x64 ./drivers/fsl_clock.o
                0x00000000000029f4                CLOCK_GetOutClkFreq
 .text.CLOCK_GetFllFreq
                0x0000000000002a58       0x84 ./drivers/fsl_clock.o
                0x0000000000002a58                CLOCK_GetFllFreq
 .text.CLOCK_GetInternalRefClkFreq
                0x0000000000002adc       0x30 ./drivers/fsl_clock.o
                0x0000000000002adc                CLOCK_GetInternalRefClkFreq
 .text.CLOCK_GetPll0Freq
                0x0000000000002b0c       0x78 ./drivers/fsl_clock.o
                0x0000000000002b0c                CLOCK_GetPll0Freq
 .text.CLOCK_SetExternalRefClkConfig
                0x0000000000002b84       0x6c ./drivers/fsl_clock.o
                0x0000000000002b84                CLOCK_SetExternalRefClkConfig
 .text.CLOCK_SetInternalRefClkConfig
                0x0000000000002bf0      0x104 ./drivers/fsl_clock.o
                0x0000000000002bf0                CLOCK_SetInternalRefClkConfig
 .text.CLOCK_EnablePll0
                0x0000000000002cf4       0x84 ./drivers/fsl_clock.o
                0x0000000000002cf4                CLOCK_EnablePll0
 .text.CLOCK_InitOsc0
                0x0000000000002d78       0x8c ./drivers/fsl_clock.o
                0x0000000000002d78                CLOCK_InitOsc0
 .text.CLOCK_SetPbeMode
                0x0000000000002e04       0xa8 ./drivers/fsl_clock.o
                0x0000000000002e04                CLOCK_SetPbeMode
 .text.CLOCK_BootToPeeMode
                0x0000000000002eac       0x64 ./drivers/fsl_clock.o
                0x0000000000002eac                CLOCK_BootToPeeMode
 .text.DSPI_CommonIRQHandler
                0x0000000000002f10       0x40 ./drivers/fsl_dspi.o
 .text.SPI0_DriverIRQHandler
                0x0000000000002f50       0x30 ./drivers/fsl_dspi.o
                0x0000000000002f50                SPI0_DriverIRQHandler
 .text.SPI1_DriverIRQHandler
                0x0000000000002f80       0x30 ./drivers/fsl_dspi.o
                0x0000000000002f80                SPI1_DriverIRQHandler
 .text.SPI2_DriverIRQHandler
                0x0000000000002fb0       0x30 ./drivers/fsl_dspi.o
                0x0000000000002fb0                SPI2_DriverIRQHandler
 .text.EDMA_HandleIRQ
                0x0000000000002fe0      0x160 ./drivers/fsl_edma.o
                0x0000000000002fe0                EDMA_HandleIRQ
 .text.DMA0_DriverIRQHandler
                0x0000000000003140       0x1c ./drivers/fsl_edma.o
                0x0000000000003140                DMA0_DriverIRQHandler
 .text.DMA1_DriverIRQHandler
                0x000000000000315c       0x1c ./drivers/fsl_edma.o
                0x000000000000315c                DMA1_DriverIRQHandler
 .text.DMA2_DriverIRQHandler
                0x0000000000003178       0x1c ./drivers/fsl_edma.o
                0x0000000000003178                DMA2_DriverIRQHandler
 .text.DMA3_DriverIRQHandler
                0x0000000000003194       0x1c ./drivers/fsl_edma.o
                0x0000000000003194                DMA3_DriverIRQHandler
 .text.DMA4_DriverIRQHandler
                0x00000000000031b0       0x1c ./drivers/fsl_edma.o
                0x00000000000031b0                DMA4_DriverIRQHandler
 .text.DMA5_DriverIRQHandler
                0x00000000000031cc       0x1c ./drivers/fsl_edma.o
                0x00000000000031cc                DMA5_DriverIRQHandler
 .text.DMA6_DriverIRQHandler
                0x00000000000031e8       0x1c ./drivers/fsl_edma.o
                0x00000000000031e8                DMA6_DriverIRQHandler
 .text.DMA7_DriverIRQHandler
                0x0000000000003204       0x1c ./drivers/fsl_edma.o
                0x0000000000003204                DMA7_DriverIRQHandler
 .text.DMA8_DriverIRQHandler
                0x0000000000003220       0x1c ./drivers/fsl_edma.o
                0x0000000000003220                DMA8_DriverIRQHandler
 .text.DMA9_DriverIRQHandler
                0x000000000000323c       0x1c ./drivers/fsl_edma.o
                0x000000000000323c                DMA9_DriverIRQHandler
 .text.DMA10_DriverIRQHandler
                0x0000000000003258       0x1c ./drivers/fsl_edma.o
                0x0000000000003258                DMA10_DriverIRQHandler
 .text.DMA11_DriverIRQHandler
                0x0000000000003274       0x1c ./drivers/fsl_edma.o
                0x0000000000003274                DMA11_DriverIRQHandler
 .text.DMA12_DriverIRQHandler
                0x0000000000003290       0x1c ./drivers/fsl_edma.o
                0x0000000000003290                DMA12_DriverIRQHandler
 .text.DMA13_DriverIRQHandler
                0x00000000000032ac       0x1c ./drivers/fsl_edma.o
                0x00000000000032ac                DMA13_DriverIRQHandler
 .text.DMA14_DriverIRQHandler
                0x00000000000032c8       0x1c ./drivers/fsl_edma.o
                0x00000000000032c8                DMA14_DriverIRQHandler
 .text.DMA15_DriverIRQHandler
                0x00000000000032e4       0x1c ./drivers/fsl_edma.o
                0x00000000000032e4                DMA15_DriverIRQHandler
 .text.ENET_Transmit_IRQHandler
                0x0000000000003300       0x28 ./drivers/fsl_enet.o
                0x0000000000003300                ENET_Transmit_IRQHandler
 .text.ENET_Receive_IRQHandler
                0x0000000000003328       0x28 ./drivers/fsl_enet.o
                0x0000000000003328                ENET_Receive_IRQHandler
 .text.ENET_Error_IRQHandler
                0x0000000000003350       0x28 ./drivers/fsl_enet.o
                0x0000000000003350                ENET_Error_IRQHandler
 .text.ENET_1588_Timer_IRQHandler
                0x0000000000003378       0x28 ./drivers/fsl_enet.o
                0x0000000000003378                ENET_1588_Timer_IRQHandler
 .text.CAN0_DriverIRQHandler
                0x00000000000033a0       0x38 ./drivers/fsl_flexcan.o
                0x00000000000033a0                CAN0_DriverIRQHandler
 .text.FTM_GetInstance
                0x00000000000033d8       0x54 ./drivers/fsl_ftm.o
 .text.FTM_SetPwmSync
                0x000000000000342c      0x140 ./drivers/fsl_ftm.o
 .text.FTM_SetReloadPoints
                0x000000000000356c      0x138 ./drivers/fsl_ftm.o
 .text.FTM_Init
                0x00000000000036a4       0xf4 ./drivers/fsl_ftm.o
                0x00000000000036a4                FTM_Init
 .text.FTM_GetDefaultConfig
                0x0000000000003798       0x74 ./drivers/fsl_ftm.o
                0x0000000000003798                FTM_GetDefaultConfig
 .text.FTM_SetupPwm
                0x000000000000380c      0x330 ./drivers/fsl_ftm.o
                0x000000000000380c                FTM_SetupPwm
 .text.GPIO_PinInit
                0x0000000000003b3c       0x68 ./drivers/fsl_gpio.o
                0x0000000000003b3c                GPIO_PinInit
 .text.__NVIC_EnableIRQ
                0x0000000000003ba4       0x3c ./drivers/fsl_i2c.o
 .text.I2C_GetInstance
                0x0000000000003be0       0x4c ./drivers/fsl_i2c.o
                0x0000000000003be0                I2C_GetInstance
 .text.I2C_MasterTransferRunStateMachine
                0x0000000000003c2c      0x25c ./drivers/fsl_i2c.o
 .text.I2C_TransferCommonIRQHandler
                0x0000000000003e88       0x54 ./drivers/fsl_i2c.o
 .text.I2C_MasterInit
                0x0000000000003edc       0xe4 ./drivers/fsl_i2c.o
                0x0000000000003edc                I2C_MasterInit
 .text.I2C_MasterSetBaudRate
                0x0000000000003fc0       0xe8 ./drivers/fsl_i2c.o
                0x0000000000003fc0                I2C_MasterSetBaudRate
 .text.I2C_MasterTransferCreateHandle
                0x00000000000040a8       0x74 ./drivers/fsl_i2c.o
                0x00000000000040a8                I2C_MasterTransferCreateHandle
 .text.I2C_MasterTransferNonBlocking
                0x000000000000411c       0x64 ./drivers/fsl_i2c.o
                0x000000000000411c                I2C_MasterTransferNonBlocking
 .text.I2C_MasterTransferHandleIRQ
                0x0000000000004180       0xb4 ./drivers/fsl_i2c.o
                0x0000000000004180                I2C_MasterTransferHandleIRQ
 .text.I2C0_DriverIRQHandler
                0x0000000000004234       0x1c ./drivers/fsl_i2c.o
                0x0000000000004234                I2C0_DriverIRQHandler
 .text.I2C1_DriverIRQHandler
                0x0000000000004250       0x1c ./drivers/fsl_i2c.o
                0x0000000000004250                I2C1_DriverIRQHandler
 .text.I2C2_DriverIRQHandler
                0x000000000000426c       0x1c ./drivers/fsl_i2c.o
                0x000000000000426c                I2C2_DriverIRQHandler
 .text.LPTMR_GetInstance
                0x0000000000004288       0x44 ./drivers/fsl_lptmr.o
 .text.LPTMR_Init
                0x00000000000042cc       0x8c ./drivers/fsl_lptmr.o
                0x00000000000042cc                LPTMR_Init
 .text.LPTMR_GetDefaultConfig
                0x0000000000004358       0x54 ./drivers/fsl_lptmr.o
                0x0000000000004358                LPTMR_GetDefaultConfig
 .text.I2S0_Tx_DriverIRQHandler
                0x00000000000043ac       0x38 ./drivers/fsl_sai.o
                0x00000000000043ac                I2S0_Tx_DriverIRQHandler
 .text.I2S0_Rx_DriverIRQHandler
                0x00000000000043e4       0x38 ./drivers/fsl_sai.o
                0x00000000000043e4                I2S0_Rx_DriverIRQHandler
 .text.SDHC_DriverIRQHandler
                0x000000000000441c       0x38 ./drivers/fsl_sdhc.o
                0x000000000000441c                SDHC_DriverIRQHandler
 .text.__NVIC_EnableIRQ
                0x0000000000004454       0x3c ./drivers/fsl_uart.o
 .text.UART_GetInstance
                0x0000000000004490       0x54 ./drivers/fsl_uart.o
                0x0000000000004490                UART_GetInstance
 .text.UART_TransferGetRxRingBufferLength
                0x00000000000044e4       0x50 ./drivers/fsl_uart.o
                0x00000000000044e4                UART_TransferGetRxRingBufferLength
 .text.UART_TransferIsRxRingBufferFull
                0x0000000000004534       0x40 ./drivers/fsl_uart.o
 .text.UART_Init
                0x0000000000004574      0x2f4 ./drivers/fsl_uart.o
                0x0000000000004574                UART_Init
 .text.UART_GetDefaultConfig
                0x0000000000004868       0x68 ./drivers/fsl_uart.o
                0x0000000000004868                UART_GetDefaultConfig
 .text.UART_EnableInterrupts
                0x00000000000048d0       0x70 ./drivers/fsl_uart.o
                0x00000000000048d0                UART_EnableInterrupts
 .text.UART_DisableInterrupts
                0x0000000000004940       0x90 ./drivers/fsl_uart.o
                0x0000000000004940                UART_DisableInterrupts
 .text.UART_WriteNonBlocking
                0x00000000000049d0       0x44 ./drivers/fsl_uart.o
 .text.UART_ReadNonBlocking
                0x0000000000004a14       0x48 ./drivers/fsl_uart.o
 .text.UART_TransferCreateHandle
                0x0000000000004a5c       0x84 ./drivers/fsl_uart.o
                0x0000000000004a5c                UART_TransferCreateHandle
 .text.UART_TransferStartRingBuffer
                0x0000000000004ae0       0x74 ./drivers/fsl_uart.o
                0x0000000000004ae0                UART_TransferStartRingBuffer
 .text.UART_TransferReceiveNonBlocking
                0x0000000000004b54      0x1b0 ./drivers/fsl_uart.o
                0x0000000000004b54                UART_TransferReceiveNonBlocking
 .text.UART_TransferHandleIRQ
                0x0000000000004d04      0x540 ./drivers/fsl_uart.o
                0x0000000000004d04                UART_TransferHandleIRQ
 .text.UART0_DriverIRQHandler
                0x0000000000005244       0x28 ./drivers/fsl_uart.o
                0x0000000000005244                UART0_DriverIRQHandler
 .text.UART1_DriverIRQHandler
                0x000000000000526c       0x28 ./drivers/fsl_uart.o
                0x000000000000526c                UART1_DriverIRQHandler
 .text.UART2_DriverIRQHandler
                0x0000000000005294       0x28 ./drivers/fsl_uart.o
                0x0000000000005294                UART2_DriverIRQHandler
 .text.UART3_DriverIRQHandler
                0x00000000000052bc       0x28 ./drivers/fsl_uart.o
                0x00000000000052bc                UART3_DriverIRQHandler
 .text.UART4_DriverIRQHandler
                0x00000000000052e4       0x28 ./drivers/fsl_uart.o
                0x00000000000052e4                UART4_DriverIRQHandler
 .text.UART5_DriverIRQHandler
                0x000000000000530c       0x28 ./drivers/fsl_uart.o
                0x000000000000530c                UART5_DriverIRQHandler
 .text.SystemInit
                0x0000000000005334       0x3c ./device/system_MK64F12.o
                0x0000000000005334                SystemInit
 .text.CLOCK_SetSdhc0Clock
                0x0000000000005370       0x3c ./board/clock_config.o
 .text.CLOCK_SetEnetTime0Clock
                0x00000000000053ac       0x3c ./board/clock_config.o
 .text.CLOCK_SetRmii0Clock
                0x00000000000053e8       0x3c ./board/clock_config.o
 .text.CLOCK_SetTraceClock
                0x0000000000005424       0x3c ./board/clock_config.o
 .text.CLOCK_SetClkOutClock
                0x0000000000005460       0x38 ./board/clock_config.o
 .text.CLOCK_SetSimSafeDivs
                0x0000000000005498       0x20 ./board/clock_config.o
 .text.CLOCK_SetXtal0Freq
                0x00000000000054b8       0x20 ./board/clock_config.o
 .text.CLOCK_CONFIG_SetFllExtRefDiv
                0x00000000000054d8       0x3c ./board/clock_config.o
 .text.BOARD_BootClockRUN
                0x0000000000005514       0x88 ./board/clock_config.o
                0x0000000000005514                BOARD_BootClockRUN
 .text.I2C0_init
                0x000000000000559c       0x24 ./board/peripherals.o
                0x000000000000559c                I2C0_init
 .text.I2C1_init
                0x00000000000055c0       0x24 ./board/peripherals.o
                0x00000000000055c0                I2C1_init
 .text.BOARD_InitPins
                0x00000000000055e4      0x14c ./board/pin_mux.o
                0x00000000000055e4                BOARD_InitPins
 .text.__assertion_failed
                0x0000000000005730       0x4c /usr/local/mcuxpressoide-11.1.1_3241/ide/plugins/com.nxp.mcuxpresso.tools.linux_11.1.0.202001081728/tools/bin/../lib/gcc/arm-none-eabi/8.3.1/../../../../arm-none-eabi/lib/thumb/v7e-m+fp/hard/libcr_semihost_nf.a(_cr_assert.o)
                0x0000000000005730                __assertion_failed
 .text.__sys_appexit
                0x000000000000577c        0xc /usr/local/mcuxpressoide-11.1.1_3241/ide/plugins/com.nxp.mcuxpresso.tools.linux_11.1.0.202001081728/tools/bin/../lib/gcc/arm-none-eabi/8.3.1/../../../../arm-none-eabi/lib/thumb/v7e-m+fp/hard/libcr_semihost_nf.a(__sys_appexit.o)
                0x000000000000577c                __exit
                0x000000000000577c                __sys_appexit
 .text.atanf    0x0000000000005788       0xf0 /usr/local/mcuxpressoide-11.1.1_3241/ide/plugins/com.nxp.mcuxpresso.tools.linux_11.1.0.202001081728/tools/bin/../lib/gcc/arm-none-eabi/8.3.1/../../../../arm-none-eabi/lib/thumb/v7e-m+fp/hard/libcr_c.a(atanf.o)
                0x0000000000005788                atanf
 .text._Cwritebuf
                0x0000000000005878       0x6c /usr/local/mcuxpressoide-11.1.1_3241/ide/plugins/com.nxp.mcuxpresso.tools.linux_11.1.0.202001081728/tools/bin/../lib/gcc/arm-none-eabi/8.3.1/../../../../arm-none-eabi/lib/thumb/v7e-m+fp/hard/libcr_c.a(_writebuf.o)
                0x0000000000005878                _Cwritebuf
 .text.malloc   0x00000000000058e4       0xc8 /usr/local/mcuxpressoide-11.1.1_3241/ide/plugins/com.nxp.mcuxpresso.tools.linux_11.1.0.202001081728/tools/bin/../lib/gcc/arm-none-eabi/8.3.1/../../../../arm-none-eabi/lib/thumb/v7e-m+fp/hard/libcr_c.a(alloc.o)
                0x00000000000058e4                malloc
 .text._Csys_alloc
                0x00000000000059ac       0x20 /usr/local/mcuxpressoide-11.1.1_3241/ide/plugins/com.nxp.mcuxpresso.tools.linux_11.1.0.202001081728/tools/bin/../lib/gcc/arm-none-eabi/8.3.1/../../../../arm-none-eabi/lib/thumb/v7e-m+fp/hard/libcr_c.a(alloc.o)
                0x00000000000059ac                _Csys_alloc
 .text.sprintf  0x00000000000059cc       0x6c /usr/local/mcuxpressoide-11.1.1_3241/ide/plugins/com.nxp.mcuxpresso.tools.linux_11.1.0.202001081728/tools/bin/../lib/gcc/arm-none-eabi/8.3.1/../../../../arm-none-eabi/lib/thumb/v7e-m+fp/hard/libcr_c.a(fpprintf.o)
                0x00000000000059cc                sprintf
 .text.vsnprintf
                0x0000000000005a38       0x68 /usr/local/mcuxpressoide-11.1.1_3241/ide/plugins/com.nxp.mcuxpresso.tools.linux_11.1.0.202001081728/tools/bin/../lib/gcc/arm-none-eabi/8.3.1/../../../../arm-none-eabi/lib/thumb/v7e-m+fp/hard/libcr_c.a(fpprintf.o)
                0x0000000000005a38                vsnprintf
 .text.printf   0x0000000000005aa0       0x54 /usr/local/mcuxpressoide-11.1.1_3241/ide/plugins/com.nxp.mcuxpresso.tools.linux_11.1.0.202001081728/tools/bin/../lib/gcc/arm-none-eabi/8.3.1/../../../../arm-none-eabi/lib/thumb/v7e-m+fp/hard/libcr_c.a(fpprintf.o)
                0x0000000000005aa0                printf
 .text.fseek    0x0000000000005af4      0x100 /usr/local/mcuxpressoide-11.1.1_3241/ide/plugins/com.nxp.mcuxpresso.tools.linux_11.1.0.202001081728/tools/bin/../lib/gcc/arm-none-eabi/8.3.1/../../../../arm-none-eabi/lib/thumb/v7e-m+fp/hard/libcr_c.a(fseek.o)
                0x0000000000005af4                fseek
 .text.ftell    0x0000000000005bf4       0x48 /usr/local/mcuxpressoide-11.1.1_3241/ide/plugins/com.nxp.mcuxpresso.tools.linux_11.1.0.202001081728/tools/bin/../lib/gcc/arm-none-eabi/8.3.1/../../../../arm-none-eabi/lib/thumb/v7e-m+fp/hard/libcr_c.a(ftell.o)
                0x0000000000005bf4                ftell
 .text._initio  0x0000000000005c3c       0x78 /usr/local/mcuxpressoide-11.1.1_3241/ide/plugins/com.nxp.mcuxpresso.tools.linux_11.1.0.202001081728/tools/bin/../lib/gcc/arm-none-eabi/8.3.1/../../../../arm-none-eabi/lib/thumb/v7e-m+fp/hard/libcr_c.a(initio.o)
                0x0000000000005c3c                _initio
 .text.__vfprintf
                0x0000000000005cb4      0xbe0 /usr/local/mcuxpressoide-11.1.1_3241/ide/plugins/com.nxp.mcuxpresso.tools.linux_11.1.0.202001081728/tools/bin/../lib/gcc/arm-none-eabi/8.3.1/../../../../arm-none-eabi/lib/thumb/v7e-m+fp/hard/libcr_c.a(printf.o)
                0x0000000000005cb4                __vfprintf
 .text.setvbuf  0x0000000000006894       0x40 /usr/local/mcuxpressoide-11.1.1_3241/ide/plugins/com.nxp.mcuxpresso.tools.linux_11.1.0.202001081728/tools/bin/../lib/gcc/arm-none-eabi/8.3.1/../../../../arm-none-eabi/lib/thumb/v7e-m+fp/hard/libcr_c.a(setvbuf.o)
                0x0000000000006894                setvbuf
 .text.frexpf   0x00000000000068d4       0x54 /usr/local/mcuxpressoide-11.1.1_3241/ide/plugins/com.nxp.mcuxpresso.tools.linux_11.1.0.202001081728/tools/bin/../lib/gcc/arm-none-eabi/8.3.1/../../../../arm-none-eabi/lib/thumb/v7e-m+fp/hard/libcr_c.a(frexpf.o)
                0x00000000000068d4                frexpf
 .text.ldexpf   0x0000000000006928       0x40 /usr/local/mcuxpressoide-11.1.1_3241/ide/plugins/com.nxp.mcuxpresso.tools.linux_11.1.0.202001081728/tools/bin/../lib/gcc/arm-none-eabi/8.3.1/../../../../arm-none-eabi/lib/thumb/v7e-m+fp/hard/libcr_c.a(ldexpf.o)
                0x0000000000006928                ldexpf
 .text._sbrk    0x0000000000006968       0x3c /usr/local/mcuxpressoide-11.1.1_3241/ide/plugins/com.nxp.mcuxpresso.tools.linux_11.1.0.202001081728/tools/bin/../lib/gcc/arm-none-eabi/8.3.1/../../../../arm-none-eabi/lib/thumb/v7e-m+fp/hard/libcr_c.a(_cr_sbrk.o)
                0x0000000000006968                _sbrk
 .text.fflush   0x00000000000069a4       0x44 /usr/local/mcuxpressoide-11.1.1_3241/ide/plugins/com.nxp.mcuxpresso.tools.linux_11.1.0.202001081728/tools/bin/../lib/gcc/arm-none-eabi/8.3.1/../../../../arm-none-eabi/lib/thumb/v7e-m+fp/hard/libcr_c.a(fflush.o)
                0x00000000000069a4                fflush
 .text.__check_heap_overflow
                0x00000000000069e8       0x18 /usr/local/mcuxpressoide-11.1.1_3241/ide/plugins/com.nxp.mcuxpresso.tools.linux_11.1.0.202001081728/tools/bin/../lib/gcc/arm-none-eabi/8.3.1/../../../../arm-none-eabi/lib/thumb/v7e-m+fp/hard/libcr_c.a(_cr_check_heap.o)
                0x00000000000069e8                __check_heap_overflow
 .text.__aeabi_dmul
                0x0000000000006a00      0x114 /usr/local/mcuxpressoide-11.1.1_3241/ide/plugins/com.nxp.mcuxpresso.tools.linux_11.1.0.202001081728/tools/bin/../lib/gcc/arm-none-eabi/8.3.1/thumb/v7e-m+fp/hard/libcr_eabihelpers.a(double.o)
                0x0000000000006a00                __aeabi_dmul
 .text.__aeabi_ddiv
                0x0000000000006b14      0x150 /usr/local/mcuxpressoide-11.1.1_3241/ide/plugins/com.nxp.mcuxpresso.tools.linux_11.1.0.202001081728/tools/bin/../lib/gcc/arm-none-eabi/8.3.1/thumb/v7e-m+fp/hard/libcr_eabihelpers.a(double.o)
                0x0000000000006b14                __aeabi_ddiv
 .text.__aeabi_dsub
                0x0000000000006c64      0x1ac /usr/local/mcuxpressoide-11.1.1_3241/ide/plugins/com.nxp.mcuxpresso.tools.linux_11.1.0.202001081728/tools/bin/../lib/gcc/arm-none-eabi/8.3.1/thumb/v7e-m+fp/hard/libcr_eabihelpers.a(double.o)
                0x0000000000006c64                __aeabi_dsub
 .text.__aeabi_dadd
                0x0000000000006e10      0x114 /usr/local/mcuxpressoide-11.1.1_3241/ide/plugins/com.nxp.mcuxpresso.tools.linux_11.1.0.202001081728/tools/bin/../lib/gcc/arm-none-eabi/8.3.1/thumb/v7e-m+fp/hard/libcr_eabihelpers.a(double.o)
                0x0000000000006e10                __aeabi_dadd
 .text.__aeabi_d2f
                0x0000000000006f24       0x50 /usr/local/mcuxpressoide-11.1.1_3241/ide/plugins/com.nxp.mcuxpresso.tools.linux_11.1.0.202001081728/tools/bin/../lib/gcc/arm-none-eabi/8.3.1/thumb/v7e-m+fp/hard/libcr_eabihelpers.a(double.o)
                0x0000000000006f24                __aeabi_d2f
 .text.__aeabi_f2d
                0x0000000000006f74       0x38 /usr/local/mcuxpressoide-11.1.1_3241/ide/plugins/com.nxp.mcuxpresso.tools.linux_11.1.0.202001081728/tools/bin/../lib/gcc/arm-none-eabi/8.3.1/thumb/v7e-m+fp/hard/libcr_eabihelpers.a(float.o)
                0x0000000000006f74                __aeabi_f2d
 .text.DMA0_IRQHandler
                0x0000000000006fac        0x8 ./startup/startup_mk64f12.o
                0x0000000000006fac                DMA0_IRQHandler
 .text.DMA1_IRQHandler
                0x0000000000006fb4        0x8 ./startup/startup_mk64f12.o
                0x0000000000006fb4                DMA1_IRQHandler
 .text.DMA2_IRQHandler
                0x0000000000006fbc        0x8 ./startup/startup_mk64f12.o
                0x0000000000006fbc                DMA2_IRQHandler
 .text.DMA3_IRQHandler
                0x0000000000006fc4        0x8 ./startup/startup_mk64f12.o
                0x0000000000006fc4                DMA3_IRQHandler
 .text.DMA4_IRQHandler
                0x0000000000006fcc        0x8 ./startup/startup_mk64f12.o
                0x0000000000006fcc                DMA4_IRQHandler
 .text.DMA5_IRQHandler
                0x0000000000006fd4        0x8 ./startup/startup_mk64f12.o
                0x0000000000006fd4                DMA5_IRQHandler
 .text.DMA6_IRQHandler
                0x0000000000006fdc        0x8 ./startup/startup_mk64f12.o
                0x0000000000006fdc                DMA6_IRQHandler
 .text.DMA7_IRQHandler
                0x0000000000006fe4        0x8 ./startup/startup_mk64f12.o
                0x0000000000006fe4                DMA7_IRQHandler
 .text.DMA8_IRQHandler
                0x0000000000006fec        0x8 ./startup/startup_mk64f12.o
                0x0000000000006fec                DMA8_IRQHandler
 .text.DMA9_IRQHandler
                0x0000000000006ff4        0x8 ./startup/startup_mk64f12.o
                0x0000000000006ff4                DMA9_IRQHandler
 .text.DMA10_IRQHandler
                0x0000000000006ffc        0x8 ./startup/startup_mk64f12.o
                0x0000000000006ffc                DMA10_IRQHandler
 .text.DMA11_IRQHandler
                0x0000000000007004        0x8 ./startup/startup_mk64f12.o
                0x0000000000007004                DMA11_IRQHandler
 .text.DMA12_IRQHandler
                0x000000000000700c        0x8 ./startup/startup_mk64f12.o
                0x000000000000700c                DMA12_IRQHandler
 .text.DMA13_IRQHandler
                0x0000000000007014        0x8 ./startup/startup_mk64f12.o
                0x0000000000007014                DMA13_IRQHandler
 .text.DMA14_IRQHandler
                0x000000000000701c        0x8 ./startup/startup_mk64f12.o
                0x000000000000701c                DMA14_IRQHandler
 .text.DMA15_IRQHandler
                0x0000000000007024        0x8 ./startup/startup_mk64f12.o
                0x0000000000007024                DMA15_IRQHandler
 .text.DMA_Error_IRQHandler
                0x000000000000702c        0x8 ./startup/startup_mk64f12.o
                0x000000000000702c                DMA_Error_IRQHandler
 .text.MCM_IRQHandler
                0x0000000000007034        0x8 ./startup/startup_mk64f12.o
                0x0000000000007034                MCM_IRQHandler
 .text.FTFE_IRQHandler
                0x000000000000703c        0x8 ./startup/startup_mk64f12.o
                0x000000000000703c                FTFE_IRQHandler
 .text.Read_Collision_IRQHandler
                0x0000000000007044        0x8 ./startup/startup_mk64f12.o
                0x0000000000007044                Read_Collision_IRQHandler
 .text.LVD_LVW_IRQHandler
                0x000000000000704c        0x8 ./startup/startup_mk64f12.o
                0x000000000000704c                LVD_LVW_IRQHandler
 .text.LLWU_IRQHandler
                0x0000000000007054        0x8 ./startup/startup_mk64f12.o
                0x0000000000007054                LLWU_IRQHandler
 .text.WDOG_EWM_IRQHandler
                0x000000000000705c        0x8 ./startup/startup_mk64f12.o
                0x000000000000705c                WDOG_EWM_IRQHandler
 .text.RNG_IRQHandler
                0x0000000000007064        0x8 ./startup/startup_mk64f12.o
                0x0000000000007064                RNG_IRQHandler
 .text.I2C0_IRQHandler
                0x000000000000706c        0x8 ./startup/startup_mk64f12.o
                0x000000000000706c                I2C0_IRQHandler
 .text.I2C1_IRQHandler
                0x0000000000007074        0x8 ./startup/startup_mk64f12.o
                0x0000000000007074                I2C1_IRQHandler
 .text.SPI0_IRQHandler
                0x000000000000707c        0x8 ./startup/startup_mk64f12.o
                0x000000000000707c                SPI0_IRQHandler
 .text.SPI1_IRQHandler
                0x0000000000007084        0x8 ./startup/startup_mk64f12.o
                0x0000000000007084                SPI1_IRQHandler
 .text.I2S0_Tx_IRQHandler
                0x000000000000708c        0x8 ./startup/startup_mk64f12.o
                0x000000000000708c                I2S0_Tx_IRQHandler
 .text.I2S0_Rx_IRQHandler
                0x0000000000007094        0x8 ./startup/startup_mk64f12.o
                0x0000000000007094                I2S0_Rx_IRQHandler
 .text.UART0_LON_IRQHandler
                0x000000000000709c        0x8 ./startup/startup_mk64f12.o
                0x000000000000709c                UART0_LON_IRQHandler
 .text.UART0_RX_TX_IRQHandler
                0x00000000000070a4        0x8 ./startup/startup_mk64f12.o
                0x00000000000070a4                UART0_RX_TX_IRQHandler
 .text.UART0_ERR_IRQHandler
                0x00000000000070ac        0x8 ./startup/startup_mk64f12.o
                0x00000000000070ac                UART0_ERR_IRQHandler
 .text.UART1_RX_TX_IRQHandler
                0x00000000000070b4        0x8 ./startup/startup_mk64f12.o
                0x00000000000070b4                UART1_RX_TX_IRQHandler
 .text.UART1_ERR_IRQHandler
                0x00000000000070bc        0x8 ./startup/startup_mk64f12.o
                0x00000000000070bc                UART1_ERR_IRQHandler
 .text.UART2_RX_TX_IRQHandler
                0x00000000000070c4        0x8 ./startup/startup_mk64f12.o
                0x00000000000070c4                UART2_RX_TX_IRQHandler
 .text.UART2_ERR_IRQHandler
                0x00000000000070cc        0x8 ./startup/startup_mk64f12.o
                0x00000000000070cc                UART2_ERR_IRQHandler
 .text.UART3_RX_TX_IRQHandler
                0x00000000000070d4        0x8 ./startup/startup_mk64f12.o
                0x00000000000070d4                UART3_RX_TX_IRQHandler
 .text.UART3_ERR_IRQHandler
                0x00000000000070dc        0x8 ./startup/startup_mk64f12.o
                0x00000000000070dc                UART3_ERR_IRQHandler
 .text.ADC0_IRQHandler
                0x00000000000070e4        0x8 ./startup/startup_mk64f12.o
                0x00000000000070e4                ADC0_IRQHandler
 .text.CMP0_IRQHandler
                0x00000000000070ec        0x8 ./startup/startup_mk64f12.o
                0x00000000000070ec                CMP0_IRQHandler
 .text.CMP1_IRQHandler
                0x00000000000070f4        0x8 ./startup/startup_mk64f12.o
                0x00000000000070f4                CMP1_IRQHandler
 .text.FTM0_IRQHandler
                0x00000000000070fc        0x8 ./startup/startup_mk64f12.o
                0x00000000000070fc                FTM0_IRQHandler
 .text.FTM1_IRQHandler
                0x0000000000007104        0x8 ./startup/startup_mk64f12.o
                0x0000000000007104                FTM1_IRQHandler
 .text.FTM2_IRQHandler
                0x000000000000710c        0x8 ./startup/startup_mk64f12.o
                0x000000000000710c                FTM2_IRQHandler
 .text.CMT_IRQHandler
                0x0000000000007114        0x8 ./startup/startup_mk64f12.o
                0x0000000000007114                CMT_IRQHandler
 .text.RTC_IRQHandler
                0x000000000000711c        0x8 ./startup/startup_mk64f12.o
                0x000000000000711c                RTC_IRQHandler
 .text.RTC_Seconds_IRQHandler
                0x0000000000007124        0x8 ./startup/startup_mk64f12.o
                0x0000000000007124                RTC_Seconds_IRQHandler
 .text.PIT0_IRQHandler
                0x000000000000712c        0x8 ./startup/startup_mk64f12.o
                0x000000000000712c                PIT0_IRQHandler
 .text.PIT1_IRQHandler
                0x0000000000007134        0x8 ./startup/startup_mk64f12.o
                0x0000000000007134                PIT1_IRQHandler
 .text.PIT2_IRQHandler
                0x000000000000713c        0x8 ./startup/startup_mk64f12.o
                0x000000000000713c                PIT2_IRQHandler
 .text.PIT3_IRQHandler
                0x0000000000007144        0x8 ./startup/startup_mk64f12.o
                0x0000000000007144                PIT3_IRQHandler
 .text.PDB0_IRQHandler
                0x000000000000714c        0x8 ./startup/startup_mk64f12.o
                0x000000000000714c                PDB0_IRQHandler
 .text.USB0_IRQHandler
                0x0000000000007154        0x8 ./startup/startup_mk64f12.o
                0x0000000000007154                USB0_IRQHandler
 .text.USBDCD_IRQHandler
                0x000000000000715c        0x8 ./startup/startup_mk64f12.o
                0x000000000000715c                USBDCD_IRQHandler
 .text.Reserved71_IRQHandler
                0x0000000000007164        0x8 ./startup/startup_mk64f12.o
                0x0000000000007164                Reserved71_IRQHandler
 .text.DAC0_IRQHandler
                0x000000000000716c        0x8 ./startup/startup_mk64f12.o
                0x000000000000716c                DAC0_IRQHandler
 .text.MCG_IRQHandler
                0x0000000000007174        0x8 ./startup/startup_mk64f12.o
                0x0000000000007174                MCG_IRQHandler
 .text.LPTMR0_IRQHandler
                0x000000000000717c        0x8 ./startup/startup_mk64f12.o
                0x000000000000717c                LPTMR0_IRQHandler
 .text.PORTA_IRQHandler
                0x0000000000007184        0x8 ./startup/startup_mk64f12.o
                0x0000000000007184                PORTA_IRQHandler
 .text.PORTB_IRQHandler
                0x000000000000718c        0x8 ./startup/startup_mk64f12.o
                0x000000000000718c                PORTB_IRQHandler
 .text.PORTC_IRQHandler
                0x0000000000007194        0x8 ./startup/startup_mk64f12.o
                0x0000000000007194                PORTC_IRQHandler
 .text.PORTD_IRQHandler
                0x000000000000719c        0x8 ./startup/startup_mk64f12.o
                0x000000000000719c                PORTD_IRQHandler
 .text.PORTE_IRQHandler
                0x00000000000071a4        0x8 ./startup/startup_mk64f12.o
                0x00000000000071a4                PORTE_IRQHandler
 .text.SWI_IRQHandler
                0x00000000000071ac        0x8 ./startup/startup_mk64f12.o
                0x00000000000071ac                SWI_IRQHandler
 .text.SPI2_IRQHandler
                0x00000000000071b4        0x8 ./startup/startup_mk64f12.o
                0x00000000000071b4                SPI2_IRQHandler
 .text.UART4_RX_TX_IRQHandler
                0x00000000000071bc        0x8 ./startup/startup_mk64f12.o
                0x00000000000071bc                UART4_RX_TX_IRQHandler
 .text.UART4_ERR_IRQHandler
                0x00000000000071c4        0x8 ./startup/startup_mk64f12.o
                0x00000000000071c4                UART4_ERR_IRQHandler
 .text.UART5_RX_TX_IRQHandler
                0x00000000000071cc        0x8 ./startup/startup_mk64f12.o
                0x00000000000071cc                UART5_RX_TX_IRQHandler
 .text.UART5_ERR_IRQHandler
                0x00000000000071d4        0x8 ./startup/startup_mk64f12.o
                0x00000000000071d4                UART5_ERR_IRQHandler
 .text.CMP2_IRQHandler
                0x00000000000071dc        0x8 ./startup/startup_mk64f12.o
                0x00000000000071dc                CMP2_IRQHandler
 .text.FTM3_IRQHandler
                0x00000000000071e4        0x8 ./startup/startup_mk64f12.o
                0x00000000000071e4                FTM3_IRQHandler
 .text.DAC1_IRQHandler
                0x00000000000071ec        0x8 ./startup/startup_mk64f12.o
                0x00000000000071ec                DAC1_IRQHandler
 .text.ADC1_IRQHandler
                0x00000000000071f4        0x8 ./startup/startup_mk64f12.o
                0x00000000000071f4                ADC1_IRQHandler
 .text.I2C2_IRQHandler
                0x00000000000071fc        0x8 ./startup/startup_mk64f12.o
                0x00000000000071fc                I2C2_IRQHandler
 .text.CAN0_ORed_Message_buffer_IRQHandler
                0x0000000000007204        0x8 ./startup/startup_mk64f12.o
                0x0000000000007204                CAN0_ORed_Message_buffer_IRQHandler
 .text.CAN0_Bus_Off_IRQHandler
                0x000000000000720c        0x8 ./startup/startup_mk64f12.o
                0x000000000000720c                CAN0_Bus_Off_IRQHandler
 .text.CAN0_Error_IRQHandler
                0x0000000000007214        0x8 ./startup/startup_mk64f12.o
                0x0000000000007214                CAN0_Error_IRQHandler
 .text.CAN0_Tx_Warning_IRQHandler
                0x000000000000721c        0x8 ./startup/startup_mk64f12.o
                0x000000000000721c                CAN0_Tx_Warning_IRQHandler
 .text.CAN0_Rx_Warning_IRQHandler
                0x0000000000007224        0x8 ./startup/startup_mk64f12.o
                0x0000000000007224                CAN0_Rx_Warning_IRQHandler
 .text.CAN0_Wake_Up_IRQHandler
                0x000000000000722c        0x8 ./startup/startup_mk64f12.o
                0x000000000000722c                CAN0_Wake_Up_IRQHandler
 .text.SDHC_IRQHandler
                0x0000000000007234        0x8 ./startup/startup_mk64f12.o
                0x0000000000007234                SDHC_IRQHandler
 .text.pError   0x000000000000723c       0x28 ./source/PIDcontroller.o
                0x000000000000723c                pError
 .text.iError   0x0000000000007264       0x34 ./source/PIDcontroller.o
                0x0000000000007264                iError
 .text.dError   0x0000000000007298       0x28 ./source/PIDcontroller.o
                0x0000000000007298                dError
 .text.FTM_StartTimer
                0x00000000000072c0       0x3a ./source/PWM_functions.o
 .text.FTM_SetSoftwareTrigger
                0x00000000000072fa       0x38 ./source/PWM_functions.o
 .text.set_pwm_CnV
                0x0000000000007332       0x50 ./source/PWM_functions.o
                0x0000000000007332                set_pwm_CnV
 .text.LPTMR_GetCurrentTimerCount
                0x0000000000007382       0x20 ./source/Quadcopter.o
 .text.LPTMR_StartTimer
                0x00000000000073a2       0x30 ./source/Quadcopter.o
 .text.LPTMR_StopTimer
                0x00000000000073d2       0x30 ./source/Quadcopter.o
 .text.incrementIndex
                0x0000000000007402       0x2a ./source/Quadcopter.o
                0x0000000000007402                incrementIndex
 .text.commands_to_motors
                0x000000000000742c       0xbe ./source/Quadcopter.o
                0x000000000000742c                commands_to_motors
 .text.GPIO_PortSet
                0x00000000000074ea       0x1c ./source/RGB_LEDS.o
 .text.GPIO_PortClear
                0x0000000000007506       0x1c ./source/RGB_LEDS.o
 .text.HardFault_Handler
                0x0000000000007522       0x2c ./source/semihost_hardfault.o
                0x0000000000007522                HardFault_Handler
 .text.CLOCK_EnableClock
                0x000000000000754e       0x34 ./drivers/fsl_clock.o
 .text.CLOCK_DisableClock
                0x0000000000007582       0x38 ./drivers/fsl_clock.o
 .text.OSC_SetExtRefClkConfig
                0x00000000000075ba       0x34 ./drivers/fsl_clock.o
 .text.OSC_SetCapLoad
                0x00000000000075ee       0x34 ./drivers/fsl_clock.o
 .text.CLOCK_GetPll0RefFreq
                0x0000000000007622        0xe ./drivers/fsl_clock.o
 .text.CLOCK_GetFixedFreqClkFreq
                0x0000000000007630       0x34 ./drivers/fsl_clock.o
                0x0000000000007630                CLOCK_GetFixedFreqClkFreq
 .text.DSPI_IsMaster
                0x0000000000007664       0x26 ./drivers/fsl_dspi.o
 .text.CLOCK_EnableClock
                0x000000000000768a       0x34 ./drivers/fsl_ftm.o
 .text.FTM_SetDeadTimeEnable
                0x00000000000076be       0x52 ./drivers/fsl_ftm.o
 .text.FTM_SetComplementaryEnable
                0x0000000000007710       0x52 ./drivers/fsl_ftm.o
 .text.GPIO_PinWrite
                0x0000000000007762       0x3a ./drivers/fsl_gpio.o
 .text.CLOCK_EnableClock
                0x000000000000779c       0x34 ./drivers/fsl_i2c.o
 .text.EnableIRQ
                0x00000000000077d0       0x2c ./drivers/fsl_i2c.o
 .text.I2C_MasterClearStatusFlags
                0x00000000000077fc       0x5a ./drivers/fsl_i2c.o
 .text.I2C_InitTransferStateMachine
                0x0000000000007856       0xd4 ./drivers/fsl_i2c.o
 .text.I2C_CheckAndClearError
                0x000000000000792a       0x44 ./drivers/fsl_i2c.o
 .text.I2C_EnableInterrupts
                0x000000000000796e       0x56 ./drivers/fsl_i2c.o
                0x000000000000796e                I2C_EnableInterrupts
 .text.I2C_DisableInterrupts
                0x00000000000079c4       0x4a ./drivers/fsl_i2c.o
                0x00000000000079c4                I2C_DisableInterrupts
 .text.I2C_MasterStart
                0x0000000000007a0e       0x62 ./drivers/fsl_i2c.o
                0x0000000000007a0e                I2C_MasterStart
 .text.I2C_MasterRepeatedStart
                0x0000000000007a70       0x9a ./drivers/fsl_i2c.o
                0x0000000000007a70                I2C_MasterRepeatedStart
 .text.I2C_MasterStop
                0x0000000000007b0a       0x3a ./drivers/fsl_i2c.o
                0x0000000000007b0a                I2C_MasterStop
 .text.I2C_MasterGetStatusFlags
                0x0000000000007b44       0x4a ./drivers/fsl_i2c.o
                0x0000000000007b44                I2C_MasterGetStatusFlags
 .text.CLOCK_EnableClock
                0x0000000000007b8e       0x34 ./drivers/fsl_lptmr.o
 .text.CLOCK_EnableClock
                0x0000000000007bc2       0x34 ./drivers/fsl_uart.o
 .text.EnableIRQ
                0x0000000000007bf6       0x2c ./drivers/fsl_uart.o
 .text.UART_GetStatusFlags
                0x0000000000007c22       0x48 ./drivers/fsl_uart.o
                0x0000000000007c22                UART_GetStatusFlags
 .text.UART0_RX_TX_DriverIRQHandler
                0x0000000000007c6a       0x10 ./drivers/fsl_uart.o
                0x0000000000007c6a                UART0_RX_TX_DriverIRQHandler
 .text.UART1_RX_TX_DriverIRQHandler
                0x0000000000007c7a       0x10 ./drivers/fsl_uart.o
                0x0000000000007c7a                UART1_RX_TX_DriverIRQHandler
 .text.UART2_RX_TX_DriverIRQHandler
                0x0000000000007c8a       0x10 ./drivers/fsl_uart.o
                0x0000000000007c8a                UART2_RX_TX_DriverIRQHandler
 .text.UART3_RX_TX_DriverIRQHandler
                0x0000000000007c9a       0x10 ./drivers/fsl_uart.o
                0x0000000000007c9a                UART3_RX_TX_DriverIRQHandler
 .text.UART4_RX_TX_DriverIRQHandler
                0x0000000000007caa       0x10 ./drivers/fsl_uart.o
                0x0000000000007caa                UART4_RX_TX_DriverIRQHandler
 .text.UART5_RX_TX_DriverIRQHandler
                0x0000000000007cba       0x10 ./drivers/fsl_uart.o
                0x0000000000007cba                UART5_RX_TX_DriverIRQHandler
 .text.SystemInitHook
                0x0000000000007cca        0xe ./device/system_MK64F12.o
                0x0000000000007cca                SystemInitHook
 .text.BOARD_InitPeripherals
                0x0000000000007cd8       0x10 ./board/peripherals.o
                0x0000000000007cd8                BOARD_InitPeripherals
 .text.BOARD_InitBootPeripherals
                0x0000000000007ce8        0xc ./board/peripherals.o
                0x0000000000007ce8                BOARD_InitBootPeripherals
 .text.CLOCK_EnableClock
                0x0000000000007cf4       0x34 ./board/pin_mux.o
 .text.PORT_SetPinMux
                0x0000000000007d28       0x3a ./board/pin_mux.o
 .text.__main   0x0000000000007d62        0xe /usr/local/mcuxpressoide-11.1.1_3241/ide/plugins/com.nxp.mcuxpresso.tools.linux_11.1.0.202001081728/tools/bin/../lib/gcc/arm-none-eabi/8.3.1/../../../../arm-none-eabi/lib/thumb/v7e-m+fp/hard/libcr_semihost_nf.a(_cr__main.o)
                0x0000000000007d62                __main
                0x0000000000007d62                __CR_SEMIHOST
 .text.fabsf    0x0000000000007d70       0x10 /usr/local/mcuxpressoide-11.1.1_3241/ide/plugins/com.nxp.mcuxpresso.tools.linux_11.1.0.202001081728/tools/bin/../lib/gcc/arm-none-eabi/8.3.1/../../../../arm-none-eabi/lib/thumb/v7e-m+fp/hard/libcr_c.a(fabsf.o)
                0x0000000000007d70                fabsf
 .text.sqrtf    0x0000000000007d80        0x6 /usr/local/mcuxpressoide-11.1.1_3241/ide/plugins/com.nxp.mcuxpresso.tools.linux_11.1.0.202001081728/tools/bin/../lib/gcc/arm-none-eabi/8.3.1/../../../../arm-none-eabi/lib/thumb/v7e-m+fp/hard/libcr_c.a(sqrtf_m4_hardfp.o)
                0x0000000000007d80                sqrtf
 .text.memset   0x0000000000007d86        0x4 /usr/local/mcuxpressoide-11.1.1_3241/ide/plugins/com.nxp.mcuxpresso.tools.linux_11.1.0.202001081728/tools/bin/../lib/gcc/arm-none-eabi/8.3.1/../../../../arm-none-eabi/lib/thumb/v7e-m+fp/hard/libcr_c.a(memset.o)
                0x0000000000007d86                memset
 .text._deferredlazyseek
                0x0000000000007d8a       0x40 /usr/local/mcuxpressoide-11.1.1_3241/ide/plugins/com.nxp.mcuxpresso.tools.linux_11.1.0.202001081728/tools/bin/../lib/gcc/arm-none-eabi/8.3.1/../../../../arm-none-eabi/lib/thumb/v7e-m+fp/hard/libcr_c.a(_deferredlazyseek.o)
                0x0000000000007d8a                _deferredlazyseek
 .text.__flsbuf
                0x0000000000007dca      0x140 /usr/local/mcuxpressoide-11.1.1_3241/ide/plugins/com.nxp.mcuxpresso.tools.linux_11.1.0.202001081728/tools/bin/../lib/gcc/arm-none-eabi/8.3.1/../../../../arm-none-eabi/lib/thumb/v7e-m+fp/hard/libcr_c.a(_deferredlazyseek.o)
                0x0000000000007dca                __flsbuf
 .text._fflush  0x0000000000007f0a       0x52 /usr/local/mcuxpressoide-11.1.1_3241/ide/plugins/com.nxp.mcuxpresso.tools.linux_11.1.0.202001081728/tools/bin/../lib/gcc/arm-none-eabi/8.3.1/../../../../arm-none-eabi/lib/thumb/v7e-m+fp/hard/libcr_c.a(_fflush.o)
                0x0000000000007f0a                _fflush
 .text.free     0x0000000000007f5c       0x30 /usr/local/mcuxpressoide-11.1.1_3241/ide/plugins/com.nxp.mcuxpresso.tools.linux_11.1.0.202001081728/tools/bin/../lib/gcc/arm-none-eabi/8.3.1/../../../../arm-none-eabi/lib/thumb/v7e-m+fp/hard/libcr_c.a(alloc.o)
                0x0000000000007f5c                free
 .text.fp_round
                0x0000000000007f8c       0x4e /usr/local/mcuxpressoide-11.1.1_3241/ide/plugins/com.nxp.mcuxpresso.tools.linux_11.1.0.202001081728/tools/bin/../lib/gcc/arm-none-eabi/8.3.1/../../../../arm-none-eabi/lib/thumb/v7e-m+fp/hard/libcr_c.a(fpprintf.o)
 .text.pr_dec.constprop.1
                0x0000000000007fda       0x26 /usr/local/mcuxpressoide-11.1.1_3241/ide/plugins/com.nxp.mcuxpresso.tools.linux_11.1.0.202001081728/tools/bin/../lib/gcc/arm-none-eabi/8.3.1/../../../../arm-none-eabi/lib/thumb/v7e-m+fp/hard/libcr_c.a(fpprintf.o)
 .text.fputs    0x0000000000008000       0x2c /usr/local/mcuxpressoide-11.1.1_3241/ide/plugins/com.nxp.mcuxpresso.tools.linux_11.1.0.202001081728/tools/bin/../lib/gcc/arm-none-eabi/8.3.1/../../../../arm-none-eabi/lib/thumb/v7e-m+fp/hard/libcr_c.a(fputs.o)
                0x0000000000008000                fputs
 .text.strlen   0x000000000000802c       0x4c /usr/local/mcuxpressoide-11.1.1_3241/ide/plugins/com.nxp.mcuxpresso.tools.linux_11.1.0.202001081728/tools/bin/../lib/gcc/arm-none-eabi/8.3.1/../../../../arm-none-eabi/lib/thumb/v7e-m+fp/hard/libcr_c.a(strlen.o)
                0x000000000000802c                strlen
 .text._fdopen  0x0000000000008078       0x68 /usr/local/mcuxpressoide-11.1.1_3241/ide/plugins/com.nxp.mcuxpresso.tools.linux_11.1.0.202001081728/tools/bin/../lib/gcc/arm-none-eabi/8.3.1/../../../../arm-none-eabi/lib/thumb/v7e-m+fp/hard/libcr_c.a(_fdopen.o)
                0x0000000000008078                _fdopen
 .text.fclose   0x00000000000080e0       0x58 /usr/local/mcuxpressoide-11.1.1_3241/ide/plugins/com.nxp.mcuxpresso.tools.linux_11.1.0.202001081728/tools/bin/../lib/gcc/arm-none-eabi/8.3.1/../../../../arm-none-eabi/lib/thumb/v7e-m+fp/hard/libcr_c.a(fclose.o)
                0x00000000000080e0                fclose
 .text.remove   0x0000000000008138       0x14 /usr/local/mcuxpressoide-11.1.1_3241/ide/plugins/com.nxp.mcuxpresso.tools.linux_11.1.0.202001081728/tools/bin/../lib/gcc/arm-none-eabi/8.3.1/../../../../arm-none-eabi/lib/thumb/v7e-m+fp/hard/libcr_c.a(remove.o)
                0x0000000000008138                remove
 .text._do_fflush
                0x000000000000814c       0x40 /usr/local/mcuxpressoide-11.1.1_3241/ide/plugins/com.nxp.mcuxpresso.tools.linux_11.1.0.202001081728/tools/bin/../lib/gcc/arm-none-eabi/8.3.1/../../../../arm-none-eabi/lib/thumb/v7e-m+fp/hard/libcr_c.a(_do_fflush.o)
                0x000000000000814c                _do_fflush
 .text.__aeabi_division_uldivmod
                0x000000000000818c      0x174 /usr/local/mcuxpressoide-11.1.1_3241/ide/plugins/com.nxp.mcuxpresso.tools.linux_11.1.0.202001081728/tools/bin/../lib/gcc/arm-none-eabi/8.3.1/thumb/v7e-m+fp/hard/libcr_eabihelpers.a(division_64.o)
                0x000000000000818c                __aeabi_uldivmod
                0x0000000000008190                __bhs_ldivmod1
 .text.__aeabi_division_idiv0
                0x0000000000008300        0x2 /usr/local/mcuxpressoide-11.1.1_3241/ide/plugins/com.nxp.mcuxpresso.tools.linux_11.1.0.202001081728/tools/bin/../lib/gcc/arm-none-eabi/8.3.1/thumb/v7e-m+fp/hard/libcr_eabihelpers.a(division_idiv0.o)
                0x0000000000008300                __aeabi_idiv0
 .text.__aeabi_d2iz
                0x0000000000008302       0x40 /usr/local/mcuxpressoide-11.1.1_3241/ide/plugins/com.nxp.mcuxpresso.tools.linux_11.1.0.202001081728/tools/bin/../lib/gcc/arm-none-eabi/8.3.1/thumb/v7e-m+fp/hard/libcr_eabihelpers.a(double.o)
                0x0000000000008302                __aeabi_d2iz
 .text.__bhs_ui2d
                0x0000000000008342       0x46 /usr/local/mcuxpressoide-11.1.1_3241/ide/plugins/com.nxp.mcuxpresso.tools.linux_11.1.0.202001081728/tools/bin/../lib/gcc/arm-none-eabi/8.3.1/thumb/v7e-m+fp/hard/libcr_eabihelpers.a(double.o)
                0x0000000000008342                __bhs_ui2d
 .text.__aeabi_i2d
                0x0000000000008388       0x12 /usr/local/mcuxpressoide-11.1.1_3241/ide/plugins/com.nxp.mcuxpresso.tools.linux_11.1.0.202001081728/tools/bin/../lib/gcc/arm-none-eabi/8.3.1/thumb/v7e-m+fp/hard/libcr_eabihelpers.a(double.o)
                0x0000000000008388                __aeabi_i2d
 .text.__aeabi_dcmpeq
                0x000000000000839a       0x2e /usr/local/mcuxpressoide-11.1.1_3241/ide/plugins/com.nxp.mcuxpresso.tools.linux_11.1.0.202001081728/tools/bin/../lib/gcc/arm-none-eabi/8.3.1/thumb/v7e-m+fp/hard/libcr_eabihelpers.a(double.o)
                0x000000000000839a                __aeabi_dcmpeq
 .text.__aeabi_dcmplt
                0x00000000000083c8       0x56 /usr/local/mcuxpressoide-11.1.1_3241/ide/plugins/com.nxp.mcuxpresso.tools.linux_11.1.0.202001081728/tools/bin/../lib/gcc/arm-none-eabi/8.3.1/thumb/v7e-m+fp/hard/libcr_eabihelpers.a(double.o)
                0x00000000000083c8                __aeabi_dcmplt
 .text.__aeabi_dcmple
                0x000000000000841e       0x56 /usr/local/mcuxpressoide-11.1.1_3241/ide/plugins/com.nxp.mcuxpresso.tools.linux_11.1.0.202001081728/tools/bin/../lib/gcc/arm-none-eabi/8.3.1/thumb/v7e-m+fp/hard/libcr_eabihelpers.a(double.o)
                0x000000000000841e                __aeabi_dcmple
 .text.__aeabi_dcmpge
                0x0000000000008474       0x5c /usr/local/mcuxpressoide-11.1.1_3241/ide/plugins/com.nxp.mcuxpresso.tools.linux_11.1.0.202001081728/tools/bin/../lib/gcc/arm-none-eabi/8.3.1/thumb/v7e-m+fp/hard/libcr_eabihelpers.a(double.o)
                0x0000000000008474                __aeabi_dcmpge
 .text.__aeabi_memset_lowlevel
                0x00000000000084d0       0x32 /usr/local/mcuxpressoide-11.1.1_3241/ide/plugins/com.nxp.mcuxpresso.tools.linux_11.1.0.202001081728/tools/bin/../lib/gcc/arm-none-eabi/8.3.1/thumb/v7e-m+fp/hard/libcr_eabihelpers.a(memcpy.o)
                0x00000000000084d0                __aeabi_lowlevel_memset
 .text.__sys_close
                0x0000000000008502        0xc /usr/local/mcuxpressoide-11.1.1_3241/ide/plugins/com.nxp.mcuxpresso.tools.linux_11.1.0.202001081728/tools/bin/../lib/gcc/arm-none-eabi/8.3.1/../../../../arm-none-eabi/lib/thumb/v7e-m+fp/hard/libcr_semihost_nf.a(__sys_close.o)
                0x0000000000008502                __sys_close
 .text.__sys_flen
                0x000000000000850e        0xc /usr/local/mcuxpressoide-11.1.1_3241/ide/plugins/com.nxp.mcuxpresso.tools.linux_11.1.0.202001081728/tools/bin/../lib/gcc/arm-none-eabi/8.3.1/../../../../arm-none-eabi/lib/thumb/v7e-m+fp/hard/libcr_semihost_nf.a(__sys_flen.o)
                0x000000000000850e                __sys_flen
 .text.__sys_istty
                0x000000000000851a        0xc /usr/local/mcuxpressoide-11.1.1_3241/ide/plugins/com.nxp.mcuxpresso.tools.linux_11.1.0.202001081728/tools/bin/../lib/gcc/arm-none-eabi/8.3.1/../../../../arm-none-eabi/lib/thumb/v7e-m+fp/hard/libcr_semihost_nf.a(__sys_istty.o)
                0x000000000000851a                __sys_istty
 .text.__sys_remove
                0x0000000000008526        0xc /usr/local/mcuxpressoide-11.1.1_3241/ide/plugins/com.nxp.mcuxpresso.tools.linux_11.1.0.202001081728/tools/bin/../lib/gcc/arm-none-eabi/8.3.1/../../../../arm-none-eabi/lib/thumb/v7e-m+fp/hard/libcr_semihost_nf.a(__sys_remove.o)
                0x0000000000008526                __sys_remove
 .text.__sys_seek
                0x0000000000008532        0xc /usr/local/mcuxpressoide-11.1.1_3241/ide/plugins/com.nxp.mcuxpresso.tools.linux_11.1.0.202001081728/tools/bin/../lib/gcc/arm-none-eabi/8.3.1/../../../../arm-none-eabi/lib/thumb/v7e-m+fp/hard/libcr_semihost_nf.a(__sys_seek.o)
                0x0000000000008532                __sys_seek
 .text.__sys_tmpnam
                0x000000000000853e        0xc /usr/local/mcuxpressoide-11.1.1_3241/ide/plugins/com.nxp.mcuxpresso.tools.linux_11.1.0.202001081728/tools/bin/../lib/gcc/arm-none-eabi/8.3.1/../../../../arm-none-eabi/lib/thumb/v7e-m+fp/hard/libcr_semihost_nf.a(__sys_tmpnam.o)
                0x000000000000853e                __sys_tmpnam
 .text.__sys_write
                0x000000000000854a        0xc /usr/local/mcuxpressoide-11.1.1_3241/ide/plugins/com.nxp.mcuxpresso.tools.linux_11.1.0.202001081728/tools/bin/../lib/gcc/arm-none-eabi/8.3.1/../../../../arm-none-eabi/lib/thumb/v7e-m+fp/hard/libcr_semihost_nf.a(__sys_write.o)
                0x000000000000854a                __sys_write
 *(SORT_BY_ALIGNMENT(.rodata) SORT_BY_ALIGNMENT(.rodata.*) SORT_BY_ALIGNMENT(.constdata) SORT_BY_ALIGNMENT(.constdata.*))
 *fill*         0x0000000000008556        0x2 ff
 .rodata.a1.5286
                0x0000000000008558       0x88 /usr/local/mcuxpressoide-11.1.1_3241/ide/plugins/com.nxp.mcuxpresso.tools.linux_11.1.0.202001081728/tools/bin/../lib/gcc/arm-none-eabi/8.3.1/../../../../arm-none-eabi/lib/thumb/v7e-m+fp/hard/libcr_c.a(powf.o)
 .rodata.LPTMR_SetTimerPeriod.str1.4
                0x00000000000085e0       0x58 ./source/Quadcopter.o
 .rodata.main.str1.4
                0x0000000000008638       0x61 ./source/Quadcopter.o
 *fill*         0x0000000000008699        0x3 ff
 .rodata        0x000000000000869c        0x2 ./source/RGB_LEDS.o
 *fill*         0x000000000000869e        0x2 ff
 .rodata.CLOCK_GetMcgExtClkFreq.str1.4
                0x00000000000086a0       0x4e ./drivers/fsl_clock.o
 *fill*         0x00000000000086ee        0x2 ff
 .rodata.CLOCK_GetOsc0ErClkFreq.str1.4
                0x00000000000086f0       0x1f ./drivers/fsl_clock.o
 *fill*         0x000000000000870f        0x1 ff
 .rodata.CLOCK_GetEr32kClkFreq.str1.4
                0x0000000000008710       0x20 ./drivers/fsl_clock.o
 .rodata.CLOCK_GetPll0Freq.str1.4
                0x0000000000008730       0x1e ./drivers/fsl_clock.o
 *fill*         0x000000000000874e        0x2 ff
 .rodata.CLOCK_EnablePll0.str1.4
                0x0000000000008750       0x1b ./drivers/fsl_clock.o
 *fill*         0x000000000000876b        0x1 ff
 .rodata.CLOCK_SetPbeMode.str1.4
                0x000000000000876c       0x1b ./drivers/fsl_clock.o
 *fill*         0x0000000000008787        0x1 ff
 .rodata.CLOCK_BootToPeeMode.str1.4
                0x0000000000008788       0x1b ./drivers/fsl_clock.o
 *fill*         0x00000000000087a3        0x1 ff
 .rodata.fllFactorTable.7862
                0x00000000000087a4       0x10 ./drivers/fsl_clock.o
 .rodata.SPI0_DriverIRQHandler.str1.4
                0x00000000000087b4       0x2b ./drivers/fsl_dspi.o
 *fill*         0x00000000000087df        0x1 ff
 .rodata.SPI1_DriverIRQHandler.str1.4
                0x00000000000087e0       0x2b ./drivers/fsl_dspi.o
 *fill*         0x000000000000880b        0x1 ff
 .rodata.SPI2_DriverIRQHandler.str1.4
                0x000000000000880c       0x2b ./drivers/fsl_dspi.o
 *fill*         0x0000000000008837        0x1 ff
 .rodata.EDMA_HandleIRQ.str1.4
                0x0000000000008838       0x22 ./drivers/fsl_edma.o
 *fill*         0x000000000000885a        0x2 ff
 .rodata.CAN0_DriverIRQHandler.str1.4
                0x000000000000885c       0x31 ./drivers/fsl_flexcan.o
 *fill*         0x000000000000888d        0x3 ff
 .rodata.s_ftmBases
                0x0000000000008890       0x10 ./drivers/fsl_ftm.o
 .rodata.s_ftmClocks
                0x00000000000088a0       0x10 ./drivers/fsl_ftm.o
 .rodata.FTM_GetInstance.str1.4
                0x00000000000088b0       0x29 ./drivers/fsl_ftm.o
 *fill*         0x00000000000088d9        0x3 ff
 .rodata.FTM_SetPwmSync.str1.4
                0x00000000000088dc       0x3b ./drivers/fsl_ftm.o
 *fill*         0x0000000000008917        0x1 ff
 .rodata.FTM_SetReloadPoints.str1.4
                0x0000000000008918       0x21 ./drivers/fsl_ftm.o
 *fill*         0x0000000000008939        0x3 ff
 .rodata.FTM_Init.str1.4
                0x000000000000893c       0x18 ./drivers/fsl_ftm.o
 .rodata.FTM_GetDefaultConfig.str1.4
                0x0000000000008954       0x20 ./drivers/fsl_ftm.o
 .rodata.FTM_SetupPwm.str1.4
                0x0000000000008974       0xcc ./drivers/fsl_ftm.o
 .rodata.GPIO_PinInit.str1.4
                0x0000000000008a40       0x21 ./drivers/fsl_gpio.o
 *fill*         0x0000000000008a61        0x3 ff
 .rodata.s_i2cDividerTable
                0x0000000000008a64       0x80 ./drivers/fsl_i2c.o
 .rodata.s_i2cIrqs
                0x0000000000008ae4        0x3 ./drivers/fsl_i2c.o
 *fill*         0x0000000000008ae7        0x1 ff
 .rodata.s_i2cClocks
                0x0000000000008ae8        0xc ./drivers/fsl_i2c.o
 .rodata.s_i2cBases
                0x0000000000008af4        0xc ./drivers/fsl_i2c.o
 .rodata.I2C_GetInstance.str1.4
                0x0000000000008b00       0x33 ./drivers/fsl_i2c.o
 *fill*         0x0000000000008b33        0x1 ff
 .rodata.I2C_MasterTransferRunStateMachine.str1.4
                0x0000000000008b34       0x17 ./drivers/fsl_i2c.o
 *fill*         0x0000000000008b4b        0x1 ff
 .rodata.I2C_MasterInit.str1.4
                0x0000000000008b4c       0x4b ./drivers/fsl_i2c.o
 *fill*         0x0000000000008b97        0x1 ff
 .rodata.I2C_MasterTransferCreateHandle.str1.4
                0x0000000000008b98       0x21 ./drivers/fsl_i2c.o
 *fill*         0x0000000000008bb9        0x3 ff
 .rodata.I2C_MasterTransferNonBlocking.str1.4
                0x0000000000008bbc       0x43 ./drivers/fsl_i2c.o
 *fill*         0x0000000000008bff        0x1 ff
 .rodata.I2C_MasterTransferHandleIRQ.str1.4
                0x0000000000008c00       0x24 ./drivers/fsl_i2c.o
 .rodata.LPTMR_GetInstance.str1.4
                0x0000000000008c24       0x36 ./drivers/fsl_lptmr.o
 *fill*         0x0000000000008c5a        0x2 ff
 .rodata.LPTMR_Init.str1.4
                0x0000000000008c5c       0x21 ./drivers/fsl_lptmr.o
 *fill*         0x0000000000008c7d        0x3 ff
 .rodata.LPTMR_GetDefaultConfig.str1.4
                0x0000000000008c80       0x22 ./drivers/fsl_lptmr.o
 *fill*         0x0000000000008ca2        0x2 ff
 .rodata.I2S0_Tx_DriverIRQHandler.str1.4
                0x0000000000008ca4       0x2c ./drivers/fsl_sai.o
 .rodata.I2S0_Rx_DriverIRQHandler.str1.4
                0x0000000000008cd0       0x2c ./drivers/fsl_sai.o
 .rodata.SDHC_DriverIRQHandler.str1.4
                0x0000000000008cfc       0x2b ./drivers/fsl_sdhc.o
 *fill*         0x0000000000008d27        0x1 ff
 .rodata.s_uartBases
                0x0000000000008d28       0x18 ./drivers/fsl_uart.o
 .rodata.s_uartIRQ
                0x0000000000008d40        0x6 ./drivers/fsl_uart.o
 *fill*         0x0000000000008d46        0x2 ff
 .rodata.s_uartClock
                0x0000000000008d48       0x18 ./drivers/fsl_uart.o
 .rodata.UART_GetInstance.str1.4
                0x0000000000008d60       0x2c ./drivers/fsl_uart.o
 .rodata.UART_TransferGetRxRingBufferLength.str1.4
                0x0000000000008d8c       0x19 ./drivers/fsl_uart.o
 *fill*         0x0000000000008da5        0x3 ff
 .rodata.UART_TransferIsRxRingBufferFull.str1.4
                0x0000000000008da8       0x19 ./drivers/fsl_uart.o
 *fill*         0x0000000000008dc1        0x3 ff
 .rodata.UART_Init.str1.4
                0x0000000000008dc4       0xf4 ./drivers/fsl_uart.o
 .rodata.UART_GetDefaultConfig.str1.4
                0x0000000000008eb8       0x19 ./drivers/fsl_uart.o
 *fill*         0x0000000000008ed1        0x3 ff
 .rodata.UART_WriteNonBlocking.str1.4
                0x0000000000008ed4       0x17 ./drivers/fsl_uart.o
 *fill*         0x0000000000008eeb        0x1 ff
 .rodata.UART_ReadNonBlocking.str1.4
                0x0000000000008eec       0x17 ./drivers/fsl_uart.o
 *fill*         0x0000000000008f03        0x1 ff
 .rodata.UART_TransferCreateHandle.str1.4
                0x0000000000008f04       0x19 ./drivers/fsl_uart.o
 *fill*         0x0000000000008f1d        0x3 ff
 .rodata.UART_TransferStartRingBuffer.str1.4
                0x0000000000008f20       0x39 ./drivers/fsl_uart.o
 *fill*         0x0000000000008f59        0x3 ff
 .rodata.UART_TransferReceiveNonBlocking.str1.4
                0x0000000000008f5c       0x76 ./drivers/fsl_uart.o
 *fill*         0x0000000000008fd2        0x2 ff
 .rodata.UART_TransferHandleIRQ.str1.4
                0x0000000000008fd4       0x1c ./drivers/fsl_uart.o
                                         0x1a (size before relaxing)
 .rodata.mcgConfig_BOARD_BootClockRUN
                0x0000000000008ff0        0xb ./board/clock_config.o
                0x0000000000008ff0                mcgConfig_BOARD_BootClockRUN
 *fill*         0x0000000000008ffb        0x1 ff
 .rodata.simConfig_BOARD_BootClockRUN
                0x0000000000008ffc        0x8 ./board/clock_config.o
                0x0000000000008ffc                simConfig_BOARD_BootClockRUN
 .rodata.oscConfig_BOARD_BootClockRUN
                0x0000000000009004        0x8 ./board/clock_config.o
                0x0000000000009004                oscConfig_BOARD_BootClockRUN
 .rodata.I2C0_config
                0x000000000000900c        0xc ./board/peripherals.o
                0x000000000000900c                I2C0_config
 .rodata.I2C1_config
                0x0000000000009018        0xc ./board/peripherals.o
                0x0000000000009018                I2C1_config
 .rodata.__num_Ciob_streams
                0x0000000000009024        0x4 /usr/local/mcuxpressoide-11.1.1_3241/ide/plugins/com.nxp.mcuxpresso.tools.linux_11.1.0.202001081728/tools/bin/../lib/gcc/arm-none-eabi/8.3.1/../../../../arm-none-eabi/lib/thumb/v7e-m+fp/hard/libcr_semihost_nf.a(__ciob.o)
                0x0000000000009024                __num_Ciob_streams
 .rodata.a.5276
                0x0000000000009028       0x10 /usr/local/mcuxpressoide-11.1.1_3241/ide/plugins/com.nxp.mcuxpresso.tools.linux_11.1.0.202001081728/tools/bin/../lib/gcc/arm-none-eabi/8.3.1/../../../../arm-none-eabi/lib/thumb/v7e-m+fp/hard/libcr_c.a(atanf.o)
 .rodata.__assertion_failed.str1.1
                0x0000000000009038       0x15 /usr/local/mcuxpressoide-11.1.1_3241/ide/plugins/com.nxp.mcuxpresso.tools.linux_11.1.0.202001081728/tools/bin/../lib/gcc/arm-none-eabi/8.3.1/../../../../arm-none-eabi/lib/thumb/v7e-m+fp/hard/libcr_semihost_nf.a(_cr_assert.o)
 .rodata._Csys_alloc.str1.1
                0x000000000000904d       0x18 /usr/local/mcuxpressoide-11.1.1_3241/ide/plugins/com.nxp.mcuxpresso.tools.linux_11.1.0.202001081728/tools/bin/../lib/gcc/arm-none-eabi/8.3.1/../../../../arm-none-eabi/lib/thumb/v7e-m+fp/hard/libcr_c.a(alloc.o)
 .rodata.fp_display.str1.1
                0x0000000000009065       0x32 /usr/local/mcuxpressoide-11.1.1_3241/ide/plugins/com.nxp.mcuxpresso.tools.linux_11.1.0.202001081728/tools/bin/../lib/gcc/arm-none-eabi/8.3.1/../../../../arm-none-eabi/lib/thumb/v7e-m+fp/hard/libcr_c.a(fpprintf.o)
                                         0x35 (size before relaxing)
 .rodata._initio.str1.1
                0x0000000000009097        0x4 /usr/local/mcuxpressoide-11.1.1_3241/ide/plugins/com.nxp.mcuxpresso.tools.linux_11.1.0.202001081728/tools/bin/../lib/gcc/arm-none-eabi/8.3.1/../../../../arm-none-eabi/lib/thumb/v7e-m+fp/hard/libcr_c.a(initio.o)
 .rodata.__vfprintf.str1.1
                0x000000000000909b       0x31 /usr/local/mcuxpressoide-11.1.1_3241/ide/plugins/com.nxp.mcuxpresso.tools.linux_11.1.0.202001081728/tools/bin/../lib/gcc/arm-none-eabi/8.3.1/../../../../arm-none-eabi/lib/thumb/v7e-m+fp/hard/libcr_c.a(printf.o)
                                         0x38 (size before relaxing)
                0x00000000000090d0                . = ALIGN (0x8)
 *fill*         0x00000000000090cc        0x4 ff

.glue_7         0x00000000000090d0        0x0
 .glue_7        0x00000000000090d0        0x0 linker stubs

.glue_7t        0x00000000000090d0        0x0
 .glue_7t       0x00000000000090d0        0x0 linker stubs

.vfp11_veneer   0x00000000000090d0        0x0
 .vfp11_veneer  0x00000000000090d0        0x0 linker stubs

.v4_bx          0x00000000000090d0        0x0
 .v4_bx         0x00000000000090d0        0x0 linker stubs

.iplt           0x00000000000090d0        0x0
 .iplt          0x00000000000090d0        0x0 ./startup/startup_mk64f12.o

.rel.dyn        0x00000000000090d0        0x0
 .rel.iplt      0x00000000000090d0        0x0 ./startup/startup_mk64f12.o

.ARM.extab
 *(SORT_BY_ALIGNMENT(.ARM.extab*) SORT_BY_ALIGNMENT(.gnu.linkonce.armextab.*))

.ARM.exidx      0x00000000000090d0        0x0
                0x00000000000090d0                __exidx_start = .
 *(SORT_BY_ALIGNMENT(.ARM.exidx*) SORT_BY_ALIGNMENT(.gnu.linkonce.armexidx.*))
                0x00000000000090d0                __exidx_end = .
                0x00000000000090d0                _etext = .

.m_usb_data
 *(SORT_BY_ALIGNMENT(m_usb_bdt))

.data_RAM2      0x000000001fff0000        0x0 load address 0x00000000000090d0
 FILL mask 0xff
                [!provide]                        PROVIDE (__start_data_RAM2 = .)
                [!provide]                        PROVIDE (__start_data_SRAM_LOWER = .)
 *(SORT_BY_ALIGNMENT(.ramfunc.$RAM2))
 *(SORT_BY_ALIGNMENT(.ramfunc.$SRAM_LOWER))
 *(SORT_BY_ALIGNMENT(.data.$RAM2))
 *(SORT_BY_ALIGNMENT(.data.$SRAM_LOWER))
 *(SORT_BY_ALIGNMENT(.data.$RAM2.*))
 *(SORT_BY_ALIGNMENT(.data.$SRAM_LOWER.*))
                0x000000001fff0000                . = ALIGN (0x8)
                [!provide]                        PROVIDE (__end_data_RAM2 = .)
                [!provide]                        PROVIDE (__end_data_SRAM_LOWER = .)

.data_RAM3      0x0000000014000000        0x0 load address 0x00000000000090d0
 FILL mask 0xff
                [!provide]                        PROVIDE (__start_data_RAM3 = .)
                [!provide]                        PROVIDE (__start_data_FLEX_RAM = .)
 *(SORT_BY_ALIGNMENT(.ramfunc.$RAM3))
 *(SORT_BY_ALIGNMENT(.ramfunc.$FLEX_RAM))
 *(SORT_BY_ALIGNMENT(.data.$RAM3))
 *(SORT_BY_ALIGNMENT(.data.$FLEX_RAM))
 *(SORT_BY_ALIGNMENT(.data.$RAM3.*))
 *(SORT_BY_ALIGNMENT(.data.$FLEX_RAM.*))
                0x0000000014000000                . = ALIGN (0x8)
                [!provide]                        PROVIDE (__end_data_RAM3 = .)
                [!provide]                        PROVIDE (__end_data_FLEX_RAM = .)

.uninit_RESERVED
                0x0000000020000000        0x0
                0x0000000020000000                _start_uninit_RESERVED = .
 *(SORT_BY_ALIGNMENT(.bss.$RESERVED*))
                0x0000000020000000                . = ALIGN (0x8)
                0x0000000020000000                _end_uninit_RESERVED = .

.data           0x0000000020000000       0x40 load address 0x00000000000090d0
 FILL mask 0xff
                0x0000000020000000                _data = .
                [!provide]                        PROVIDE (__start_data_RAM = .)
                [!provide]                        PROVIDE (__start_data_SRAM_UPPER = .)
 *(SORT_BY_ALIGNMENT(vtable))
 *(SORT_BY_ALIGNMENT(.ramfunc*))
 *(SORT_BY_ALIGNMENT(CodeQuickAccess))
 *(SORT_BY_ALIGNMENT(DataQuickAccess))
 *(SORT_BY_ALIGNMENT(RamFunction))
 *(SORT_BY_ALIGNMENT(.data*))
 .data.sg_coef  0x0000000020000000       0x2c ./source/Quadcopter.o
                0x0000000020000000                sg_coef
 .data.sg_h     0x000000002000002c        0x4 ./source/Quadcopter.o
                0x000000002000002c                sg_h
 .data.s_slowIrcFreq
                0x0000000020000030        0x4 ./drivers/fsl_clock.o
 .data.s_fastIrcFreq
                0x0000000020000034        0x4 ./drivers/fsl_clock.o
 .data.SystemCoreClock
                0x0000000020000038        0x4 ./device/system_MK64F12.o
                0x0000000020000038                SystemCoreClock
 .data.rxOnGoing
                0x000000002000003c        0x1 ./source/Quadcopter.o
                0x000000002000003c                rxOnGoing
                0x0000000020000040                . = ALIGN (0x8)
 *fill*         0x000000002000003d        0x3 ff
                0x0000000020000040                _edata = .
                [!provide]                        PROVIDE (__end_data_RAM = .)
                [!provide]                        PROVIDE (__end_data_SRAM_UPPER = .)

.igot.plt       0x0000000020000040        0x0 load address 0x0000000000009110
 .igot.plt      0x0000000020000040        0x0 ./startup/startup_mk64f12.o

.bss_RAM2       0x000000001fff0000        0x0
                [!provide]                        PROVIDE (__start_bss_RAM2 = .)
                [!provide]                        PROVIDE (__start_bss_SRAM_LOWER = .)
 *(SORT_BY_ALIGNMENT(.bss.$RAM2))
 *(SORT_BY_ALIGNMENT(.bss.$SRAM_LOWER))
 *(SORT_BY_ALIGNMENT(.bss.$RAM2.*))
 *(SORT_BY_ALIGNMENT(.bss.$SRAM_LOWER.*))
                0x000000001fff0000                . = ALIGN ((. != 0x0)?0x8:0x1)
                [!provide]                        PROVIDE (__end_bss_RAM2 = .)
                [!provide]                        PROVIDE (__end_bss_SRAM_LOWER = .)

.bss_RAM3       0x0000000014000000        0x0
                [!provide]                        PROVIDE (__start_bss_RAM3 = .)
                [!provide]                        PROVIDE (__start_bss_FLEX_RAM = .)
 *(SORT_BY_ALIGNMENT(.bss.$RAM3))
 *(SORT_BY_ALIGNMENT(.bss.$FLEX_RAM))
 *(SORT_BY_ALIGNMENT(.bss.$RAM3.*))
 *(SORT_BY_ALIGNMENT(.bss.$FLEX_RAM.*))
                0x0000000014000000                . = ALIGN ((. != 0x0)?0x8:0x1)
                [!provide]                        PROVIDE (__end_bss_RAM3 = .)
                [!provide]                        PROVIDE (__end_bss_FLEX_RAM = .)

.bss            0x0000000020000040      0x270
                0x0000000020000040                _bss = .
                [!provide]                        PROVIDE (__start_bss_RAM = .)
                [!provide]                        PROVIDE (__start_bss_SRAM_UPPER = .)
 *(SORT_BY_ALIGNMENT(.bss*))
 .bss.g_systickCounter
                0x0000000020000040        0x4 ./source/Delays.o
                0x0000000020000040                g_systickCounter
 .bss.mpu_g_m_handle
                0x0000000020000044       0x28 ./source/MPU6050.o
                0x0000000020000044                mpu_g_m_handle
 .bss.uartHandle
                0x000000002000006c       0x30 ./source/Quadcopter.o
                0x000000002000006c                uartHandle
 .bss.rxRingBuffer
                0x000000002000009c        0xa ./source/Quadcopter.o
                0x000000002000009c                rxRingBuffer
 *fill*         0x00000000200000a6        0x2 
 .bss.pitchPID  0x00000000200000a8        0x4 ./source/Quadcopter.o
                0x00000000200000a8                pitchPID
 .bss.rollPID   0x00000000200000ac        0x4 ./source/Quadcopter.o
                0x00000000200000ac                rollPID
 .bss.pitchAngle
                0x00000000200000b0        0x4 ./source/Quadcopter.o
                0x00000000200000b0                pitchAngle
 .bss.rollAngle
                0x00000000200000b4        0x4 ./source/Quadcopter.o
                0x00000000200000b4                rollAngle
 .bss.i_error   0x00000000200000b8        0x4 ./source/Quadcopter.o
                0x00000000200000b8                i_error
 .bss.p_error   0x00000000200000bc        0x4 ./source/Quadcopter.o
                0x00000000200000bc                p_error
 .bss.dt_sec    0x00000000200000c0        0x4 ./source/Quadcopter.o
                0x00000000200000c0                dt_sec
 .bss.LPTMRtime
                0x00000000200000c4        0x4 ./source/Quadcopter.o
                0x00000000200000c4                LPTMRtime
 .bss.rollCircularBuffer
                0x00000000200000c8       0x2c ./source/Quadcopter.o
                0x00000000200000c8                rollCircularBuffer
 .bss.pitchCircularBuffer
                0x00000000200000f4       0x2c ./source/Quadcopter.o
                0x00000000200000f4                pitchCircularBuffer
 .bss.g_xtal0Freq
                0x0000000020000120        0x4 ./drivers/fsl_clock.o
                0x0000000020000120                g_xtal0Freq
 .bss.g_xtal32Freq
                0x0000000020000124        0x4 ./drivers/fsl_clock.o
                0x0000000020000124                g_xtal32Freq
 .bss.g_dspiHandle
                0x0000000020000128        0xc ./drivers/fsl_dspi.o
 .bss.s_dspiMasterIsr
                0x0000000020000134        0x4 ./drivers/fsl_dspi.o
 .bss.s_dspiSlaveIsr
                0x0000000020000138        0x4 ./drivers/fsl_dspi.o
 .bss.s_EDMAHandle
                0x000000002000013c       0x40 ./drivers/fsl_edma.o
 .bss.s_ENETHandle
                0x000000002000017c        0x4 ./drivers/fsl_enet.o
 .bss.s_enetTxIsr
                0x0000000020000180        0x4 ./drivers/fsl_enet.o
 .bss.s_enetRxIsr
                0x0000000020000184        0x4 ./drivers/fsl_enet.o
 .bss.s_enetErrIsr
                0x0000000020000188        0x4 ./drivers/fsl_enet.o
 .bss.s_enetTsIsr
                0x000000002000018c        0x4 ./drivers/fsl_enet.o
 .bss.s_flexcanHandle
                0x0000000020000190        0x4 ./drivers/fsl_flexcan.o
 .bss.s_flexcanIsr
                0x0000000020000194        0x4 ./drivers/fsl_flexcan.o
 .bss.s_i2cHandle
                0x0000000020000198        0xc ./drivers/fsl_i2c.o
 .bss.s_i2cMasterIsr
                0x00000000200001a4        0x4 ./drivers/fsl_i2c.o
 .bss.s_i2cSlaveIsr
                0x00000000200001a8        0x4 ./drivers/fsl_i2c.o
 .bss.s_saiHandle
                0x00000000200001ac        0x8 ./drivers/fsl_sai.o
 .bss.s_saiTxIsr
                0x00000000200001b4        0x4 ./drivers/fsl_sai.o
 .bss.s_saiRxIsr
                0x00000000200001b8        0x4 ./drivers/fsl_sai.o
 .bss.s_sdhcHandle
                0x00000000200001bc        0x4 ./drivers/fsl_sdhc.o
 .bss.s_sdhcIsr
                0x00000000200001c0        0x4 ./drivers/fsl_sdhc.o
 .bss.s_uartHandle
                0x00000000200001c4       0x18 ./drivers/fsl_uart.o
 .bss.s_uartIsr
                0x00000000200001dc        0x4 ./drivers/fsl_uart.o