Archive member included to satisfy reference by file (symbol)

/usr/local/mcuxpressoide-11.1.1_3241/ide/plugins/com.nxp.mcuxpresso.tools.linux_11.1.0.202001081728/tools/bin/../lib/gcc/arm-none-eabi/8.3.1/../../../../arm-none-eabi/lib/thumb/v7e-m+fp/hard/libcr_semihost_nf.a(_cr__main.o)
                              ./startup/startup_mk64f12.o (__main)
/usr/local/mcuxpressoide-11.1.1_3241/ide/plugins/com.nxp.mcuxpresso.tools.linux_11.1.0.202001081728/tools/bin/../lib/gcc/arm-none-eabi/8.3.1/../../../../arm-none-eabi/lib/thumb/v7e-m+fp/hard/libcr_semihost_nf.a(_cr_assert.o)
                              ./utilities/fsl_debug_console.o (__assertion_failed)
/usr/local/mcuxpressoide-11.1.1_3241/ide/plugins/com.nxp.mcuxpresso.tools.linux_11.1.0.202001081728/tools/bin/../lib/gcc/arm-none-eabi/8.3.1/../../../../arm-none-eabi/lib/thumb/v7e-m+fp/hard/libcr_semihost_nf.a(__ciob.o)
                              /usr/local/mcuxpressoide-11.1.1_3241/ide/plugins/com.nxp.mcuxpresso.tools.linux_11.1.0.202001081728/tools/bin/../lib/gcc/arm-none-eabi/8.3.1/../../../../arm-none-eabi/lib/thumb/v7e-m+fp/hard/libcr_semihost_nf.a(_cr_assert.o) (__Ciob)
/usr/local/mcuxpressoide-11.1.1_3241/ide/plugins/com.nxp.mcuxpresso.tools.linux_11.1.0.202001081728/tools/bin/../lib/gcc/arm-none-eabi/8.3.1/../../../../arm-none-eabi/lib/thumb/v7e-m+fp/hard/libcr_semihost_nf.a(__sys_appexit.o)
                              /usr/local/mcuxpressoide-11.1.1_3241/ide/plugins/com.nxp.mcuxpresso.tools.linux_11.1.0.202001081728/tools/bin/../lib/gcc/arm-none-eabi/8.3.1/../../../../arm-none-eabi/lib/thumb/v7e-m+fp/hard/libcr_semihost_nf.a(_cr_assert.o) (__sys_appexit)
/usr/local/mcuxpressoide-11.1.1_3241/ide/plugins/com.nxp.mcuxpresso.tools.linux_11.1.0.202001081728/tools/bin/../lib/gcc/arm-none-eabi/8.3.1/../../../../arm-none-eabi/lib/thumb/v7e-m+fp/hard/libcr_c.a(atanf.o)
                              ./source/MPU6050.o (atanf)
/usr/local/mcuxpressoide-11.1.1_3241/ide/plugins/com.nxp.mcuxpresso.tools.linux_11.1.0.202001081728/tools/bin/../lib/gcc/arm-none-eabi/8.3.1/../../../../arm-none-eabi/lib/thumb/v7e-m+fp/hard/libcr_c.a(fabsf.o)
                              /usr/local/mcuxpressoide-11.1.1_3241/ide/plugins/com.nxp.mcuxpresso.tools.linux_11.1.0.202001081728/tools/bin/../lib/gcc/arm-none-eabi/8.3.1/../../../../arm-none-eabi/lib/thumb/v7e-m+fp/hard/libcr_c.a(atanf.o) (fabsf)
/usr/local/mcuxpressoide-11.1.1_3241/ide/plugins/com.nxp.mcuxpresso.tools.linux_11.1.0.202001081728/tools/bin/../lib/gcc/arm-none-eabi/8.3.1/../../../../arm-none-eabi/lib/thumb/v7e-m+fp/hard/libcr_c.a(powf.o)
                              ./source/MPU6050.o (powf)
/usr/local/mcuxpressoide-11.1.1_3241/ide/plugins/com.nxp.mcuxpresso.tools.linux_11.1.0.202001081728/tools/bin/../lib/gcc/arm-none-eabi/8.3.1/../../../../arm-none-eabi/lib/thumb/v7e-m+fp/hard/libcr_c.a(sqrtf_m4_hardfp.o)
                              ./source/MPU6050.o (sqrtf)
/usr/local/mcuxpressoide-11.1.1_3241/ide/plugins/com.nxp.mcuxpresso.tools.linux_11.1.0.202001081728/tools/bin/../lib/gcc/arm-none-eabi/8.3.1/../../../../arm-none-eabi/lib/thumb/v7e-m+fp/hard/libcr_c.a(memcpy.o)
                              ./drivers/fsl_enet.o (memcpy)
/usr/local/mcuxpressoide-11.1.1_3241/ide/plugins/com.nxp.mcuxpresso.tools.linux_11.1.0.202001081728/tools/bin/../lib/gcc/arm-none-eabi/8.3.1/../../../../arm-none-eabi/lib/thumb/v7e-m+fp/hard/libcr_c.a(memset.o)
                              ./source/FXOS8700CQ.o (memset)
/usr/local/mcuxpressoide-11.1.1_3241/ide/plugins/com.nxp.mcuxpresso.tools.linux_11.1.0.202001081728/tools/bin/../lib/gcc/arm-none-eabi/8.3.1/../../../../arm-none-eabi/lib/thumb/v7e-m+fp/hard/libcr_c.a(_deferredlazyseek.o)
                              /usr/local/mcuxpressoide-11.1.1_3241/ide/plugins/com.nxp.mcuxpresso.tools.linux_11.1.0.202001081728/tools/bin/../lib/gcc/arm-none-eabi/8.3.1/../../../../arm-none-eabi/lib/thumb/v7e-m+fp/hard/libcr_semihost_nf.a(_cr_assert.o) (__flsbuf)
/usr/local/mcuxpressoide-11.1.1_3241/ide/plugins/com.nxp.mcuxpresso.tools.linux_11.1.0.202001081728/tools/bin/../lib/gcc/arm-none-eabi/8.3.1/../../../../arm-none-eabi/lib/thumb/v7e-m+fp/hard/libcr_c.a(_fflush.o)
                              /usr/local/mcuxpressoide-11.1.1_3241/ide/plugins/com.nxp.mcuxpresso.tools.linux_11.1.0.202001081728/tools/bin/../lib/gcc/arm-none-eabi/8.3.1/../../../../arm-none-eabi/lib/thumb/v7e-m+fp/hard/libcr_c.a(_deferredlazyseek.o) (_fflush)
/usr/local/mcuxpressoide-11.1.1_3241/ide/plugins/com.nxp.mcuxpresso.tools.linux_11.1.0.202001081728/tools/bin/../lib/gcc/arm-none-eabi/8.3.1/../../../../arm-none-eabi/lib/thumb/v7e-m+fp/hard/libcr_c.a(_writebuf.o)
                              /usr/local/mcuxpressoide-11.1.1_3241/ide/plugins/com.nxp.mcuxpresso.tools.linux_11.1.0.202001081728/tools/bin/../lib/gcc/arm-none-eabi/8.3.1/../../../../arm-none-eabi/lib/thumb/v7e-m+fp/hard/libcr_c.a(_deferredlazyseek.o) (_Cwritebuf)
[...]
Memory Configuration

Name             Origin             Length             Attributes
PROGRAM_FLASH    0x0000000000000000 0x0000000000100000 xr
SRAM_UPPER       0x0000000020000000 0x0000000000030000 xrw
SRAM_LOWER       0x000000001fff0000 0x0000000000010000 xrw
FLEX_RAM         0x0000000014000000 0x0000000000001000 xrw
*default*        0x0000000000000000 0xffffffffffffffff

Linker script and memory map

LOAD ./utilities/fsl_debug_console.o
LOAD ./utilities/fsl_str.o
LOAD ./startup/startup_mk64f12.o
LOAD ./source/Delays.o
LOAD ./source/FXOS8700CQ.o
LOAD ./source/MPU6050.o
LOAD ./source/PIDcontroller.o
LOAD ./source/PWM_functions.o
LOAD ./source/Quadcopter.o
LOAD ./source/RGB_LEDS.o
LOAD ./source/semihost_hardfault.o
LOAD ./drivers/fsl_adc16.o
LOAD ./drivers/fsl_clock.o
LOAD ./drivers/fsl_cmp.o
LOAD ./drivers/fsl_cmt.o
LOAD ./drivers/fsl_common.o
LOAD ./drivers/fsl_crc.o
LOAD ./drivers/fsl_dac.o
LOAD ./drivers/fsl_dmamux.o
LOAD ./drivers/fsl_dspi.o
LOAD ./drivers/fsl_dspi_edma.o
LOAD ./drivers/fsl_edma.o
LOAD ./drivers/fsl_enet.o
LOAD ./drivers/fsl_ewm.o
LOAD ./drivers/fsl_flexbus.o
LOAD ./drivers/fsl_flexcan.o
LOAD ./drivers/fsl_ftfx_cache.o
LOAD ./drivers/fsl_ftfx_controller.o
LOAD ./drivers/fsl_ftfx_flash.o
LOAD ./drivers/fsl_ftfx_flexnvm.o
LOAD ./drivers/fsl_ftm.o
LOAD ./drivers/fsl_gpio.o
LOAD ./drivers/fsl_i2c.o
LOAD ./drivers/fsl_i2c_edma.o
LOAD ./drivers/fsl_llwu.o
LOAD ./drivers/fsl_lptmr.o
LOAD ./drivers/fsl_pdb.o
LOAD ./drivers/fsl_pit.o
LOAD ./drivers/fsl_pmc.o
LOAD ./drivers/fsl_rcm.o
LOAD ./drivers/fsl_rnga.o
LOAD ./drivers/fsl_rtc.o
LOAD ./drivers/fsl_sai.o
LOAD ./drivers/fsl_sai_edma.o
LOAD ./drivers/fsl_sdhc.o
LOAD ./drivers/fsl_sim.o
LOAD ./drivers/fsl_smc.o
LOAD ./drivers/fsl_sysmpu.o
LOAD ./drivers/fsl_uart.o
LOAD ./drivers/fsl_uart_edma.o
LOAD ./drivers/fsl_vref.o
LOAD ./drivers/fsl_wdog.o
LOAD ./device/system_MK64F12.o
LOAD ./component/uart/uart_adapter.o
LOAD ./component/serial_manager/serial_manager.o
LOAD ./component/serial_manager/serial_port_uart.o
LOAD ./component/lists/generic_list.o
LOAD ./board/board.o
LOAD ./board/clock_config.o
LOAD ./board/peripherals.o
LOAD ./board/pin_mux.o
START GROUP
LOAD /usr/local/mcuxpressoide-11.1.1_3241/ide/plugins/com.nxp.mcuxpresso.tools.linux_11.1.0.202001081728/tools/bin/../lib/gcc/arm-none-eabi/8.3.1/../../../../arm-none-eabi/lib/thumb/v7e-m+fp/hard/libcr_semihost_nf.a
LOAD /usr/local/mcuxpressoide-11.1.1_3241/ide/plugins/com.nxp.mcuxpresso.tools.linux_11.1.0.202001081728/tools/bin/../lib/gcc/arm-none-eabi/8.3.1/../../../../arm-none-eabi/lib/thumb/v7e-m+fp/hard/libcr_c.a
LOAD /usr/local/mcuxpressoide-11.1.1_3241/ide/plugins/com.nxp.mcuxpresso.tools.linux_11.1.0.202001081728/tools/bin/../lib/gcc/arm-none-eabi/8.3.1/thumb/v7e-m+fp/hard/libcr_eabihelpers.a
LOAD /usr/local/mcuxpressoide-11.1.1_3241/ide/plugins/com.nxp.mcuxpresso.tools.linux_11.1.0.202001081728/tools/bin/../lib/gcc/arm-none-eabi/8.3.1/thumb/v7e-m+fp/hard/libgcc.a
END GROUP
                0x0000000000000000                __base_PROGRAM_FLASH = 0x0
                0x0000000000000000                __base_Flash = 0x0
                0x0000000000100000                __top_PROGRAM_FLASH = 0x100000
                0x0000000000100000                __top_Flash = 0x100000
                0x0000000020000000                __base_SRAM_UPPER = 0x20000000
                0x0000000020000000                __base_RAM = 0x20000000
                0x0000000020030000                __top_SRAM_UPPER = 0x20030000
                0x0000000020030000                __top_RAM = 0x20030000
                0x000000001fff0000                __base_SRAM_LOWER = 0x1fff0000
                0x000000001fff0000                __base_RAM2 = 0x1fff0000
                0x0000000020000000                __top_SRAM_LOWER = 0x20000000
                0x0000000020000000                __top_RAM2 = 0x20000000
                0x0000000014000000                __base_FLEX_RAM = 0x14000000
                0x0000000014000000                __base_RAM3 = 0x14000000
                0x0000000014001000                __top_FLEX_RAM = 0x14001000
                0x0000000014001000                __top_RAM3 = 0x14001000

.text           0x0000000000000000     0x9190
 FILL mask 0xff
                0x0000000000000000                __vectors_start__ = ABSOLUTE (.)
 *(SORT_BY_ALIGNMENT(.isr_vector))
 .isr_vector    0x0000000000000000      0x198 ./startup/startup_mk64f12.o
                0x0000000000000000                __Vectors
                0x0000000000000000                g_pfnVectors
                0x0000000000000198                . = ALIGN (0x4)
                0x0000000000000198                __section_table_start = .
                0x0000000000000198                __data_section_table = .
                0x0000000000000198        0x4 LONG 0x9190 LOADADDR (.data)
                0x000000000000019c        0x4 LONG 0x20000000 ADDR (.data)
                0x00000000000001a0        0x4 LONG 0x10 SIZEOF (.data)
                0x00000000000001a4        0x4 LONG 0x9190 LOADADDR (.data_RAM2)
                0x00000000000001a8        0x4 LONG 0x1fff0000 ADDR (.data_RAM2)
                0x00000000000001ac        0x4 LONG 0x0 SIZEOF (.data_RAM2)
                0x00000000000001b0        0x4 LONG 0x9190 LOADADDR (.data_RAM3)
                0x00000000000001b4        0x4 LONG 0x14000000 ADDR (.data_RAM3)
                0x00000000000001b8        0x4 LONG 0x0 SIZEOF (.data_RAM3)
                0x00000000000001bc                __data_section_table_end = .
                0x00000000000001bc                __bss_section_table = .
                0x00000000000001bc        0x4 LONG 0x20000010 ADDR (.bss)
                0x00000000000001c0        0x4 LONG 0x218 SIZEOF (.bss)
                0x00000000000001c4        0x4 LONG 0x1fff0000 ADDR (.bss_RAM2)
                0x00000000000001c8        0x4 LONG 0x0 SIZEOF (.bss_RAM2)
                0x00000000000001cc        0x4 LONG 0x14000000 ADDR (.bss_RAM3)
                0x00000000000001d0        0x4 LONG 0x0 SIZEOF (.bss_RAM3)
                0x00000000000001d4                __bss_section_table_end = .
                0x00000000000001d4                __section_table_end = .
 *(SORT_BY_ALIGNMENT(.after_vectors*))
 .after_vectors.reset
                0x00000000000001d4       0x4c ./startup/startup_mk64f12.o
                0x00000000000001d4                ResetISR
 .after_vectors.init_data
                0x0000000000000220       0x1e ./startup/startup_mk64f12.o
                0x0000000000000220                data_init
 .after_vectors.init_bss
                0x000000000000023e       0x12 ./startup/startup_mk64f12.o
                0x000000000000023e                bss_init
 .after_vectors
                0x0000000000000250       0x14 ./startup/startup_mk64f12.o
                0x0000000000000250                NMI_Handler
                0x0000000000000254                MemManage_Handler
                0x0000000000000256                BusFault_Handler
                0x0000000000000258                UsageFault_Handler
                0x000000000000025a                SVC_Handler
                0x000000000000025c                DebugMon_Handler
                0x000000000000025e                PendSV_Handler
                0x0000000000000262                PORTB_DriverIRQHandler
                0x0000000000000262                LPTMR0_DriverIRQHandler
                0x0000000000000262                DMA_Error_DriverIRQHandler
                0x0000000000000262                FTM1_DriverIRQHandler
                0x0000000000000262                FTM2_DriverIRQHandler
                0x0000000000000262                PIT2_DriverIRQHandler
                0x0000000000000262                RTC_Seconds_DriverIRQHandler
                0x0000000000000262                LLWU_DriverIRQHandler
                0x0000000000000262                MCM_DriverIRQHandler
                0x0000000000000262                MCG_DriverIRQHandler
                0x0000000000000262                ENET_1588_Timer_DriverIRQHandler
                0x0000000000000262                DAC1_DriverIRQHandler
                0x0000000000000262                CMP1_DriverIRQHandler
                0x0000000000000262                FTM0_DriverIRQHandler
                0x0000000000000262                IntDefaultHandler
                0x0000000000000262                USB0_DriverIRQHandler
                0x0000000000000262                UART5_ERR_DriverIRQHandler
                0x0000000000000262                PORTC_DriverIRQHandler
                0x0000000000000262                DAC0_DriverIRQHandler
                0x0000000000000262                CMP2_DriverIRQHandler
                0x0000000000000262                UART2_ERR_DriverIRQHandler
                0x0000000000000262                LVD_LVW_DriverIRQHandler
                0x0000000000000262                PIT0_DriverIRQHandler
                0x0000000000000262                RNG_DriverIRQHandler
                0x0000000000000262                USBDCD_DriverIRQHandler
                0x0000000000000262                UART3_ERR_DriverIRQHandler
                0x0000000000000262                UART0_ERR_DriverIRQHandler
                0x0000000000000262                CMT_DriverIRQHandler
                0x0000000000000262                Reserved71_DriverIRQHandler
                0x0000000000000262                ADC1_DriverIRQHandler
                0x0000000000000262                PORTA_DriverIRQHandler
                0x0000000000000262                PIT3_DriverIRQHandler
                0x0000000000000262                PIT1_DriverIRQHandler
                0x0000000000000262                WDOG_EWM_DriverIRQHandler
                0x0000000000000262                PDB0_DriverIRQHandler
                0x0000000000000262                RTC_DriverIRQHandler
                0x0000000000000262                Read_Collision_DriverIRQHandler
                0x0000000000000262                SWI_DriverIRQHandler
                0x0000000000000262                UART4_ERR_DriverIRQHandler
                0x0000000000000262                UART0_LON_DriverIRQHandler
                0x0000000000000262                ENET_Receive_DriverIRQHandler
                0x0000000000000262                ENET_Error_DriverIRQHandler
                0x0000000000000262                ADC0_DriverIRQHandler
                0x0000000000000262                CMP0_DriverIRQHandler
                0x0000000000000262                FTM3_DriverIRQHandler
                0x0000000000000262                UART1_ERR_DriverIRQHandler
                0x0000000000000262                ENET_Transmit_DriverIRQHandler
                0x0000000000000262                PORTD_DriverIRQHandler
                0x0000000000000262                PORTE_DriverIRQHandler
                0x0000000000000262                FTFE_DriverIRQHandler
                0x0000000000000400                . = 0x400
 *fill*         0x0000000000000264      0x19c ff
                0x0000000000000400                PROVIDE (__FLASH_CONFIG_START__ = .)
 *(SORT_BY_ALIGNMENT(.FlashConfig))
 .FlashConfig   0x0000000000000400       0x10 ./startup/startup_mk64f12.o
                0x0000000000000400                Flash_Config
                0x0000000000000410                PROVIDE (__FLASH_CONFIG_END__ = .)
                0x0000000000000001                ASSERT (! ((__FLASH_CONFIG_START__ == __FLASH_CONFIG_END__)), Linker Flash Config Support Enabled, but no .FlashConfig section provided within application)
 *(SORT_BY_ALIGNMENT(.text*))
 .text.MPU6050_GetAngularVelocity
                0x0000000000000410      0x11c ./source/MPU6050.o
                0x0000000000000410                MPU6050_GetAngularVelocity
 *fill*         0x000000000000052c        0x4 ff
 .text.MPU6050_GetXAngle
                0x0000000000000530       0xec ./source/MPU6050.o
                0x0000000000000530                MPU6050_GetXAngle
 *fill*         0x000000000000061c        0x4 ff
 .text.MPU6050_GetYAngle
                0x0000000000000620       0xec ./source/MPU6050.o
                0x0000000000000620                MPU6050_GetYAngle
 *fill*         0x000000000000070c        0x4 ff
 .text.MPU6050_ComplementaryFilterAngles
                0x0000000000000710      0x100 ./source/MPU6050.o
                0x0000000000000710                MPU6050_ComplementaryFilterAngles
 .text.getPitchPID
                0x0000000000000810       0xec ./source/PIDcontroller.o
                0x0000000000000810                getPitchPID
 *fill*         0x00000000000008fc        0x4 ff
 .text.getRollPID
                0x0000000000000900       0xec ./source/PIDcontroller.o
                0x0000000000000900                getRollPID
 *fill*         0x00000000000009ec        0x4 ff
 .text.main     0x00000000000009f0      0x358 ./source/Quadcopter.o
                0x00000000000009f0                main
 .text.powf     0x0000000000000d48      0x2d4 /usr/local/mcuxpressoide-11.1.1_3241/ide/plugins/com.nxp.mcuxpresso.tools.linux_11.1.0.202001081728/tools/bin/../lib/gcc/arm-none-eabi/8.3.1/../../../../arm-none-eabi/lib/thumb/v7e-m+fp/hard/libcr_c.a(powf.o)
                0x0000000000000d48                powf
 *fill*         0x000000000000101c        0x4 ff
 .text.fp_display
                0x0000000000001020      0x964 /usr/local/mcuxpressoide-11.1.1_3241/ide/plugins/com.nxp.mcuxpresso.tools.linux_11.1.0.202001081728/tools/bin/../lib/gcc/arm-none-eabi/8.3.1/../../../../arm-none-eabi/lib/thumb/v7e-m+fp/hard/libcr_c.a(fpprintf.o)
 *fill*         0x0000000000001984        0x4 ff
 .text._frexpl  0x0000000000001988       0x68 /usr/local/mcuxpressoide-11.1.1_3241/ide/plugins/com.nxp.mcuxpresso.tools.linux_11.1.0.202001081728/tools/bin/../lib/gcc/arm-none-eabi/8.3.1/../../../../arm-none-eabi/lib/thumb/v7e-m+fp/hard/libcr_c.a(_frexpl.o)
                0x0000000000001988                _frexpl
 .text._ldexpl  0x00000000000019f0       0x5c /usr/local/mcuxpressoide-11.1.1_3241/ide/plugins/com.nxp.mcuxpresso.tools.linux_11.1.0.202001081728/tools/bin/../lib/gcc/arm-none-eabi/8.3.1/../../../../arm-none-eabi/lib/thumb/v7e-m+fp/hard/libcr_c.a(_ldexpl.o)
                0x00000000000019f0                _ldexpl
 .text.__NVIC_SetPriority
                0x0000000000001a4c       0x54 ./source/Delays.o
 .text.SysTick_Config
                0x0000000000001aa0       0x44 ./source/Delays.o
 .text.SysTick_Handler
                0x0000000000001ae4       0x24 ./source/Delays.o
                0x0000000000001ae4                SysTick_Handler
 .text.SysTick_DelayTicks
                0x0000000000001b08       0x28 ./source/Delays.o
                0x0000000000001b08                SysTick_DelayTicks
 .text.SysTick_init
                0x0000000000001b30       0x2c ./source/Delays.o
                0x0000000000001b30                SysTick_init
 .text.MPU6050_Init
                0x0000000000001b5c       0x20 ./source/MPU6050.o
                0x0000000000001b5c                MPU6050_Init
 .text.MPU6050_i2c_master_callback
                0x0000000000001b7c       0x48 ./source/MPU6050.o
                0x0000000000001b7c                MPU6050_i2c_master_callback
 .text.MPU6050_ReadSensorWhoAmI
                0x0000000000001bc4      0x10c ./source/MPU6050.o
                0x0000000000001bc4                MPU6050_ReadSensorWhoAmI
 .text.MPU6050_Configure_Device
                0x0000000000001cd0       0x6c ./source/MPU6050.o
                0x0000000000001cd0                MPU6050_Configure_Device
 .text.MPU6050_WriteAccelReg
                0x0000000000001d3c       0xa8 ./source/MPU6050.o
                0x0000000000001d3c                MPU6050_WriteAccelReg
 .text.MPU6050_ReadAccelRegs
                0x0000000000001de4       0xa0 ./source/MPU6050.o
                0x0000000000001de4                MPU6050_ReadAccelRegs
 .text.MPU6050_Read_Accel_Data
                0x0000000000001e84       0x68 ./source/MPU6050.o
                0x0000000000001e84                MPU6050_Read_Accel_Data
 .text.MPU6050_Read_Gyro_Data
                0x0000000000001eec       0x68 ./source/MPU6050.o
                0x0000000000001eec                MPU6050_Read_Gyro_Data
 .text.FTM0_init
                0x0000000000001f54       0xb8 ./source/PWM_functions.o
                0x0000000000001f54                FTM0_init
 .text.LPTMR_SetTimerPeriod
                0x000000000000200c       0x2c ./source/Quadcopter.o
 .text.UART_UserCallback
                0x0000000000002038       0x50 ./source/Quadcopter.o
                0x0000000000002038                UART_UserCallback
 .text.get_J_and_T
                0x0000000000002088      0x200 ./source/Quadcopter.o
                0x0000000000002088                get_J_and_T
 .text.MotorUpdate
                0x0000000000002288      0x120 ./source/Quadcopter.o
                0x0000000000002288                MotorUpdate
 .text.RGB_LED_init
                0x00000000000023a8       0x64 ./source/RGB_LEDS.o
                0x00000000000023a8                RGB_LED_init
 .text.RedLEDon
                0x000000000000240c       0x18 ./source/RGB_LEDS.o
                0x000000000000240c                RedLEDon
 .text.RedLEDoff
                0x0000000000002424       0x18 ./source/RGB_LEDS.o
                0x0000000000002424                RedLEDoff
 .text.GreenLEDon
                0x000000000000243c       0x18 ./source/RGB_LEDS.o
                0x000000000000243c                GreenLEDon
 .text.GreenLEDoff
                0x0000000000002454       0x18 ./source/RGB_LEDS.o
                0x0000000000002454                GreenLEDoff
 .text.BlueLEDon
                0x000000000000246c       0x18 ./source/RGB_LEDS.o
                0x000000000000246c                BlueLEDon
 .text.BlueLEDoff
                0x0000000000002484       0x18 ./source/RGB_LEDS.o
                0x0000000000002484                BlueLEDoff
 .text.CLOCK_SetEr32kClock
                0x000000000000249c       0x30 ./drivers/fsl_clock.o
 .text.CLOCK_SetPllFllSelClock
                0x00000000000024cc       0x3c ./drivers/fsl_clock.o
 .text.CLOCK_GetMcgExtClkFreq
                0x0000000000002508       0x78 ./drivers/fsl_clock.o
 .text.CLOCK_GetFllExtRefClkFreq
                0x0000000000002580       0xc4 ./drivers/fsl_clock.o
 .text.CLOCK_GetInternalRefClkSelectFreq
                0x0000000000002644       0x4c ./drivers/fsl_clock.o
 .text.CLOCK_GetFllRefClkFreq
                0x0000000000002690       0x34 ./drivers/fsl_clock.o
 .text.CLOCK_GetOscRangeFromFreq
                0x00000000000026c4       0x3c ./drivers/fsl_clock.o
 .text.CLOCK_GetOsc0ErClkFreq
                0x0000000000002700       0x44 ./drivers/fsl_clock.o
                0x0000000000002700                CLOCK_GetOsc0ErClkFreq
 .text.CLOCK_GetEr32kClkFreq
                0x0000000000002744       0x70 ./drivers/fsl_clock.o
                0x0000000000002744                CLOCK_GetEr32kClkFreq
 .text.CLOCK_GetPllFllSelClkFreq
                0x00000000000027b4       0x54 ./drivers/fsl_clock.o
                0x00000000000027b4                CLOCK_GetPllFllSelClkFreq
 .text.CLOCK_GetFreq
                0x0000000000002808      0x148 ./drivers/fsl_clock.o
                0x0000000000002808                CLOCK_GetFreq
 .text.CLOCK_SetSimConfig
                0x0000000000002950       0x38 ./drivers/fsl_clock.o
                0x0000000000002950                CLOCK_SetSimConfig
 .text.CLOCK_EnableUsbfs0Clock
                0x0000000000002988      0x108 ./drivers/fsl_clock.o
                0x0000000000002988                CLOCK_EnableUsbfs0Clock
 .text.CLOCK_GetOutClkFreq
                0x0000000000002a90       0x64 ./drivers/fsl_clock.o
                0x0000000000002a90                CLOCK_GetOutClkFreq
 .text.CLOCK_GetFllFreq
                0x0000000000002af4       0x84 ./drivers/fsl_clock.o
                0x0000000000002af4                CLOCK_GetFllFreq
 .text.CLOCK_GetInternalRefClkFreq
                0x0000000000002b78       0x30 ./drivers/fsl_clock.o
                0x0000000000002b78                CLOCK_GetInternalRefClkFreq
 .text.CLOCK_GetPll0Freq
                0x0000000000002ba8       0x78 ./drivers/fsl_clock.o
                0x0000000000002ba8                CLOCK_GetPll0Freq
 .text.CLOCK_SetExternalRefClkConfig
                0x0000000000002c20       0x6c ./drivers/fsl_clock.o
                0x0000000000002c20                CLOCK_SetExternalRefClkConfig
 .text.CLOCK_SetInternalRefClkConfig
                0x0000000000002c8c      0x104 ./drivers/fsl_clock.o
                0x0000000000002c8c                CLOCK_SetInternalRefClkConfig
 .text.CLOCK_EnablePll0
                0x0000000000002d90       0x84 ./drivers/fsl_clock.o
                0x0000000000002d90                CLOCK_EnablePll0
 .text.CLOCK_InitOsc0
                0x0000000000002e14       0x8c ./drivers/fsl_clock.o
                0x0000000000002e14                CLOCK_InitOsc0
 .text.CLOCK_SetPbeMode
                0x0000000000002ea0       0xa8 ./drivers/fsl_clock.o
                0x0000000000002ea0                CLOCK_SetPbeMode
 .text.CLOCK_BootToPeeMode
                0x0000000000002f48       0x64 ./drivers/fsl_clock.o
                0x0000000000002f48                CLOCK_BootToPeeMode
 .text.DSPI_CommonIRQHandler
                0x0000000000002fac       0x40 ./drivers/fsl_dspi.o
 .text.SPI0_DriverIRQHandler
                0x0000000000002fec       0x30 ./drivers/fsl_dspi.o
                0x0000000000002fec                SPI0_DriverIRQHandler
 .text.SPI1_DriverIRQHandler
                0x000000000000301c       0x30 ./drivers/fsl_dspi.o
                0x000000000000301c                SPI1_DriverIRQHandler
 .text.SPI2_DriverIRQHandler
                0x000000000000304c       0x30 ./drivers/fsl_dspi.o
                0x000000000000304c                SPI2_DriverIRQHandler
 .text.EDMA_HandleIRQ
                0x000000000000307c      0x160 ./drivers/fsl_edma.o
                0x000000000000307c                EDMA_HandleIRQ
 .text.DMA0_DriverIRQHandler
                0x00000000000031dc       0x1c ./drivers/fsl_edma.o
                0x00000000000031dc                DMA0_DriverIRQHandler
 .text.DMA1_DriverIRQHandler
                0x00000000000031f8       0x1c ./drivers/fsl_edma.o
                0x00000000000031f8                DMA1_DriverIRQHandler
 .text.DMA2_DriverIRQHandler
                0x0000000000003214       0x1c ./drivers/fsl_edma.o
                0x0000000000003214                DMA2_DriverIRQHandler
 .text.DMA3_DriverIRQHandler
                0x0000000000003230       0x1c ./drivers/fsl_edma.o
                0x0000000000003230                DMA3_DriverIRQHandler
 .text.DMA4_DriverIRQHandler
                0x000000000000324c       0x1c ./drivers/fsl_edma.o
                0x000000000000324c                DMA4_DriverIRQHandler
 .text.DMA5_DriverIRQHandler
                0x0000000000003268       0x1c ./drivers/fsl_edma.o
                0x0000000000003268                DMA5_DriverIRQHandler
 .text.DMA6_DriverIRQHandler
                0x0000000000003284       0x1c ./drivers/fsl_edma.o
                0x0000000000003284                DMA6_DriverIRQHandler
 .text.DMA7_DriverIRQHandler
                0x00000000000032a0       0x1c ./drivers/fsl_edma.o
                0x00000000000032a0                DMA7_DriverIRQHandler
 .text.DMA8_DriverIRQHandler
                0x00000000000032bc       0x1c ./drivers/fsl_edma.o
                0x00000000000032bc                DMA8_DriverIRQHandler
 .text.DMA9_DriverIRQHandler
                0x00000000000032d8       0x1c ./drivers/fsl_edma.o
                0x00000000000032d8                DMA9_DriverIRQHandler
 .text.DMA10_DriverIRQHandler
                0x00000000000032f4       0x1c ./drivers/fsl_edma.o
                0x00000000000032f4                DMA10_DriverIRQHandler
 .text.DMA11_DriverIRQHandler
                0x0000000000003310       0x1c ./drivers/fsl_edma.o
                0x0000000000003310                DMA11_DriverIRQHandler
 .text.DMA12_DriverIRQHandler
                0x000000000000332c       0x1c ./drivers/fsl_edma.o
                0x000000000000332c                DMA12_DriverIRQHandler
 .text.DMA13_DriverIRQHandler
                0x0000000000003348       0x1c ./drivers/fsl_edma.o
                0x0000000000003348                DMA13_DriverIRQHandler
 .text.DMA14_DriverIRQHandler
                0x0000000000003364       0x1c ./drivers/fsl_edma.o
                0x0000000000003364                DMA14_DriverIRQHandler
 .text.DMA15_DriverIRQHandler
                0x0000000000003380       0x1c ./drivers/fsl_edma.o
                0x0000000000003380                DMA15_DriverIRQHandler
 .text.ENET_Transmit_IRQHandler
                0x000000000000339c       0x28 ./drivers/fsl_enet.o
                0x000000000000339c                ENET_Transmit_IRQHandler
 .text.ENET_Receive_IRQHandler
                0x00000000000033c4       0x28 ./drivers/fsl_enet.o
                0x00000000000033c4                ENET_Receive_IRQHandler
 .text.ENET_Error_IRQHandler
                0x00000000000033ec       0x28 ./drivers/fsl_enet.o
                0x00000000000033ec                ENET_Error_IRQHandler
 .text.ENET_1588_Timer_IRQHandler
                0x0000000000003414       0x28 ./drivers/fsl_enet.o
                0x0000000000003414                ENET_1588_Timer_IRQHandler
 .text.CAN0_DriverIRQHandler
                0x000000000000343c       0x38 ./drivers/fsl_flexcan.o
                0x000000000000343c                CAN0_DriverIRQHandler
 .text.FTM_GetInstance
                0x0000000000003474       0x54 ./drivers/fsl_ftm.o
 .text.FTM_SetPwmSync
                0x00000000000034c8      0x140 ./drivers/fsl_ftm.o
 .text.FTM_SetReloadPoints
                0x0000000000003608      0x138 ./drivers/fsl_ftm.o
 .text.FTM_Init
                0x0000000000003740       0xf4 ./drivers/fsl_ftm.o
                0x0000000000003740                FTM_Init
 .text.FTM_GetDefaultConfig
                0x0000000000003834       0x74 ./drivers/fsl_ftm.o
                0x0000000000003834                FTM_GetDefaultConfig
 .text.FTM_SetupPwm
                0x00000000000038a8      0x330 ./drivers/fsl_ftm.o
                0x00000000000038a8                FTM_SetupPwm
 .text.GPIO_PinInit
                0x0000000000003bd8       0x68 ./drivers/fsl_gpio.o
                0x0000000000003bd8                GPIO_PinInit
 .text.__NVIC_EnableIRQ
                0x0000000000003c40       0x3c ./drivers/fsl_i2c.o
 .text.I2C_GetInstance
                0x0000000000003c7c       0x4c ./drivers/fsl_i2c.o
                0x0000000000003c7c                I2C_GetInstance
 .text.I2C_MasterTransferRunStateMachine
                0x0000000000003cc8      0x25c ./drivers/fsl_i2c.o
 .text.I2C_TransferCommonIRQHandler
                0x0000000000003f24       0x54 ./drivers/fsl_i2c.o
 .text.I2C_MasterInit
                0x0000000000003f78       0xe4 ./drivers/fsl_i2c.o
                0x0000000000003f78                I2C_MasterInit
 .text.I2C_MasterSetBaudRate
                0x000000000000405c       0xe8 ./drivers/fsl_i2c.o
                0x000000000000405c                I2C_MasterSetBaudRate
 .text.I2C_MasterTransferCreateHandle
                0x0000000000004144       0x74 ./drivers/fsl_i2c.o
                0x0000000000004144                I2C_MasterTransferCreateHandle
 .text.I2C_MasterTransferNonBlocking
                0x00000000000041b8       0x64 ./drivers/fsl_i2c.o
                0x00000000000041b8                I2C_MasterTransferNonBlocking
 .text.I2C_MasterTransferHandleIRQ
                0x000000000000421c       0xb4 ./drivers/fsl_i2c.o
                0x000000000000421c                I2C_MasterTransferHandleIRQ
 .text.I2C0_DriverIRQHandler
                0x00000000000042d0       0x1c ./drivers/fsl_i2c.o
                0x00000000000042d0                I2C0_DriverIRQHandler
 .text.I2C1_DriverIRQHandler
                0x00000000000042ec       0x1c ./drivers/fsl_i2c.o
                0x00000000000042ec                I2C1_DriverIRQHandler
 .text.I2C2_DriverIRQHandler
                0x0000000000004308       0x1c ./drivers/fsl_i2c.o
                0x0000000000004308                I2C2_DriverIRQHandler
 .text.LPTMR_GetInstance
                0x0000000000004324       0x44 ./drivers/fsl_lptmr.o
 .text.LPTMR_Init
                0x0000000000004368       0x8c ./drivers/fsl_lptmr.o
                0x0000000000004368                LPTMR_Init
 .text.LPTMR_GetDefaultConfig
                0x00000000000043f4       0x54 ./drivers/fsl_lptmr.o
                0x00000000000043f4                LPTMR_GetDefaultConfig
 .text.I2S0_Tx_DriverIRQHandler
                0x0000000000004448       0x38 ./drivers/fsl_sai.o
                0x0000000000004448                I2S0_Tx_DriverIRQHandler
 .text.I2S0_Rx_DriverIRQHandler
                0x0000000000004480       0x38 ./drivers/fsl_sai.o
                0x0000000000004480                I2S0_Rx_DriverIRQHandler
 .text.SDHC_DriverIRQHandler
                0x00000000000044b8       0x38 ./drivers/fsl_sdhc.o
                0x00000000000044b8                SDHC_DriverIRQHandler
 .text.__NVIC_EnableIRQ
                0x00000000000044f0       0x3c ./drivers/fsl_uart.o
 .text.UART_GetInstance
                0x000000000000452c       0x54 ./drivers/fsl_uart.o
                0x000000000000452c                UART_GetInstance
 .text.UART_TransferGetRxRingBufferLength
                0x0000000000004580       0x50 ./drivers/fsl_uart.o
                0x0000000000004580                UART_TransferGetRxRingBufferLength
 .text.UART_TransferIsRxRingBufferFull
                0x00000000000045d0       0x40 ./drivers/fsl_uart.o
 .text.UART_Init
                0x0000000000004610      0x2f4 ./drivers/fsl_uart.o
                0x0000000000004610                UART_Init
 .text.UART_GetDefaultConfig
                0x0000000000004904       0x68 ./drivers/fsl_uart.o
                0x0000000000004904                UART_GetDefaultConfig
 .text.UART_EnableInterrupts
                0x000000000000496c       0x70 ./drivers/fsl_uart.o
                0x000000000000496c                UART_EnableInterrupts
 .text.UART_DisableInterrupts
                0x00000000000049dc       0x90 ./drivers/fsl_uart.o
                0x00000000000049dc                UART_DisableInterrupts
 .text.UART_WriteNonBlocking
                0x0000000000004a6c       0x44 ./drivers/fsl_uart.o
 .text.UART_ReadNonBlocking
                0x0000000000004ab0       0x48 ./drivers/fsl_uart.o
 .text.UART_TransferCreateHandle
                0x0000000000004af8       0x84 ./drivers/fsl_uart.o
                0x0000000000004af8                UART_TransferCreateHandle
 .text.UART_TransferStartRingBuffer
                0x0000000000004b7c       0x74 ./drivers/fsl_uart.o
                0x0000000000004b7c                UART_TransferStartRingBuffer
 .text.UART_TransferReceiveNonBlocking
                0x0000000000004bf0      0x1b0 ./drivers/fsl_uart.o
                0x0000000000004bf0                UART_TransferReceiveNonBlocking
 .text.UART_TransferHandleIRQ
                0x0000000000004da0      0x540 ./drivers/fsl_uart.o
                0x0000000000004da0                UART_TransferHandleIRQ
 .text.UART0_DriverIRQHandler
                0x00000000000052e0       0x28 ./drivers/fsl_uart.o
                0x00000000000052e0                UART0_DriverIRQHandler
 .text.UART1_DriverIRQHandler
                0x0000000000005308       0x28 ./drivers/fsl_uart.o
                0x0000000000005308                UART1_DriverIRQHandler
 .text.UART2_DriverIRQHandler
                0x0000000000005330       0x28 ./drivers/fsl_uart.o
                0x0000000000005330                UART2_DriverIRQHandler
 .text.UART3_DriverIRQHandler
                0x0000000000005358       0x28 ./drivers/fsl_uart.o
                0x0000000000005358                UART3_DriverIRQHandler
 .text.UART4_DriverIRQHandler
                0x0000000000005380       0x28 ./drivers/fsl_uart.o
                0x0000000000005380                UART4_DriverIRQHandler
 .text.UART5_DriverIRQHandler
                0x00000000000053a8       0x28 ./drivers/fsl_uart.o
                0x00000000000053a8                UART5_DriverIRQHandler
 .text.SystemInit
                0x00000000000053d0       0x3c ./device/system_MK64F12.o
                0x00000000000053d0                SystemInit
 .text.CLOCK_SetSdhc0Clock
                0x000000000000540c       0x3c ./board/clock_config.o
 .text.CLOCK_SetEnetTime0Clock
                0x0000000000005448       0x3c ./board/clock_config.o
 .text.CLOCK_SetRmii0Clock
                0x0000000000005484       0x3c ./board/clock_config.o
 .text.CLOCK_SetTraceClock
                0x00000000000054c0       0x3c ./board/clock_config.o
 .text.CLOCK_SetClkOutClock
                0x00000000000054fc       0x38 ./board/clock_config.o
 .text.CLOCK_SetSimSafeDivs
                0x0000000000005534       0x20 ./board/clock_config.o
 .text.CLOCK_SetXtal0Freq
                0x0000000000005554       0x20 ./board/clock_config.o
 .text.CLOCK_CONFIG_SetFllExtRefDiv
                0x0000000000005574       0x3c ./board/clock_config.o
 .text.BOARD_BootClockRUN
                0x00000000000055b0       0x88 ./board/clock_config.o
                0x00000000000055b0                BOARD_BootClockRUN
 .text.I2C0_init
                0x0000000000005638       0x24 ./board/peripherals.o
                0x0000000000005638                I2C0_init
 .text.I2C1_init
                0x000000000000565c       0x24 ./board/peripherals.o
                0x000000000000565c                I2C1_init
 .text.BOARD_InitPins
                0x0000000000005680      0x14c ./board/pin_mux.o
                0x0000000000005680                BOARD_InitPins
 .text.__assertion_failed
                0x00000000000057cc       0x4c /usr/local/mcuxpressoide-11.1.1_3241/ide/plugins/com.nxp.mcuxpresso.tools.linux_11.1.0.202001081728/tools/bin/../lib/gcc/arm-none-eabi/8.3.1/../../../../arm-none-eabi/lib/thumb/v7e-m+fp/hard/libcr_semihost_nf.a(_cr_assert.o)
                0x00000000000057cc                __assertion_failed
 .text.__sys_appexit
                0x0000000000005818        0xc /usr/local/mcuxpressoide-11.1.1_3241/ide/plugins/com.nxp.mcuxpresso.tools.linux_11.1.0.202001081728/tools/bin/../lib/gcc/arm-none-eabi/8.3.1/../../../../arm-none-eabi/lib/thumb/v7e-m+fp/hard/libcr_semihost_nf.a(__sys_appexit.o)
                0x0000000000005818                __exit
                0x0000000000005818                __sys_appexit
 .text.atanf    0x0000000000005824       0xf0 /usr/local/mcuxpressoide-11.1.1_3241/ide/plugins/com.nxp.mcuxpresso.tools.linux_11.1.0.202001081728/tools/bin/../lib/gcc/arm-none-eabi/8.3.1/../../../../arm-none-eabi/lib/thumb/v7e-m+fp/hard/libcr_c.a(atanf.o)
                0x0000000000005824                atanf
 .text._Cwritebuf
                0x0000000000005914       0x6c /usr/local/mcuxpressoide-11.1.1_3241/ide/plugins/com.nxp.mcuxpresso.tools.linux_11.1.0.202001081728/tools/bin/../lib/gcc/arm-none-eabi/8.3.1/../../../../arm-none-eabi/lib/thumb/v7e-m+fp/hard/libcr_c.a(_writebuf.o)
                0x0000000000005914                _Cwritebuf
 .text.malloc   0x0000000000005980       0xc8 /usr/local/mcuxpressoide-11.1.1_3241/ide/plugins/com.nxp.mcuxpresso.tools.linux_11.1.0.202001081728/tools/bin/../lib/gcc/arm-none-eabi/8.3.1/../../../../arm-none-eabi/lib/thumb/v7e-m+fp/hard/libcr_c.a(alloc.o)
                0x0000000000005980                malloc
 .text._Csys_alloc
                0x0000000000005a48       0x20 /usr/local/mcuxpressoide-11.1.1_3241/ide/plugins/com.nxp.mcuxpresso.tools.linux_11.1.0.202001081728/tools/bin/../lib/gcc/arm-none-eabi/8.3.1/../../../../arm-none-eabi/lib/thumb/v7e-m+fp/hard/libcr_c.a(alloc.o)
                0x0000000000005a48                _Csys_alloc
 .text.sprintf  0x0000000000005a68       0x6c /usr/local/mcuxpressoide-11.1.1_3241/ide/plugins/com.nxp.mcuxpresso.tools.linux_11.1.0.202001081728/tools/bin/../lib/gcc/arm-none-eabi/8.3.1/../../../../arm-none-eabi/lib/thumb/v7e-m+fp/hard/libcr_c.a(fpprintf.o)
                0x0000000000005a68                sprintf
 .text.vsnprintf
                0x0000000000005ad4       0x68 /usr/local/mcuxpressoide-11.1.1_3241/ide/plugins/com.nxp.mcuxpresso.tools.linux_11.1.0.202001081728/tools/bin/../lib/gcc/arm-none-eabi/8.3.1/../../../../arm-none-eabi/lib/thumb/v7e-m+fp/hard/libcr_c.a(fpprintf.o)
                0x0000000000005ad4                vsnprintf
 .text.printf   0x0000000000005b3c       0x54 /usr/local/mcuxpressoide-11.1.1_3241/ide/plugins/com.nxp.mcuxpresso.tools.linux_11.1.0.202001081728/tools/bin/../lib/gcc/arm-none-eabi/8.3.1/../../../../arm-none-eabi/lib/thumb/v7e-m+fp/hard/libcr_c.a(fpprintf.o)
                0x0000000000005b3c                printf
 .text.fseek    0x0000000000005b90      0x100 /usr/local/mcuxpressoide-11.1.1_3241/ide/plugins/com.nxp.mcuxpresso.tools.linux_11.1.0.202001081728/tools/bin/../lib/gcc/arm-none-eabi/8.3.1/../../../../arm-none-eabi/lib/thumb/v7e-m+fp/hard/libcr_c.a(fseek.o)
                0x0000000000005b90                fseek
 .text.ftell    0x0000000000005c90       0x48 /usr/local/mcuxpressoide-11.1.1_3241/ide/plugins/com.nxp.mcuxpresso.tools.linux_11.1.0.202001081728/tools/bin/../lib/gcc/arm-none-eabi/8.3.1/../../../../arm-none-eabi/lib/thumb/v7e-m+fp/hard/libcr_c.a(ftell.o)
                0x0000000000005c90                ftell
 .text._initio  0x0000000000005cd8       0x78 /usr/local/mcuxpressoide-11.1.1_3241/ide/plugins/com.nxp.mcuxpresso.tools.linux_11.1.0.202001081728/tools/bin/../lib/gcc/arm-none-eabi/8.3.1/../../../../arm-none-eabi/lib/thumb/v7e-m+fp/hard/libcr_c.a(initio.o)
                0x0000000000005cd8                _initio
 .text.__vfprintf
                0x0000000000005d50      0xbe0 /usr/local/mcuxpressoide-11.1.1_3241/ide/plugins/com.nxp.mcuxpresso.tools.linux_11.1.0.202001081728/tools/bin/../lib/gcc/arm-none-eabi/8.3.1/../../../../arm-none-eabi/lib/thumb/v7e-m+fp/hard/libcr_c.a(printf.o)
                0x0000000000005d50                __vfprintf
 .text.setvbuf  0x0000000000006930       0x40 /usr/local/mcuxpressoide-11.1.1_3241/ide/plugins/com.nxp.mcuxpresso.tools.linux_11.1.0.202001081728/tools/bin/../lib/gcc/arm-none-eabi/8.3.1/../../../../arm-none-eabi/lib/thumb/v7e-m+fp/hard/libcr_c.a(setvbuf.o)
                0x0000000000006930                setvbuf
 .text.frexpf   0x0000000000006970       0x54 /usr/local/mcuxpressoide-11.1.1_3241/ide/plugins/com.nxp.mcuxpresso.tools.linux_11.1.0.202001081728/tools/bin/../lib/gcc/arm-none-eabi/8.3.1/../../../../arm-none-eabi/lib/thumb/v7e-m+fp/hard/libcr_c.a(frexpf.o)
                0x0000000000006970                frexpf
 .text.ldexpf   0x00000000000069c4       0x40 /usr/local/mcuxpressoide-11.1.1_3241/ide/plugins/com.nxp.mcuxpresso.tools.linux_11.1.0.202001081728/tools/bin/../lib/gcc/arm-none-eabi/8.3.1/../../../../arm-none-eabi/lib/thumb/v7e-m+fp/hard/libcr_c.a(ldexpf.o)
                0x00000000000069c4                ldexpf
 .text._sbrk    0x0000000000006a04       0x3c /usr/local/mcuxpressoide-11.1.1_3241/ide/plugins/com.nxp.mcuxpresso.tools.linux_11.1.0.202001081728/tools/bin/../lib/gcc/arm-none-eabi/8.3.1/../../../../arm-none-eabi/lib/thumb/v7e-m+fp/hard/libcr_c.a(_cr_sbrk.o)
                0x0000000000006a04                _sbrk
 .text.fflush   0x0000000000006a40       0x44 /usr/local/mcuxpressoide-11.1.1_3241/ide/plugins/com.nxp.mcuxpresso.tools.linux_11.1.0.202001081728/tools/bin/../lib/gcc/arm-none-eabi/8.3.1/../../../../arm-none-eabi/lib/thumb/v7e-m+fp/hard/libcr_c.a(fflush.o)
                0x0000000000006a40                fflush
 .text.__check_heap_overflow
                0x0000000000006a84       0x18 /usr/local/mcuxpressoide-11.1.1_3241/ide/plugins/com.nxp.mcuxpresso.tools.linux_11.1.0.202001081728/tools/bin/../lib/gcc/arm-none-eabi/8.3.1/../../../../arm-none-eabi/lib/thumb/v7e-m+fp/hard/libcr_c.a(_cr_check_heap.o)
                0x0000000000006a84                __check_heap_overflow
 .text.__aeabi_dmul
                0x0000000000006a9c      0x114 /usr/local/mcuxpressoide-11.1.1_3241/ide/plugins/com.nxp.mcuxpresso.tools.linux_11.1.0.202001081728/tools/bin/../lib/gcc/arm-none-eabi/8.3.1/thumb/v7e-m+fp/hard/libcr_eabihelpers.a(double.o)
                0x0000000000006a9c                __aeabi_dmul
 .text.__aeabi_ddiv
                0x0000000000006bb0      0x150 /usr/local/mcuxpressoide-11.1.1_3241/ide/plugins/com.nxp.mcuxpresso.tools.linux_11.1.0.202001081728/tools/bin/../lib/gcc/arm-none-eabi/8.3.1/thumb/v7e-m+fp/hard/libcr_eabihelpers.a(double.o)
                0x0000000000006bb0                __aeabi_ddiv
 .text.__aeabi_dsub
                0x0000000000006d00      0x1ac /usr/local/mcuxpressoide-11.1.1_3241/ide/plugins/com.nxp.mcuxpresso.tools.linux_11.1.0.202001081728/tools/bin/../lib/gcc/arm-none-eabi/8.3.1/thumb/v7e-m+fp/hard/libcr_eabihelpers.a(double.o)
                0x0000000000006d00                __aeabi_dsub
 .text.__aeabi_dadd
                0x0000000000006eac      0x114 /usr/local/mcuxpressoide-11.1.1_3241/ide/plugins/com.nxp.mcuxpresso.tools.linux_11.1.0.202001081728/tools/bin/../lib/gcc/arm-none-eabi/8.3.1/thumb/v7e-m+fp/hard/libcr_eabihelpers.a(double.o)
                0x0000000000006eac                __aeabi_dadd
 .text.__aeabi_d2f
                0x0000000000006fc0       0x50 /usr/local/mcuxpressoide-11.1.1_3241/ide/plugins/com.nxp.mcuxpresso.tools.linux_11.1.0.202001081728/tools/bin/../lib/gcc/arm-none-eabi/8.3.1/thumb/v7e-m+fp/hard/libcr_eabihelpers.a(double.o)
                0x0000000000006fc0                __aeabi_d2f
 .text.__aeabi_f2d
                0x0000000000007010       0x38 /usr/local/mcuxpressoide-11.1.1_3241/ide/plugins/com.nxp.mcuxpresso.tools.linux_11.1.0.202001081728/tools/bin/../lib/gcc/arm-none-eabi/8.3.1/thumb/v7e-m+fp/hard/libcr_eabihelpers.a(float.o)
                0x0000000000007010                __aeabi_f2d
 .text.DMA0_IRQHandler
                0x0000000000007048        0x8 ./startup/startup_mk64f12.o
                0x0000000000007048                DMA0_IRQHandler
 .text.DMA1_IRQHandler
                0x0000000000007050        0x8 ./startup/startup_mk64f12.o
                0x0000000000007050                DMA1_IRQHandler
 .text.DMA2_IRQHandler
                0x0000000000007058        0x8 ./startup/startup_mk64f12.o
                0x0000000000007058                DMA2_IRQHandler
 .text.DMA3_IRQHandler
                0x0000000000007060        0x8 ./startup/startup_mk64f12.o
                0x0000000000007060                DMA3_IRQHandler
 .text.DMA4_IRQHandler
                0x0000000000007068        0x8 ./startup/startup_mk64f12.o
                0x0000000000007068                DMA4_IRQHandler
 .text.DMA5_IRQHandler
                0x0000000000007070        0x8 ./startup/startup_mk64f12.o
                0x0000000000007070                DMA5_IRQHandler
 .text.DMA6_IRQHandler
                0x0000000000007078        0x8 ./startup/startup_mk64f12.o
                0x0000000000007078                DMA6_IRQHandler
 .text.DMA7_IRQHandler
                0x0000000000007080        0x8 ./startup/startup_mk64f12.o
                0x0000000000007080                DMA7_IRQHandler
 .text.DMA8_IRQHandler
                0x0000000000007088        0x8 ./startup/startup_mk64f12.o
                0x0000000000007088                DMA8_IRQHandler
 .text.DMA9_IRQHandler
                0x0000000000007090        0x8 ./startup/startup_mk64f12.o
                0x0000000000007090                DMA9_IRQHandler
 .text.DMA10_IRQHandler
                0x0000000000007098        0x8 ./startup/startup_mk64f12.o
                0x0000000000007098                DMA10_IRQHandler
 .text.DMA11_IRQHandler
                0x00000000000070a0        0x8 ./startup/startup_mk64f12.o
                0x00000000000070a0                DMA11_IRQHandler
 .text.DMA12_IRQHandler
                0x00000000000070a8        0x8 ./startup/startup_mk64f12.o
                0x00000000000070a8                DMA12_IRQHandler
 .text.DMA13_IRQHandler
                0x00000000000070b0        0x8 ./startup/startup_mk64f12.o
                0x00000000000070b0                DMA13_IRQHandler
 .text.DMA14_IRQHandler
                0x00000000000070b8        0x8 ./startup/startup_mk64f12.o
                0x00000000000070b8                DMA14_IRQHandler
 .text.DMA15_IRQHandler
                0x00000000000070c0        0x8 ./startup/startup_mk64f12.o
                0x00000000000070c0                DMA15_IRQHandler
 .text.DMA_Error_IRQHandler
                0x00000000000070c8        0x8 ./startup/startup_mk64f12.o
                0x00000000000070c8                DMA_Error_IRQHandler
 .text.MCM_IRQHandler
                0x00000000000070d0        0x8 ./startup/startup_mk64f12.o
                0x00000000000070d0                MCM_IRQHandler
 .text.FTFE_IRQHandler
                0x00000000000070d8        0x8 ./startup/startup_mk64f12.o
                0x00000000000070d8                FTFE_IRQHandler
 .text.Read_Collision_IRQHandler
                0x00000000000070e0        0x8 ./startup/startup_mk64f12.o
                0x00000000000070e0                Read_Collision_IRQHandler
 .text.LVD_LVW_IRQHandler
                0x00000000000070e8        0x8 ./startup/startup_mk64f12.o
                0x00000000000070e8                LVD_LVW_IRQHandler
 .text.LLWU_IRQHandler
                0x00000000000070f0        0x8 ./startup/startup_mk64f12.o
                0x00000000000070f0                LLWU_IRQHandler
 .text.WDOG_EWM_IRQHandler
                0x00000000000070f8        0x8 ./startup/startup_mk64f12.o
                0x00000000000070f8                WDOG_EWM_IRQHandler
 .text.RNG_IRQHandler
                0x0000000000007100        0x8 ./startup/startup_mk64f12.o
                0x0000000000007100                RNG_IRQHandler
 .text.I2C0_IRQHandler
                0x0000000000007108        0x8 ./startup/startup_mk64f12.o
                0x0000000000007108                I2C0_IRQHandler
 .text.I2C1_IRQHandler
                0x0000000000007110        0x8 ./startup/startup_mk64f12.o
                0x0000000000007110                I2C1_IRQHandler
 .text.SPI0_IRQHandler
                0x0000000000007118        0x8 ./startup/startup_mk64f12.o
                0x0000000000007118                SPI0_IRQHandler
 .text.SPI1_IRQHandler
                0x0000000000007120        0x8 ./startup/startup_mk64f12.o
                0x0000000000007120                SPI1_IRQHandler
 .text.I2S0_Tx_IRQHandler
                0x0000000000007128        0x8 ./startup/startup_mk64f12.o
                0x0000000000007128                I2S0_Tx_IRQHandler
 .text.I2S0_Rx_IRQHandler
                0x0000000000007130        0x8 ./startup/startup_mk64f12.o
                0x0000000000007130                I2S0_Rx_IRQHandler
 .text.UART0_LON_IRQHandler
                0x0000000000007138        0x8 ./startup/startup_mk64f12.o
                0x0000000000007138                UART0_LON_IRQHandler
 .text.UART0_RX_TX_IRQHandler
                0x0000000000007140        0x8 ./startup/startup_mk64f12.o
                0x0000000000007140                UART0_RX_TX_IRQHandler
 .text.UART0_ERR_IRQHandler
                0x0000000000007148        0x8 ./startup/startup_mk64f12.o
                0x0000000000007148                UART0_ERR_IRQHandler
 .text.UART1_RX_TX_IRQHandler
                0x0000000000007150        0x8 ./startup/startup_mk64f12.o
                0x0000000000007150                UART1_RX_TX_IRQHandler
 .text.UART1_ERR_IRQHandler
                0x0000000000007158        0x8 ./startup/startup_mk64f12.o
                0x0000000000007158                UART1_ERR_IRQHandler
 .text.UART2_RX_TX_IRQHandler
                0x0000000000007160        0x8 ./startup/startup_mk64f12.o
                0x0000000000007160                UART2_RX_TX_IRQHandler
 .text.UART2_ERR_IRQHandler
                0x0000000000007168        0x8 ./startup/startup_mk64f12.o
                0x0000000000007168                UART2_ERR_IRQHandler
 .text.UART3_RX_TX_IRQHandler
                0x0000000000007170        0x8 ./startup/startup_mk64f12.o
                0x0000000000007170                UART3_RX_TX_IRQHandler
 .text.UART3_ERR_IRQHandler
                0x0000000000007178        0x8 ./startup/startup_mk64f12.o
                0x0000000000007178                UART3_ERR_IRQHandler
 .text.ADC0_IRQHandler
                0x0000000000007180        0x8 ./startup/startup_mk64f12.o
                0x0000000000007180                ADC0_IRQHandler
 .text.CMP0_IRQHandler
                0x0000000000007188        0x8 ./startup/startup_mk64f12.o
                0x0000000000007188                CMP0_IRQHandler
 .text.CMP1_IRQHandler
                0x0000000000007190        0x8 ./startup/startup_mk64f12.o
                0x0000000000007190                CMP1_IRQHandler
 .text.FTM0_IRQHandler
                0x0000000000007198        0x8 ./startup/startup_mk64f12.o
                0x0000000000007198                FTM0_IRQHandler
 .text.FTM1_IRQHandler
                0x00000000000071a0        0x8 ./startup/startup_mk64f12.o
                0x00000000000071a0                FTM1_IRQHandler
 .text.FTM2_IRQHandler
                0x00000000000071a8        0x8 ./startup/startup_mk64f12.o
                0x00000000000071a8                FTM2_IRQHandler
 .text.CMT_IRQHandler
                0x00000000000071b0        0x8 ./startup/startup_mk64f12.o
                0x00000000000071b0                CMT_IRQHandler
 .text.RTC_IRQHandler
                0x00000000000071b8        0x8 ./startup/startup_mk64f12.o
                0x00000000000071b8                RTC_IRQHandler
 .text.RTC_Seconds_IRQHandler
                0x00000000000071c0        0x8 ./startup/startup_mk64f12.o
                0x00000000000071c0                RTC_Seconds_IRQHandler
 .text.PIT0_IRQHandler
                0x00000000000071c8        0x8 ./startup/startup_mk64f12.o
                0x00000000000071c8                PIT0_IRQHandler
 .text.PIT1_IRQHandler
                0x00000000000071d0        0x8 ./startup/startup_mk64f12.o
                0x00000000000071d0                PIT1_IRQHandler
 .text.PIT2_IRQHandler
                0x00000000000071d8        0x8 ./startup/startup_mk64f12.o
                0x00000000000071d8                PIT2_IRQHandler
 .text.PIT3_IRQHandler
                0x00000000000071e0        0x8 ./startup/startup_mk64f12.o
                0x00000000000071e0                PIT3_IRQHandler
 .text.PDB0_IRQHandler
                0x00000000000071e8        0x8 ./startup/startup_mk64f12.o
                0x00000000000071e8                PDB0_IRQHandler
 .text.USB0_IRQHandler
                0x00000000000071f0        0x8 ./startup/startup_mk64f12.o
                0x00000000000071f0                USB0_IRQHandler
 .text.USBDCD_IRQHandler
                0x00000000000071f8        0x8 ./startup/startup_mk64f12.o
                0x00000000000071f8                USBDCD_IRQHandler
 .text.Reserved71_IRQHandler
                0x0000000000007200        0x8 ./startup/startup_mk64f12.o
                0x0000000000007200                Reserved71_IRQHandler
 .text.DAC0_IRQHandler
                0x0000000000007208        0x8 ./startup/startup_mk64f12.o
                0x0000000000007208                DAC0_IRQHandler
 .text.MCG_IRQHandler
                0x0000000000007210        0x8 ./startup/startup_mk64f12.o
                0x0000000000007210                MCG_IRQHandler
 .text.LPTMR0_IRQHandler
                0x0000000000007218        0x8 ./startup/startup_mk64f12.o
                0x0000000000007218                LPTMR0_IRQHandler
 .text.PORTA_IRQHandler
                0x0000000000007220        0x8 ./startup/startup_mk64f12.o
                0x0000000000007220                PORTA_IRQHandler
 .text.PORTB_IRQHandler
                0x0000000000007228        0x8 ./startup/startup_mk64f12.o
                0x0000000000007228                PORTB_IRQHandler
 .text.PORTC_IRQHandler
                0x0000000000007230        0x8 ./startup/startup_mk64f12.o
                0x0000000000007230                PORTC_IRQHandler
 .text.PORTD_IRQHandler
                0x0000000000007238        0x8 ./startup/startup_mk64f12.o
                0x0000000000007238                PORTD_IRQHandler
 .text.PORTE_IRQHandler
                0x0000000000007240        0x8 ./startup/startup_mk64f12.o
                0x0000000000007240                PORTE_IRQHandler
 .text.SWI_IRQHandler
                0x0000000000007248        0x8 ./startup/startup_mk64f12.o
                0x0000000000007248                SWI_IRQHandler
 .text.SPI2_IRQHandler
                0x0000000000007250        0x8 ./startup/startup_mk64f12.o
                0x0000000000007250                SPI2_IRQHandler
 .text.UART4_RX_TX_IRQHandler
                0x0000000000007258        0x8 ./startup/startup_mk64f12.o
                0x0000000000007258                UART4_RX_TX_IRQHandler
 .text.UART4_ERR_IRQHandler
                0x0000000000007260        0x8 ./startup/startup_mk64f12.o
                0x0000000000007260                UART4_ERR_IRQHandler
 .text.UART5_RX_TX_IRQHandler
                0x0000000000007268        0x8 ./startup/startup_mk64f12.o
                0x0000000000007268                UART5_RX_TX_IRQHandler
 .text.UART5_ERR_IRQHandler
                0x0000000000007270        0x8 ./startup/startup_mk64f12.o
                0x0000000000007270                UART5_ERR_IRQHandler
 .text.CMP2_IRQHandler
                0x0000000000007278        0x8 ./startup/startup_mk64f12.o
                0x0000000000007278                CMP2_IRQHandler
 .text.FTM3_IRQHandler
                0x0000000000007280        0x8 ./startup/startup_mk64f12.o
                0x0000000000007280                FTM3_IRQHandler
 .text.DAC1_IRQHandler
                0x0000000000007288        0x8 ./startup/startup_mk64f12.o
                0x0000000000007288                DAC1_IRQHandler
 .text.ADC1_IRQHandler
                0x0000000000007290        0x8 ./startup/startup_mk64f12.o
                0x0000000000007290                ADC1_IRQHandler
 .text.I2C2_IRQHandler
                0x0000000000007298        0x8 ./startup/startup_mk64f12.o
                0x0000000000007298                I2C2_IRQHandler
 .text.CAN0_ORed_Message_buffer_IRQHandler
                0x00000000000072a0        0x8 ./startup/startup_mk64f12.o
                0x00000000000072a0                CAN0_ORed_Message_buffer_IRQHandler
 .text.CAN0_Bus_Off_IRQHandler
                0x00000000000072a8        0x8 ./startup/startup_mk64f12.o
                0x00000000000072a8                CAN0_Bus_Off_IRQHandler
 .text.CAN0_Error_IRQHandler
                0x00000000000072b0        0x8 ./startup/startup_mk64f12.o
                0x00000000000072b0                CAN0_Error_IRQHandler
 .text.CAN0_Tx_Warning_IRQHandler
                0x00000000000072b8        0x8 ./startup/startup_mk64f12.o
                0x00000000000072b8                CAN0_Tx_Warning_IRQHandler
 .text.CAN0_Rx_Warning_IRQHandler
                0x00000000000072c0        0x8 ./startup/startup_mk64f12.o
                0x00000000000072c0                CAN0_Rx_Warning_IRQHandler
 .text.CAN0_Wake_Up_IRQHandler
                0x00000000000072c8        0x8 ./startup/startup_mk64f12.o
                0x00000000000072c8                CAN0_Wake_Up_IRQHandler
 .text.SDHC_IRQHandler
                0x00000000000072d0        0x8 ./startup/startup_mk64f12.o
                0x00000000000072d0                SDHC_IRQHandler
 .text.pError   0x00000000000072d8       0x28 ./source/PIDcontroller.o
                0x00000000000072d8                pError
 .text.iError   0x0000000000007300       0x34 ./source/PIDcontroller.o
                0x0000000000007300                iError
 .text.dError   0x0000000000007334       0x28 ./source/PIDcontroller.o
                0x0000000000007334                dError
 .text.FTM_StartTimer
                0x000000000000735c       0x3a ./source/PWM_functions.o
 .text.FTM_SetSoftwareTrigger
                0x0000000000007396       0x38 ./source/PWM_functions.o
 .text.set_pwm_CnV
                0x00000000000073ce       0x5a ./source/PWM_functions.o
                0x00000000000073ce                set_pwm_CnV
 .text.LPTMR_GetCurrentTimerCount
                0x0000000000007428       0x20 ./source/Quadcopter.o
 .text.LPTMR_StartTimer
                0x0000000000007448       0x30 ./source/Quadcopter.o
 .text.LPTMR_StopTimer
                0x0000000000007478       0x30 ./source/Quadcopter.o
 .text.increment_buff_index
                0x00000000000074a8       0x2a ./source/Quadcopter.o
                0x00000000000074a8                increment_buff_index
 .text.commands_to_reference
                0x00000000000074d2       0xbe ./source/Quadcopter.o
                0x00000000000074d2                commands_to_reference
 .text.GPIO_PortSet
                0x0000000000007590       0x1c ./source/RGB_LEDS.o
 .text.GPIO_PortClear
                0x00000000000075ac       0x1c ./source/RGB_LEDS.o
 .text.HardFault_Handler
                0x00000000000075c8       0x2c ./source/semihost_hardfault.o
                0x00000000000075c8                HardFault_Handler
 .text.CLOCK_EnableClock
                0x00000000000075f4       0x34 ./drivers/fsl_clock.o
 .text.CLOCK_DisableClock
                0x0000000000007628       0x38 ./drivers/fsl_clock.o
 .text.OSC_SetExtRefClkConfig
                0x0000000000007660       0x34 ./drivers/fsl_clock.o
 .text.OSC_SetCapLoad
                0x0000000000007694       0x34 ./drivers/fsl_clock.o
 .text.CLOCK_GetPll0RefFreq
                0x00000000000076c8        0xe ./drivers/fsl_clock.o
 .text.CLOCK_GetFixedFreqClkFreq
                0x00000000000076d6       0x34 ./drivers/fsl_clock.o
                0x00000000000076d6                CLOCK_GetFixedFreqClkFreq
 .text.DSPI_IsMaster
                0x000000000000770a       0x26 ./drivers/fsl_dspi.o
 .text.CLOCK_EnableClock
                0x0000000000007730       0x34 ./drivers/fsl_ftm.o
 .text.FTM_SetDeadTimeEnable
                0x0000000000007764       0x52 ./drivers/fsl_ftm.o
 .text.FTM_SetComplementaryEnable
                0x00000000000077b6       0x52 ./drivers/fsl_ftm.o
 .text.GPIO_PinWrite
                0x0000000000007808       0x3a ./drivers/fsl_gpio.o
 .text.CLOCK_EnableClock
                0x0000000000007842       0x34 ./drivers/fsl_i2c.o
 .text.EnableIRQ
                0x0000000000007876       0x2c ./drivers/fsl_i2c.o
 .text.I2C_MasterClearStatusFlags
                0x00000000000078a2       0x5a ./drivers/fsl_i2c.o
 .text.I2C_InitTransferStateMachine
                0x00000000000078fc       0xd4 ./drivers/fsl_i2c.o
 .text.I2C_CheckAndClearError
                0x00000000000079d0       0x44 ./drivers/fsl_i2c.o
 .text.I2C_EnableInterrupts
                0x0000000000007a14       0x56 ./drivers/fsl_i2c.o
                0x0000000000007a14                I2C_EnableInterrupts
 .text.I2C_DisableInterrupts
                0x0000000000007a6a       0x4a ./drivers/fsl_i2c.o
                0x0000000000007a6a                I2C_DisableInterrupts
 .text.I2C_MasterStart
                0x0000000000007ab4       0x62 ./drivers/fsl_i2c.o
                0x0000000000007ab4                I2C_MasterStart
 .text.I2C_MasterRepeatedStart
                0x0000000000007b16       0x9a ./drivers/fsl_i2c.o
                0x0000000000007b16                I2C_MasterRepeatedStart
 .text.I2C_MasterStop
                0x0000000000007bb0       0x3a ./drivers/fsl_i2c.o
                0x0000000000007bb0                I2C_MasterStop
 .text.I2C_MasterGetStatusFlags
                0x0000000000007bea       0x4a ./drivers/fsl_i2c.o
                0x0000000000007bea                I2C_MasterGetStatusFlags
 .text.CLOCK_EnableClock
                0x0000000000007c34       0x34 ./drivers/fsl_lptmr.o
 .text.CLOCK_EnableClock
                0x0000000000007c68       0x34 ./drivers/fsl_uart.o
 .text.EnableIRQ
                0x0000000000007c9c       0x2c ./drivers/fsl_uart.o
 .text.UART_GetStatusFlags
                0x0000000000007cc8       0x48 ./drivers/fsl_uart.o
                0x0000000000007cc8                UART_GetStatusFlags
 .text.UART0_RX_TX_DriverIRQHandler
                0x0000000000007d10       0x10 ./drivers/fsl_uart.o
                0x0000000000007d10                UART0_RX_TX_DriverIRQHandler
 .text.UART1_RX_TX_DriverIRQHandler
                0x0000000000007d20       0x10 ./drivers/fsl_uart.o
                0x0000000000007d20                UART1_RX_TX_DriverIRQHandler
 .text.UART2_RX_TX_DriverIRQHandler
                0x0000000000007d30       0x10 ./drivers/fsl_uart.o
                0x0000000000007d30                UART2_RX_TX_DriverIRQHandler
 .text.UART3_RX_TX_DriverIRQHandler
                0x0000000000007d40       0x10 ./drivers/fsl_uart.o
                0x0000000000007d40                UART3_RX_TX_DriverIRQHandler
 .text.UART4_RX_TX_DriverIRQHandler
                0x0000000000007d50       0x10 ./drivers/fsl_uart.o
                0x0000000000007d50                UART4_RX_TX_DriverIRQHandler
 .text.UART5_RX_TX_DriverIRQHandler
                0x0000000000007d60       0x10 ./drivers/fsl_uart.o
                0x0000000000007d60                UART5_RX_TX_DriverIRQHandler
 .text.SystemInitHook
                0x0000000000007d70        0xe ./device/system_MK64F12.o
                0x0000000000007d70                SystemInitHook
 .text.BOARD_InitPeripherals
                0x0000000000007d7e       0x10 ./board/peripherals.o
                0x0000000000007d7e                BOARD_InitPeripherals
 .text.BOARD_InitBootPeripherals
                0x0000000000007d8e        0xc ./board/peripherals.o
                0x0000000000007d8e                BOARD_InitBootPeripherals
 .text.CLOCK_EnableClock
                0x0000000000007d9a       0x34 ./board/pin_mux.o
 .text.PORT_SetPinMux
                0x0000000000007dce       0x3a ./board/pin_mux.o
 .text.__main   0x0000000000007e08        0xe /usr/local/mcuxpressoide-11.1.1_3241/ide/plugins/com.nxp.mcuxpresso.tools.linux_11.1.0.202001081728/tools/bin/../lib/gcc/arm-none-eabi/8.3.1/../../../../arm-none-eabi/lib/thumb/v7e-m+fp/hard/libcr_semihost_nf.a(_cr__main.o)
                0x0000000000007e08                __main
                0x0000000000007e08                __CR_SEMIHOST
 .text.fabsf    0x0000000000007e16       0x10 /usr/local/mcuxpressoide-11.1.1_3241/ide/plugins/com.nxp.mcuxpresso.tools.linux_11.1.0.202001081728/tools/bin/../lib/gcc/arm-none-eabi/8.3.1/../../../../arm-none-eabi/lib/thumb/v7e-m+fp/hard/libcr_c.a(fabsf.o)
                0x0000000000007e16                fabsf
 .text.sqrtf    0x0000000000007e26        0x6 /usr/local/mcuxpressoide-11.1.1_3241/ide/plugins/com.nxp.mcuxpresso.tools.linux_11.1.0.202001081728/tools/bin/../lib/gcc/arm-none-eabi/8.3.1/../../../../arm-none-eabi/lib/thumb/v7e-m+fp/hard/libcr_c.a(sqrtf_m4_hardfp.o)
                0x0000000000007e26                sqrtf
 .text.memset   0x0000000000007e2c        0x4 /usr/local/mcuxpressoide-11.1.1_3241/ide/plugins/com.nxp.mcuxpresso.tools.linux_11.1.0.202001081728/tools/bin/../lib/gcc/arm-none-eabi/8.3.1/../../../../arm-none-eabi/lib/thumb/v7e-m+fp/hard/libcr_c.a(memset.o)
                0x0000000000007e2c                memset
 .text._deferredlazyseek
                0x0000000000007e30       0x40 /usr/local/mcuxpressoide-11.1.1_3241/ide/plugins/com.nxp.mcuxpresso.tools.linux_11.1.0.202001081728/tools/bin/../lib/gcc/arm-none-eabi/8.3.1/../../../../arm-none-eabi/lib/thumb/v7e-m+fp/hard/libcr_c.a(_deferredlazyseek.o)
                0x0000000000007e30                _deferredlazyseek
 .text.__flsbuf
                0x0000000000007e70      0x140 /usr/local/mcuxpressoide-11.1.1_3241/ide/plugins/com.nxp.mcuxpresso.tools.linux_11.1.0.202001081728/tools/bin/../lib/gcc/arm-none-eabi/8.3.1/../../../../arm-none-eabi/lib/thumb/v7e-m+fp/hard/libcr_c.a(_deferredlazyseek.o)
                0x0000000000007e70                __flsbuf
 .text._fflush  0x0000000000007fb0       0x52 /usr/local/mcuxpressoide-11.1.1_3241/ide/plugins/com.nxp.mcuxpresso.tools.linux_11.1.0.202001081728/tools/bin/../lib/gcc/arm-none-eabi/8.3.1/../../../../arm-none-eabi/lib/thumb/v7e-m+fp/hard/libcr_c.a(_fflush.o)
                0x0000000000007fb0                _fflush
 .text.free     0x0000000000008002       0x30 /usr/local/mcuxpressoide-11.1.1_3241/ide/plugins/com.nxp.mcuxpresso.tools.linux_11.1.0.202001081728/tools/bin/../lib/gcc/arm-none-eabi/8.3.1/../../../../arm-none-eabi/lib/thumb/v7e-m+fp/hard/libcr_c.a(alloc.o)
                0x0000000000008002                free
 .text.fp_round
                0x0000000000008032       0x4e /usr/local/mcuxpressoide-11.1.1_3241/ide/plugins/com.nxp.mcuxpresso.tools.linux_11.1.0.202001081728/tools/bin/../lib/gcc/arm-none-eabi/8.3.1/../../../../arm-none-eabi/lib/thumb/v7e-m+fp/hard/libcr_c.a(fpprintf.o)
 .text.pr_dec.constprop.1
                0x0000000000008080       0x26 /usr/local/mcuxpressoide-11.1.1_3241/ide/plugins/com.nxp.mcuxpresso.tools.linux_11.1.0.202001081728/tools/bin/../lib/gcc/arm-none-eabi/8.3.1/../../../../arm-none-eabi/lib/thumb/v7e-m+fp/hard/libcr_c.a(fpprintf.o)
 .text.fputs    0x00000000000080a6       0x2c /usr/local/mcuxpressoide-11.1.1_3241/ide/plugins/com.nxp.mcuxpresso.tools.linux_11.1.0.202001081728/tools/bin/../lib/gcc/arm-none-eabi/8.3.1/../../../../arm-none-eabi/lib/thumb/v7e-m+fp/hard/libcr_c.a(fputs.o)
                0x00000000000080a6                fputs
 .text.strlen   0x00000000000080d2       0x4c /usr/local/mcuxpressoide-11.1.1_3241/ide/plugins/com.nxp.mcuxpresso.tools.linux_11.1.0.202001081728/tools/bin/../lib/gcc/arm-none-eabi/8.3.1/../../../../arm-none-eabi/lib/thumb/v7e-m+fp/hard/libcr_c.a(strlen.o)
                0x00000000000080d2                strlen
 .text._fdopen  0x000000000000811e       0x68 /usr/local/mcuxpressoide-11.1.1_3241/ide/plugins/com.nxp.mcuxpresso.tools.linux_11.1.0.202001081728/tools/bin/../lib/gcc/arm-none-eabi/8.3.1/../../../../arm-none-eabi/lib/thumb/v7e-m+fp/hard/libcr_c.a(_fdopen.o)
                0x000000000000811e                _fdopen
 .text.fclose   0x0000000000008186       0x58 /usr/local/mcuxpressoide-11.1.1_3241/ide/plugins/com.nxp.mcuxpresso.tools.linux_11.1.0.202001081728/tools/bin/../lib/gcc/arm-none-eabi/8.3.1/../../../../arm-none-eabi/lib/thumb/v7e-m+fp/hard/libcr_c.a(fclose.o)
                0x0000000000008186                fclose
 .text.remove   0x00000000000081de       0x14 /usr/local/mcuxpressoide-11.1.1_3241/ide/plugins/com.nxp.mcuxpresso.tools.linux_11.1.0.202001081728/tools/bin/../lib/gcc/arm-none-eabi/8.3.1/../../../../arm-none-eabi/lib/thumb/v7e-m+fp/hard/libcr_c.a(remove.o)
                0x00000000000081de                remove
 .text._do_fflush
                0x00000000000081f2       0x40 /usr/local/mcuxpressoide-11.1.1_3241/ide/plugins/com.nxp.mcuxpresso.tools.linux_11.1.0.202001081728/tools/bin/../lib/gcc/arm-none-eabi/8.3.1/../../../../arm-none-eabi/lib/thumb/v7e-m+fp/hard/libcr_c.a(_do_fflush.o)
                0x00000000000081f2                _do_fflush
 .text.__aeabi_division_uldivmod
                0x0000000000008232      0x174 /usr/local/mcuxpressoide-11.1.1_3241/ide/plugins/com.nxp.mcuxpresso.tools.linux_11.1.0.202001081728/tools/bin/../lib/gcc/arm-none-eabi/8.3.1/thumb/v7e-m+fp/hard/libcr_eabihelpers.a(division_64.o)
                0x0000000000008232                __aeabi_uldivmod
                0x0000000000008236                __bhs_ldivmod1
 .text.__aeabi_division_idiv0
                0x00000000000083a6        0x2 /usr/local/mcuxpressoide-11.1.1_3241/ide/plugins/com.nxp.mcuxpresso.tools.linux_11.1.0.202001081728/tools/bin/../lib/gcc/arm-none-eabi/8.3.1/thumb/v7e-m+fp/hard/libcr_eabihelpers.a(division_idiv0.o)
                0x00000000000083a6                __aeabi_idiv0
 .text.__aeabi_d2iz
                0x00000000000083a8       0x40 /usr/local/mcuxpressoide-11.1.1_3241/ide/plugins/com.nxp.mcuxpresso.tools.linux_11.1.0.202001081728/tools/bin/../lib/gcc/arm-none-eabi/8.3.1/thumb/v7e-m+fp/hard/libcr_eabihelpers.a(double.o)
                0x00000000000083a8                __aeabi_d2iz
 .text.__bhs_ui2d
                0x00000000000083e8       0x46 /usr/local/mcuxpressoide-11.1.1_3241/ide/plugins/com.nxp.mcuxpresso.tools.linux_11.1.0.202001081728/tools/bin/../lib/gcc/arm-none-eabi/8.3.1/thumb/v7e-m+fp/hard/libcr_eabihelpers.a(double.o)
                0x00000000000083e8                __bhs_ui2d
 .text.__aeabi_i2d
                0x000000000000842e       0x12 /usr/local/mcuxpressoide-11.1.1_3241/ide/plugins/com.nxp.mcuxpresso.tools.linux_11.1.0.202001081728/tools/bin/../lib/gcc/arm-none-eabi/8.3.1/thumb/v7e-m+fp/hard/libcr_eabihelpers.a(double.o)
                0x000000000000842e                __aeabi_i2d
 .text.__aeabi_dcmpeq
                0x0000000000008440       0x2e /usr/local/mcuxpressoide-11.1.1_3241/ide/plugins/com.nxp.mcuxpresso.tools.linux_11.1.0.202001081728/tools/bin/../lib/gcc/arm-none-eabi/8.3.1/thumb/v7e-m+fp/hard/libcr_eabihelpers.a(double.o)
                0x0000000000008440                __aeabi_dcmpeq
 .text.__aeabi_dcmplt
                0x000000000000846e       0x56 /usr/local/mcuxpressoide-11.1.1_3241/ide/plugins/com.nxp.mcuxpresso.tools.linux_11.1.0.202001081728/tools/bin/../lib/gcc/arm-none-eabi/8.3.1/thumb/v7e-m+fp/hard/libcr_eabihelpers.a(double.o)
                0x000000000000846e                __aeabi_dcmplt
 .text.__aeabi_dcmple
                0x00000000000084c4       0x56 /usr/local/mcuxpressoide-11.1.1_3241/ide/plugins/com.nxp.mcuxpresso.tools.linux_11.1.0.202001081728/tools/bin/../lib/gcc/arm-none-eabi/8.3.1/thumb/v7e-m+fp/hard/libcr_eabihelpers.a(double.o)
                0x00000000000084c4                __aeabi_dcmple
 .text.__aeabi_dcmpge
                0x000000000000851a       0x5c /usr/local/mcuxpressoide-11.1.1_3241/ide/plugins/com.nxp.mcuxpresso.tools.linux_11.1.0.202001081728/tools/bin/../lib/gcc/arm-none-eabi/8.3.1/thumb/v7e-m+fp/hard/libcr_eabihelpers.a(double.o)
                0x000000000000851a                __aeabi_dcmpge
 .text.__aeabi_memset_lowlevel
                0x0000000000008576       0x32 /usr/local/mcuxpressoide-11.1.1_3241/ide/plugins/com.nxp.mcuxpresso.tools.linux_11.1.0.202001081728/tools/bin/../lib/gcc/arm-none-eabi/8.3.1/thumb/v7e-m+fp/hard/libcr_eabihelpers.a(memcpy.o)
                0x0000000000008576                __aeabi_lowlevel_memset
 .text.__sys_close
                0x00000000000085a8        0xc /usr/local/mcuxpressoide-11.1.1_3241/ide/plugins/com.nxp.mcuxpresso.tools.linux_11.1.0.202001081728/tools/bin/../lib/gcc/arm-none-eabi/8.3.1/../../../../arm-none-eabi/lib/thumb/v7e-m+fp/hard/libcr_semihost_nf.a(__sys_close.o)
                0x00000000000085a8                __sys_close
 .text.__sys_flen
                0x00000000000085b4        0xc /usr/local/mcuxpressoide-11.1.1_3241/ide/plugins/com.nxp.mcuxpresso.tools.linux_11.1.0.202001081728/tools/bin/../lib/gcc/arm-none-eabi/8.3.1/../../../../arm-none-eabi/lib/thumb/v7e-m+fp/hard/libcr_semihost_nf.a(__sys_flen.o)
                0x00000000000085b4                __sys_flen
 .text.__sys_istty
                0x00000000000085c0        0xc /usr/local/mcuxpressoide-11.1.1_3241/ide/plugins/com.nxp.mcuxpresso.tools.linux_11.1.0.202001081728/tools/bin/../lib/gcc/arm-none-eabi/8.3.1/../../../../arm-none-eabi/lib/thumb/v7e-m+fp/hard/libcr_semihost_nf.a(__sys_istty.o)
                0x00000000000085c0                __sys_istty
 .text.__sys_remove
                0x00000000000085cc        0xc /usr/local/mcuxpressoide-11.1.1_3241/ide/plugins/com.nxp.mcuxpresso.tools.linux_11.1.0.202001081728/tools/bin/../lib/gcc/arm-none-eabi/8.3.1/../../../../arm-none-eabi/lib/thumb/v7e-m+fp/hard/libcr_semihost_nf.a(__sys_remove.o)
                0x00000000000085cc                __sys_remove
 .text.__sys_seek
                0x00000000000085d8        0xc /usr/local/mcuxpressoide-11.1.1_3241/ide/plugins/com.nxp.mcuxpresso.tools.linux_11.1.0.202001081728/tools/bin/../lib/gcc/arm-none-eabi/8.3.1/../../../../arm-none-eabi/lib/thumb/v7e-m+fp/hard/libcr_semihost_nf.a(__sys_seek.o)
                0x00000000000085d8                __sys_seek
 .text.__sys_tmpnam
                0x00000000000085e4        0xc /usr/local/mcuxpressoide-11.1.1_3241/ide/plugins/com.nxp.mcuxpresso.tools.linux_11.1.0.202001081728/tools/bin/../lib/gcc/arm-none-eabi/8.3.1/../../../../arm-none-eabi/lib/thumb/v7e-m+fp/hard/libcr_semihost_nf.a(__sys_tmpnam.o)
                0x00000000000085e4                __sys_tmpnam
 .text.__sys_write
                0x00000000000085f0        0xc /usr/local/mcuxpressoide-11.1.1_3241/ide/plugins/com.nxp.mcuxpresso.tools.linux_11.1.0.202001081728/tools/bin/../lib/gcc/arm-none-eabi/8.3.1/../../../../arm-none-eabi/lib/thumb/v7e-m+fp/hard/libcr_semihost_nf.a(__sys_write.o)
                0x00000000000085f0                __sys_write
 *(SORT_BY_ALIGNMENT(.rodata) SORT_BY_ALIGNMENT(.rodata.*) SORT_BY_ALIGNMENT(.constdata) SORT_BY_ALIGNMENT(.constdata.*))
 *fill*         0x00000000000085fc        0x4 ff
 .rodata.a1.5286
                0x0000000000008600       0x88 /usr/local/mcuxpressoide-11.1.1_3241/ide/plugins/com.nxp.mcuxpresso.tools.linux_11.1.0.202001081728/tools/bin/../lib/gcc/arm-none-eabi/8.3.1/../../../../arm-none-eabi/lib/thumb/v7e-m+fp/hard/libcr_c.a(powf.o)
 .rodata.LPTMR_SetTimerPeriod.str1.4
                0x0000000000008688       0x58 ./source/Quadcopter.o
 .rodata.main.str1.4
                0x00000000000086e0       0x7b ./source/Quadcopter.o
 *fill*         0x000000000000875b        0x1 ff
 .rodata        0x000000000000875c        0x2 ./source/RGB_LEDS.o
 *fill*         0x000000000000875e        0x2 ff
 .rodata.CLOCK_GetMcgExtClkFreq.str1.4
                0x0000000000008760       0x4e ./drivers/fsl_clock.o
 *fill*         0x00000000000087ae        0x2 ff
 .rodata.CLOCK_GetOsc0ErClkFreq.str1.4
                0x00000000000087b0       0x1f ./drivers/fsl_clock.o
 *fill*         0x00000000000087cf        0x1 ff
 .rodata.CLOCK_GetEr32kClkFreq.str1.4
                0x00000000000087d0       0x20 ./drivers/fsl_clock.o
 .rodata.CLOCK_GetPll0Freq.str1.4
                0x00000000000087f0       0x1e ./drivers/fsl_clock.o
 *fill*         0x000000000000880e        0x2 ff
 .rodata.CLOCK_EnablePll0.str1.4
                0x0000000000008810       0x1b ./drivers/fsl_clock.o
 *fill*         0x000000000000882b        0x1 ff
 .rodata.CLOCK_SetPbeMode.str1.4
                0x000000000000882c       0x1b ./drivers/fsl_clock.o
 *fill*         0x0000000000008847        0x1 ff
 .rodata.CLOCK_BootToPeeMode.str1.4
                0x0000000000008848       0x1b ./drivers/fsl_clock.o
 *fill*         0x0000000000008863        0x1 ff
 .rodata.fllFactorTable.7862
                0x0000000000008864       0x10 ./drivers/fsl_clock.o
 .rodata.SPI0_DriverIRQHandler.str1.4
                0x0000000000008874       0x2b ./drivers/fsl_dspi.o
 *fill*         0x000000000000889f        0x1 ff
 .rodata.SPI1_DriverIRQHandler.str1.4
                0x00000000000088a0       0x2b ./drivers/fsl_dspi.o
 *fill*         0x00000000000088cb        0x1 ff
 .rodata.SPI2_DriverIRQHandler.str1.4
                0x00000000000088cc       0x2b ./drivers/fsl_dspi.o
 *fill*         0x00000000000088f7        0x1 ff
 .rodata.EDMA_HandleIRQ.str1.4
                0x00000000000088f8       0x22 ./drivers/fsl_edma.o
 *fill*         0x000000000000891a        0x2 ff
 .rodata.CAN0_DriverIRQHandler.str1.4
                0x000000000000891c       0x31 ./drivers/fsl_flexcan.o
 *fill*         0x000000000000894d        0x3 ff
 .rodata.s_ftmBases
                0x0000000000008950       0x10 ./drivers/fsl_ftm.o
 .rodata.s_ftmClocks
                0x0000000000008960       0x10 ./drivers/fsl_ftm.o
 .rodata.FTM_GetInstance.str1.4
                0x0000000000008970       0x29 ./drivers/fsl_ftm.o
 *fill*         0x0000000000008999        0x3 ff
 .rodata.FTM_SetPwmSync.str1.4
                0x000000000000899c       0x3b ./drivers/fsl_ftm.o
 *fill*         0x00000000000089d7        0x1 ff
 .rodata.FTM_SetReloadPoints.str1.4
                0x00000000000089d8       0x21 ./drivers/fsl_ftm.o
 *fill*         0x00000000000089f9        0x3 ff
 .rodata.FTM_Init.str1.4
                0x00000000000089fc       0x18 ./drivers/fsl_ftm.o
 .rodata.FTM_GetDefaultConfig.str1.4
                0x0000000000008a14       0x20 ./drivers/fsl_ftm.o
 .rodata.FTM_SetupPwm.str1.4
                0x0000000000008a34       0xcc ./drivers/fsl_ftm.o
 .rodata.GPIO_PinInit.str1.4
                0x0000000000008b00       0x21 ./drivers/fsl_gpio.o
 *fill*         0x0000000000008b21        0x3 ff
 .rodata.s_i2cDividerTable
                0x0000000000008b24       0x80 ./drivers/fsl_i2c.o
 .rodata.s_i2cIrqs
                0x0000000000008ba4        0x3 ./drivers/fsl_i2c.o
 *fill*         0x0000000000008ba7        0x1 ff
 .rodata.s_i2cClocks
                0x0000000000008ba8        0xc ./drivers/fsl_i2c.o
 .rodata.s_i2cBases
                0x0000000000008bb4        0xc ./drivers/fsl_i2c.o
 .rodata.I2C_GetInstance.str1.4
                0x0000000000008bc0       0x33 ./drivers/fsl_i2c.o
 *fill*         0x0000000000008bf3        0x1 ff
 .rodata.I2C_MasterTransferRunStateMachine.str1.4
                0x0000000000008bf4       0x17 ./drivers/fsl_i2c.o
 *fill*         0x0000000000008c0b        0x1 ff
 .rodata.I2C_MasterInit.str1.4
                0x0000000000008c0c       0x4b ./drivers/fsl_i2c.o
 *fill*         0x0000000000008c57        0x1 ff
 .rodata.I2C_MasterTransferCreateHandle.str1.4
                0x0000000000008c58       0x21 ./drivers/fsl_i2c.o
 *fill*         0x0000000000008c79        0x3 ff
 .rodata.I2C_MasterTransferNonBlocking.str1.4
                0x0000000000008c7c       0x43 ./drivers/fsl_i2c.o
 *fill*         0x0000000000008cbf        0x1 ff
 .rodata.I2C_MasterTransferHandleIRQ.str1.4
                0x0000000000008cc0       0x24 ./drivers/fsl_i2c.o
 .rodata.LPTMR_GetInstance.str1.4
                0x0000000000008ce4       0x36 ./drivers/fsl_lptmr.o
 *fill*         0x0000000000008d1a        0x2 ff
 .rodata.LPTMR_Init.str1.4
                0x0000000000008d1c       0x21 ./drivers/fsl_lptmr.o
 *fill*         0x0000000000008d3d        0x3 ff
 .rodata.LPTMR_GetDefaultConfig.str1.4
                0x0000000000008d40       0x22 ./drivers/fsl_lptmr.o
 *fill*         0x0000000000008d62        0x2 ff
 .rodata.I2S0_Tx_DriverIRQHandler.str1.4
                0x0000000000008d64       0x2c ./drivers/fsl_sai.o
 .rodata.I2S0_Rx_DriverIRQHandler.str1.4
                0x0000000000008d90       0x2c ./drivers/fsl_sai.o
 .rodata.SDHC_DriverIRQHandler.str1.4
                0x0000000000008dbc       0x2b ./drivers/fsl_sdhc.o
 *fill*         0x0000000000008de7        0x1 ff
 .rodata.s_uartBases
                0x0000000000008de8       0x18 ./drivers/fsl_uart.o
 .rodata.s_uartIRQ
                0x0000000000008e00        0x6 ./drivers/fsl_uart.o
 *fill*         0x0000000000008e06        0x2 ff
 .rodata.s_uartClock
                0x0000000000008e08       0x18 ./drivers/fsl_uart.o
 .rodata.UART_GetInstance.str1.4
                0x0000000000008e20       0x2c ./drivers/fsl_uart.o
 .rodata.UART_TransferGetRxRingBufferLength.str1.4
                0x0000000000008e4c       0x19 ./drivers/fsl_uart.o
 *fill*         0x0000000000008e65        0x3 ff
 .rodata.UART_TransferIsRxRingBufferFull.str1.4
                0x0000000000008e68       0x19 ./drivers/fsl_uart.o
 *fill*         0x0000000000008e81        0x3 ff
 .rodata.UART_Init.str1.4
                0x0000000000008e84       0xf4 ./drivers/fsl_uart.o
 .rodata.UART_GetDefaultConfig.str1.4
                0x0000000000008f78       0x19 ./drivers/fsl_uart.o
 *fill*         0x0000000000008f91        0x3 ff
 .rodata.UART_WriteNonBlocking.str1.4
                0x0000000000008f94       0x17 ./drivers/fsl_uart.o
 *fill*         0x0000000000008fab        0x1 ff
 .rodata.UART_ReadNonBlocking.str1.4
                0x0000000000008fac       0x17 ./drivers/fsl_uart.o
 *fill*         0x0000000000008fc3        0x1 ff
 .rodata.UART_TransferCreateHandle.str1.4
                0x0000000000008fc4       0x19 ./drivers/fsl_uart.o
 *fill*         0x0000000000008fdd        0x3 ff
 .rodata.UART_TransferStartRingBuffer.str1.4
                0x0000000000008fe0       0x39 ./drivers/fsl_uart.o
 *fill*         0x0000000000009019        0x3 ff
 .rodata.UART_TransferReceiveNonBlocking.str1.4
                0x000000000000901c       0x76 ./drivers/fsl_uart.o
 *fill*         0x0000000000009092        0x2 ff
 .rodata.UART_TransferHandleIRQ.str1.4
                0x0000000000009094       0x1c ./drivers/fsl_uart.o
                                         0x1a (size before relaxing)
 .rodata.mcgConfig_BOARD_BootClockRUN
                0x00000000000090b0        0xb ./board/clock_config.o
                0x00000000000090b0                mcgConfig_BOARD_BootClockRUN
 *fill*         0x00000000000090bb        0x1 ff
 .rodata.simConfig_BOARD_BootClockRUN
                0x00000000000090bc        0x8 ./board/clock_config.o
                0x00000000000090bc                simConfig_BOARD_BootClockRUN
 .rodata.oscConfig_BOARD_BootClockRUN
                0x00000000000090c4        0x8 ./board/clock_config.o
                0x00000000000090c4                oscConfig_BOARD_BootClockRUN
 .rodata.I2C0_config
                0x00000000000090cc        0xc ./board/peripherals.o
                0x00000000000090cc                I2C0_config
 .rodata.I2C1_config
                0x00000000000090d8        0xc ./board/peripherals.o
                0x00000000000090d8                I2C1_config
 .rodata.__num_Ciob_streams
                0x00000000000090e4        0x4 /usr/local/mcuxpressoide-11.1.1_3241/ide/plugins/com.nxp.mcuxpresso.tools.linux_11.1.0.202001081728/tools/bin/../lib/gcc/arm-none-eabi/8.3.1/../../../../arm-none-eabi/lib/thumb/v7e-m+fp/hard/libcr_semihost_nf.a(__ciob.o)
                0x00000000000090e4                __num_Ciob_streams
 .rodata.a.5276
                0x00000000000090e8       0x10 /usr/local/mcuxpressoide-11.1.1_3241/ide/plugins/com.nxp.mcuxpresso.tools.linux_11.1.0.202001081728/tools/bin/../lib/gcc/arm-none-eabi/8.3.1/../../../../arm-none-eabi/lib/thumb/v7e-m+fp/hard/libcr_c.a(atanf.o)
 .rodata.__assertion_failed.str1.1
                0x00000000000090f8       0x15 /usr/local/mcuxpressoide-11.1.1_3241/ide/plugins/com.nxp.mcuxpresso.tools.linux_11.1.0.202001081728/tools/bin/../lib/gcc/arm-none-eabi/8.3.1/../../../../arm-none-eabi/lib/thumb/v7e-m+fp/hard/libcr_semihost_nf.a(_cr_assert.o)
 .rodata._Csys_alloc.str1.1
                0x000000000000910d       0x18 /usr/local/mcuxpressoide-11.1.1_3241/ide/plugins/com.nxp.mcuxpresso.tools.linux_11.1.0.202001081728/tools/bin/../lib/gcc/arm-none-eabi/8.3.1/../../../../arm-none-eabi/lib/thumb/v7e-m+fp/hard/libcr_c.a(alloc.o)
 .rodata.fp_display.str1.1
                0x0000000000009125       0x32 /usr/local/mcuxpressoide-11.1.1_3241/ide/plugins/com.nxp.mcuxpresso.tools.linux_11.1.0.202001081728/tools/bin/../lib/gcc/arm-none-eabi/8.3.1/../../../../arm-none-eabi/lib/thumb/v7e-m+fp/hard/libcr_c.a(fpprintf.o)
                                         0x35 (size before relaxing)
 .rodata._initio.str1.1
                0x0000000000009157        0x4 /usr/local/mcuxpressoide-11.1.1_3241/ide/plugins/com.nxp.mcuxpresso.tools.linux_11.1.0.202001081728/tools/bin/../lib/gcc/arm-none-eabi/8.3.1/../../../../arm-none-eabi/lib/thumb/v7e-m+fp/hard/libcr_c.a(initio.o)
 .rodata.__vfprintf.str1.1
                0x000000000000915b       0x31 /usr/local/mcuxpressoide-11.1.1_3241/ide/plugins/com.nxp.mcuxpresso.tools.linux_11.1.0.202001081728/tools/bin/../lib/gcc/arm-none-eabi/8.3.1/../../../../arm-none-eabi/lib/thumb/v7e-m+fp/hard/libcr_c.a(printf.o)
                                         0x38 (size before relaxing)
                0x0000000000009190                . = ALIGN (0x8)
 *fill*         0x000000000000918c        0x4 ff

.glue_7         0x0000000000009190        0x0
 .glue_7        0x0000000000009190        0x0 linker stubs

.glue_7t        0x0000000000009190        0x0
 .glue_7t       0x0000000000009190        0x0 linker stubs

.vfp11_veneer   0x0000000000009190        0x0
 .vfp11_veneer  0x0000000000009190        0x0 linker stubs

.v4_bx          0x0000000000009190        0x0
 .v4_bx         0x0000000000009190        0x0 linker stubs

.iplt           0x0000000000009190        0x0
 .iplt          0x0000000000009190        0x0 ./startup/startup_mk64f12.o

.rel.dyn        0x0000000000009190        0x0
 .rel.iplt      0x0000000000009190        0x0 ./startup/startup_mk64f12.o

.ARM.extab
 *(SORT_BY_ALIGNMENT(.ARM.extab*) SORT_BY_ALIGNMENT(.gnu.linkonce.armextab.*))

.ARM.exidx      0x0000000000009190        0x0
                0x0000000000009190                __exidx_start = .
 *(SORT_BY_ALIGNMENT(.ARM.exidx*) SORT_BY_ALIGNMENT(.gnu.linkonce.armexidx.*))
                0x0000000000009190                __exidx_end = .
                0x0000000000009190                _etext = .

.m_usb_data
 *(SORT_BY_ALIGNMENT(m_usb_bdt))

.data_RAM2      0x000000001fff0000        0x0 load address 0x0000000000009190
 FILL mask 0xff
                [!provide]                        PROVIDE (__start_data_RAM2 = .)
                [!provide]                        PROVIDE (__start_data_SRAM_LOWER = .)
 *(SORT_BY_ALIGNMENT(.ramfunc.$RAM2))
 *(SORT_BY_ALIGNMENT(.ramfunc.$SRAM_LOWER))
 *(SORT_BY_ALIGNMENT(.data.$RAM2))
 *(SORT_BY_ALIGNMENT(.data.$SRAM_LOWER))
 *(SORT_BY_ALIGNMENT(.data.$RAM2.*))
 *(SORT_BY_ALIGNMENT(.data.$SRAM_LOWER.*))
                0x000000001fff0000                . = ALIGN (0x8)
                [!provide]                        PROVIDE (__end_data_RAM2 = .)
                [!provide]                        PROVIDE (__end_data_SRAM_LOWER = .)

.data_RAM3      0x0000000014000000        0x0 load address 0x0000000000009190
 FILL mask 0xff
                [!provide]                        PROVIDE (__start_data_RAM3 = .)
                [!provide]                        PROVIDE (__start_data_FLEX_RAM = .)
 *(SORT_BY_ALIGNMENT(.ramfunc.$RAM3))
 *(SORT_BY_ALIGNMENT(.ramfunc.$FLEX_RAM))
 *(SORT_BY_ALIGNMENT(.data.$RAM3))
 *(SORT_BY_ALIGNMENT(.data.$FLEX_RAM))
 *(SORT_BY_ALIGNMENT(.data.$RAM3.*))
 *(SORT_BY_ALIGNMENT(.data.$FLEX_RAM.*))
                0x0000000014000000                . = ALIGN (0x8)
                [!provide]                        PROVIDE (__end_data_RAM3 = .)
                [!provide]                        PROVIDE (__end_data_FLEX_RAM = .)

.uninit_RESERVED
                0x0000000020000000        0x0
                0x0000000020000000                _start_uninit_RESERVED = .
 *(SORT_BY_ALIGNMENT(.bss.$RESERVED*))
                0x0000000020000000                . = ALIGN (0x8)
                0x0000000020000000                _end_uninit_RESERVED = .

.data           0x0000000020000000       0x10 load address 0x0000000000009190
 FILL mask 0xff
                0x0000000020000000                _data = .
                [!provide]                        PROVIDE (__start_data_RAM = .)
                [!provide]                        PROVIDE (__start_data_SRAM_UPPER = .)
 *(SORT_BY_ALIGNMENT(vtable))
 *(SORT_BY_ALIGNMENT(.ramfunc*))
 *(SORT_BY_ALIGNMENT(CodeQuickAccess))
 *(SORT_BY_ALIGNMENT(DataQuickAccess))
 *(SORT_BY_ALIGNMENT(RamFunction))
 *(SORT_BY_ALIGNMENT(.data*))
 .data.s_slowIrcFreq
                0x0000000020000000        0x4 ./drivers/fsl_clock.o
 .data.s_fastIrcFreq
                0x0000000020000004        0x4 ./drivers/fsl_clock.o
 .data.SystemCoreClock
                0x0000000020000008        0x4 ./device/system_MK64F12.o
                0x0000000020000008                SystemCoreClock
 .data.rxOnGoing
                0x000000002000000c        0x1 ./source/Quadcopter.o
                0x000000002000000c                rxOnGoing
                0x0000000020000010                . = ALIGN (0x8)
 *fill*         0x000000002000000d        0x3 ff
                0x0000000020000010                _edata = .
                [!provide]                        PROVIDE (__end_data_RAM = .)
                [!provide]                        PROVIDE (__end_data_SRAM_UPPER = .)

.igot.plt       0x0000000020000010        0x0 load address 0x00000000000091a0
 .igot.plt      0x0000000020000010        0x0 ./startup/startup_mk64f12.o

.bss_RAM2       0x000000001fff0000        0x0
                [!provide]                        PROVIDE (__start_bss_RAM2 = .)
                [!provide]                        PROVIDE (__start_bss_SRAM_LOWER = .)
 *(SORT_BY_ALIGNMENT(.bss.$RAM2))
 *(SORT_BY_ALIGNMENT(.bss.$SRAM_LOWER))
 *(SORT_BY_ALIGNMENT(.bss.$RAM2.*))
 *(SORT_BY_ALIGNMENT(.bss.$SRAM_LOWER.*))
                0x000000001fff0000                . = ALIGN ((. != 0x0)?0x8:0x1)
                [!provide]                        PROVIDE (__end_bss_RAM2 = .)
                [!provide]                        PROVIDE (__end_bss_SRAM_LOWER = .)

.bss_RAM3       0x0000000014000000        0x0
                [!provide]                        PROVIDE (__start_bss_RAM3 = .)
                [!provide]                        PROVIDE (__start_bss_FLEX_RAM = .)
 *(SORT_BY_ALIGNMENT(.bss.$RAM3))
 *(SORT_BY_ALIGNMENT(.bss.$FLEX_RAM))
 *(SORT_BY_ALIGNMENT(.bss.$RAM3.*))
 *(SORT_BY_ALIGNMENT(.bss.$FLEX_RAM.*))
                0x0000000014000000                . = ALIGN ((. != 0x0)?0x8:0x1)
                [!provide]                        PROVIDE (__end_bss_RAM3 = .)
                [!provide]                        PROVIDE (__end_bss_FLEX_RAM = .)

.bss            0x0000000020000010      0x218
                0x0000000020000010                _bss = .
                [!provide]                        PROVIDE (__start_bss_RAM = .)
                [!provide]                        PROVIDE (__start_bss_SRAM_UPPER = .)
 *(SORT_BY_ALIGNMENT(.bss*))
 .bss.g_systickCounter
                0x0000000020000010        0x4 ./source/Delays.o
                0x0000000020000010                g_systickCounter
 .bss.mpu_g_m_handle
                0x0000000020000014       0x28 ./source/MPU6050.o
                0x0000000020000014                mpu_g_m_handle
 .bss.uartHandle
                0x000000002000003c       0x30 ./source/Quadcopter.o
                0x000000002000003c                uartHandle
 .bss.rxRingBuffer
                0x000000002000006c        0xb ./source/Quadcopter.o
                0x000000002000006c                rxRingBuffer
 *fill*         0x0000000020000077        0x1 
 .bss.pitchPID  0x0000000020000078        0x4 ./source/Quadcopter.o
                0x0000000020000078                pitchPID
 .bss.rollPID   0x000000002000007c        0x4 ./source/Quadcopter.o
                0x000000002000007c                rollPID
 .bss.pitchAngle
                0x0000000020000080        0x4 ./source/Quadcopter.o
                0x0000000020000080                pitchAngle
 .bss.rollAngle
                0x0000000020000084        0x4 ./source/Quadcopter.o
                0x0000000020000084                rollAngle
 .bss.i_error   0x0000000020000088        0x4 ./source/Quadcopter.o
                0x0000000020000088                i_error
 .bss.p_error   0x000000002000008c        0x4 ./source/Quadcopter.o
                0x000000002000008c                p_error
 .bss.dt_sec    0x0000000020000090        0x4 ./source/Quadcopter.o
                0x0000000020000090                dt_sec
 .bss.LPTMRtime
                0x0000000020000094        0x4 ./source/Quadcopter.o
                0x0000000020000094                LPTMRtime
 .bss.g_xtal0Freq
                0x0000000020000098        0x4 ./drivers/fsl_clock.o
                0x0000000020000098                g_xtal0Freq
 .bss.g_xtal32Freq
                0x000000002000009c        0x4 ./drivers/fsl_clock.o
                0x000000002000009c                g_xtal32Freq
 .bss.g_dspiHandle
                0x00000000200000a0        0xc ./drivers/fsl_dspi.o
 .bss.s_dspiMasterIsr
                0x00000000200000ac        0x4 ./drivers/fsl_dspi.o
 .bss.s_dspiSlaveIsr
                0x00000000200000b0        0x4 ./drivers/fsl_dspi.o
 .bss.s_EDMAHandle
                0x00000000200000b4       0x40 ./drivers/fsl_edma.o
 .bss.s_ENETHandle
                0x00000000200000f4        0x4 ./drivers/fsl_enet.o
 .bss.s_enetTxIsr
                0x00000000200000f8        0x4 ./drivers/fsl_enet.o
 .bss.s_enetRxIsr
                0x00000000200000fc        0x4 ./drivers/fsl_enet.o
 .bss.s_enetErrIsr
                0x0000000020000100        0x4 ./drivers/fsl_enet.o
 .bss.s_enetTsIsr
                0x0000000020000104        0x4 ./drivers/fsl_enet.o
 .bss.s_flexcanHandle
                0x0000000020000108        0x4 ./drivers/fsl_flexcan.o
 .bss.s_flexcanIsr
                0x000000002000010c        0x4 ./drivers/fsl_flexcan.o
 .bss.s_i2cHandle
                0x0000000020000110        0xc ./drivers/fsl_i2c.o
 .bss.s_i2cMasterIsr
                0x000000002000011c        0x4 ./drivers/fsl_i2c.o
 .bss.s_i2cSlaveIsr
                0x0000000020000120        0x4 ./drivers/fsl_i2c.o
 .bss.s_saiHandle
                0x0000000020000124        0x8 ./drivers/fsl_sai.o
 .bss.s_saiTxIsr
                0x000000002000012c        0x4 ./drivers/fsl_sai.o
 .bss.s_saiRxIsr
                0x0000000020000130        0x4 ./drivers/fsl_sai.o
 .bss.s_sdhcHandle
                0x0000000020000134        0x4 ./drivers/fsl_sdhc.o
 .bss.s_sdhcIsr
                0x0000000020000138        0x4 ./drivers/fsl_sdhc.o
 .bss.s_uartHandle
                0x000000002000013c       0x18 ./drivers/fsl_uart.o
 .bss.s_uartIsr
                0x0000000020000154        0x4 ./drivers/fsl_uart.o
 .bss.__Ciob    0x0000000020000158       0xb4 /usr/local/mcuxpressoide-11.1.1_3241/ide/plugins/com.nxp.mcuxpresso.tools.linux_11.1.0.202001081728/tools/bin/../lib/gcc/arm-none-eabi/8.3.1/../../../../arm-none-eabi/lib/thumb/v7e-m+fp/hard/libcr_semihost_nf.a(__ciob.o)
                0x0000000020000158                __Ciob
 .bss.errno     0x000000002000020c        0x4 /usr/local/mcuxpressoide-11.1.1_3241/ide/plugins/com.nxp.mcuxpresso.tools.linux_11.1.0.202001081728/tools/bin/../lib/gcc/arm-none-eabi/8.3.1/../../../../arm-none-eabi/lib/thumb/v7e-m+fp/hard/libcr_c.a(errno.o)
                0x000000002000020c                errno
 .bss.__end_of_heap