core_cm4.h:1679:22:__NVIC_EnableIRQ	16	static
core_cm4.h:1807:22:__NVIC_SetPriority	16	static
fsl_common.h:460:28:EnableIRQ	16	static
fsl_lptmr.h:183:20:LPTMR_EnableInterrupts	24	static
fsl_lptmr.h:270:20:LPTMR_ClearStatusFlags	16	static
fsl_lptmr.h:295:20:LPTMR_SetTimerPeriod	16	static
fsl_lptmr.h:313:24:LPTMR_GetCurrentTimerCount	16	static
fsl_lptmr.h:339:20:LPTMR_StartTimer	24	static
fsl_lptmr.h:356:20:LPTMR_StopTimer	24	static
lptmr_adapter.c:35:13:HAL_TimerInterruptHandle	24	static
lptmr_adapter.c:46:6:PWT_LPTMR0_IRQHandler	8	static
lptmr_adapter.c:56:6:LPTMR0_IRQHandler	8	static
lptmr_adapter.c:70:20:HAL_TimerInit	48	static
lptmr_adapter.c:108:6:HAL_TimerDeinit	24	static
lptmr_adapter.c:116:6:HAL_TimerEnable	24	static
lptmr_adapter.c:124:6:HAL_TimerDisable	24	static
lptmr_adapter.c:132:6:HAL_TimerInstallCallback	32	static
lptmr_adapter.c:140:10:HAL_TimerGetMaxTimeout	32	static
lptmr_adapter.c:153:10:HAL_TimerGetCurrentTimerCount	48	static
lptmr_adapter.c:161:20:HAL_TimerUpdateTimeout	32	static
lptmr_adapter.c:175:6:HAL_TimerExitLowpower	16	static
lptmr_adapter.c:180:6:HAL_TimerEnterLowpower	16	static
