fsl_rtc.c:59:13:RTC_CheckDatetimeFormat	32	static
fsl_rtc.c:91:17:RTC_ConvertDatetimeToSeconds	48	static
fsl_rtc.c:121:13:RTC_ConvertSecondsToDatetime	40	static
fsl_rtc.c:259:6:RTC_GetDefaultConfig	8	static
fsl_rtc.c:290:10:RTC_SetDatetime	16	static
fsl_rtc.c:312:6:RTC_GetDatetime	0	static
fsl_rtc.c:335:10:RTC_SetAlarm	16	static
fsl_rtc.c:371:6:RTC_GetAlarm	0	static
fsl_rtc.c:390:6:RTC_EnableInterrupts	0	static
fsl_rtc.c:460:6:RTC_DisableInterrupts	0	static
fsl_rtc.c:531:10:RTC_GetEnabledInterrupts	0	static
fsl_rtc.c:600:10:RTC_GetStatusFlags	0	static
fsl_rtc.c:202:6:RTC_Init	16	static
fsl_rtc.c:670:6:RTC_ClearStatusFlags	0	static
