fsl_dspi.c:2179:13:DSPI_CommonIRQHandler	8	static
fsl_dspi.h:948:24:DSPI_MasterGetFormattedCommand.constprop	0	static
fsl_dspi.c:127:10:DSPI_GetInstance	0	static
fsl_dspi.c:153:9:DSPI_GetDummyDataInstance	8	static
fsl_dspi.c:1438:13:DSPI_MasterTransferFillUpTxFifo	24	static
fsl_dspi.c:1598:6:DSPI_MasterTransferHandleIRQ	16	static
fsl_dspi.c:2000:6:DSPI_SlaveTransferHandleIRQ	24	static
fsl_dspi.c:166:6:DSPI_SetDummyData	8	static
fsl_dspi.c:261:6:DSPI_MasterGetDefaultConfig	8	static
fsl_dspi.c:308:6:DSPI_SlaveInit	16	static
fsl_dspi.c:359:6:DSPI_SlaveGetDefaultConfig	8	static
fsl_dspi.c:381:6:DSPI_Deinit	8	static
fsl_dspi.c:423:10:DSPI_MasterSetBaudRate	56	static
fsl_dspi.c:518:6:DSPI_MasterSetDelayScaler	12	static
fsl_dspi.c:571:10:DSPI_MasterSetDelayTimes	56	static
fsl_dspi.c:200:6:DSPI_MasterInit	24	static
fsl_dspi.c:665:6:DSPI_GetDefaultDataCommandConfig	8	static
fsl_dspi.c:706:6:DSPI_MasterWriteDataBlocking	8	static
fsl_dspi.c:770:6:DSPI_MasterWriteCommandDataBlocking	0	static
fsl_dspi.c:799:6:DSPI_SlaveWriteDataBlocking	0	static
fsl_dspi.c:833:6:DSPI_EnableInterrupts	0	static
fsl_dspi.c:859:6:DSPI_MasterTransferCreateHandle	24	static
fsl_dspi.c:885:10:DSPI_MasterTransferBlocking	48	static
fsl_dspi.c:1207:10:DSPI_MasterTransferNonBlocking	40	static
fsl_dspi.c:1260:10:DSPI_MasterHalfDuplexTransferBlocking	32	static
fsl_dspi.c:1327:10:DSPI_MasterHalfDuplexTransferNonBlocking	32	static
fsl_dspi.c:1393:10:DSPI_MasterTransferGetCount	0	static
fsl_dspi.c:1577:6:DSPI_MasterTransferAbort	0	static
fsl_dspi.c:1721:6:DSPI_SlaveTransferCreateHandle	24	static
fsl_dspi.c:1748:10:DSPI_SlaveTransferNonBlocking	24	static
fsl_dspi.c:1827:10:DSPI_SlaveTransferGetCount	0	static
fsl_dspi.c:1976:6:DSPI_SlaveTransferAbort	0	static
fsl_dspi.c:2197:6:SPI0_DriverIRQHandler	0	static
fsl_dspi.c:2205:6:SPI1_DriverIRQHandler	0	static
fsl_dspi.c:2213:6:SPI2_DriverIRQHandler	0	static
