fsl_ftfx_controller.c:1142:17:ftfx_command_sequence.isra.0	16	static
fsl_ftfx_controller.c:1200:17:ftfx_check_mem_range	8	static
fsl_ftfx_controller.c:1253:17:ftfx_read_word_from_byte_address	0	static
fsl_ftfx_controller.c:1275:13:ftfx_write_word_to_byte_address	0	static
fsl_ftfx_controller.c:187:10:FTFx_API_Init	8	static
fsl_ftfx_controller.c:265:10:FTFx_CMD_Erase	32	static
fsl_ftfx_controller.c:326:10:FTFx_CMD_EraseAll	0	static
fsl_ftfx_controller.c:396:10:FTFx_CMD_EraseAllExecuteOnlySegments	0	static
fsl_ftfx_controller.c:422:10:FTFx_CMD_Program	40	static
fsl_ftfx_controller.c:485:10:FTFx_CMD_ProgramOnce	24	static
fsl_ftfx_controller.c:526:10:FTFx_CMD_ProgramSection	56	static
fsl_ftfx_controller.c:682:10:FTFx_CMD_ReadOnce	24	static
fsl_ftfx_controller.c:725:10:FTFx_CMD_ReadResource	40	static
fsl_ftfx_controller.c:792:10:FTFx_CMD_VerifyErase	48	static
fsl_ftfx_controller.c:849:10:FTFx_CMD_VerifyEraseAll	0	static
fsl_ftfx_controller.c:863:10:FTFx_CMD_VerifyEraseAllExecuteOnlySegments	0	static
fsl_ftfx_controller.c:877:10:FTFx_CMD_VerifyProgram	48	static
fsl_ftfx_controller.c:935:10:FTFx_CMD_SecurityBypass	0	static
fsl_ftfx_controller.c:967:10:FTFx_REG_GetSecurityState	0	static
fsl_ftfx_controller.c:1028:10:FTFx_CMD_SwapControl	8	static
