fsl_edma.c:80:6:EDMA_InstallTCD	8	static
fsl_edma.c:112:6:EDMA_Init	0	static
fsl_edma.c:142:6:EDMA_Deinit	0	static
fsl_edma.c:164:6:EDMA_GetDefaultConfig	8	static
fsl_edma.c:239:6:EDMA_SetMinorOffsetConfig	12	static
fsl_edma.c:263:6:EDMA_SetChannelPreemptionConfig	8	static
fsl_edma.c:316:6:EDMA_SetBandWidth	8	static
fsl_edma.c:335:6:EDMA_SetModulo	12	static
fsl_edma.c:353:6:EDMA_EnableChannelInterrupts	12	static
fsl_edma.c:384:6:EDMA_DisableChannelInterrupts	12	static
fsl_edma.c:415:6:EDMA_TcdReset	0	static
fsl_edma.c:188:6:EDMA_ResetChannel	0	static
fsl_edma.c:462:6:EDMA_TcdSetTransferConfig	8	static
fsl_edma.c:220:6:EDMA_SetTransferConfig	8	static
fsl_edma.c:511:6:EDMA_TcdSetMinorOffsetConfig	0	static
fsl_edma.c:541:6:EDMA_TcdSetChannelLink	0	static
fsl_edma.c:294:6:EDMA_SetChannelLink	8	static
fsl_edma.c:591:6:EDMA_TcdSetModulo	0	static
fsl_edma.c:609:6:EDMA_TcdEnableInterrupts	0	static
fsl_edma.c:633:6:EDMA_TcdDisableInterrupts	0	static
fsl_edma.c:671:10:EDMA_GetRemainingMajorLoopCount	0	static
fsl_edma.c:707:10:EDMA_GetChannelStatusFlags	0	static
fsl_edma.c:731:6:EDMA_ClearChannelStatusFlags	0	static
fsl_edma.c:782:6:EDMA_CreateHandle	16	static
fsl_edma.c:835:6:EDMA_InstallTCDMemory	0	static
fsl_edma.c:859:6:EDMA_SetCallback	0	static
fsl_edma.c:885:6:EDMA_PrepareTransferConfig	32	static
fsl_edma.c:991:6:EDMA_PrepareTransfer	48	static
fsl_edma.c:1045:10:EDMA_SubmitTransfer	32	static
fsl_edma.c:1199:6:EDMA_StartTransfer	12	static
fsl_edma.c:1246:6:EDMA_StopTransfer	0	static
fsl_edma.c:1262:6:EDMA_AbortTransfer	0	static
fsl_edma.c:1311:6:EDMA_HandleIRQ	16	static
fsl_edma.c:2463:6:DMA0_DriverIRQHandler	8	static
fsl_edma.c:2473:6:DMA1_DriverIRQHandler	8	static
fsl_edma.c:2483:6:DMA2_DriverIRQHandler	8	static
fsl_edma.c:2493:6:DMA3_DriverIRQHandler	8	static
fsl_edma.c:2506:6:DMA4_DriverIRQHandler	8	static
fsl_edma.c:2516:6:DMA5_DriverIRQHandler	8	static
fsl_edma.c:2526:6:DMA6_DriverIRQHandler	8	static
fsl_edma.c:2536:6:DMA7_DriverIRQHandler	8	static
fsl_edma.c:2550:6:DMA8_DriverIRQHandler	8	static
fsl_edma.c:2560:6:DMA9_DriverIRQHandler	8	static
fsl_edma.c:2570:6:DMA10_DriverIRQHandler	8	static
fsl_edma.c:2580:6:DMA11_DriverIRQHandler	8	static
fsl_edma.c:2590:6:DMA12_DriverIRQHandler	8	static
fsl_edma.c:2600:6:DMA13_DriverIRQHandler	8	static
fsl_edma.c:2610:6:DMA14_DriverIRQHandler	8	static
fsl_edma.c:2620:6:DMA15_DriverIRQHandler	8	static
