fsl_flexcan.c:560:13:FLEXCAN_Reset	8	static
fsl_flexcan.c:300:10:FLEXCAN_GetInstance	0	static
fsl_flexcan.c:449:6:FLEXCAN_EnterFreezeMode	0	static
fsl_flexcan.c:460:6:FLEXCAN_ExitFreezeMode	0	static
fsl_flexcan.c:934:6:FLEXCAN_Deinit	8	static
fsl_flexcan.c:975:6:FLEXCAN_GetDefaultConfig	8	static
fsl_flexcan.c:1027:6:FLEXCAN_SetTimingConfig	8	static
fsl_flexcan.c:735:6:FLEXCAN_Init	24	static
fsl_flexcan.c:1120:6:FLEXCAN_SetRxMbGlobalMask	8	static
fsl_flexcan.c:1142:6:FLEXCAN_SetRxFifoGlobalMask	8	static
fsl_flexcan.c:1168:6:FLEXCAN_SetRxIndividualMask	8	static
fsl_flexcan.c:1194:6:FLEXCAN_SetTxMbConfig	8	static
fsl_flexcan.c:1285:6:FLEXCAN_CalculateImprovedTimingValues	20	static
fsl_flexcan.c:1657:6:FLEXCAN_SetRxMbConfig	12	static
fsl_flexcan.c:1777:6:FLEXCAN_SetRxFifoConfig	24	static
fsl_flexcan.c:2006:10:FLEXCAN_WriteTxMb	12	static
fsl_flexcan.c:2179:10:FLEXCAN_ReadRxMb	16	static
fsl_flexcan.c:2354:10:FLEXCAN_ReadRxFifo	8	static
fsl_flexcan.c:2417:10:FLEXCAN_TransferSendBlocking	16	static
fsl_flexcan.c:2466:10:FLEXCAN_TransferReceiveBlocking	4	static
fsl_flexcan.c:2588:10:FLEXCAN_TransferReceiveFifoBlocking	8	static
fsl_flexcan.c:2618:6:FLEXCAN_TransferCreateHandle	24	static
fsl_flexcan.c:2683:10:FLEXCAN_TransferSendNonBlocking	16	static
fsl_flexcan.c:2747:10:FLEXCAN_TransferReceiveNonBlocking	16	static
fsl_flexcan.c:2917:10:FLEXCAN_TransferReceiveFifoNonBlocking	8	static
fsl_flexcan.c:2958:6:FLEXCAN_TransferAbortSend	12	static
fsl_flexcan.c:3074:6:FLEXCAN_TransferAbortReceive	8	static
fsl_flexcan.c:3105:6:FLEXCAN_TransferAbortReceiveFifo	0	static
fsl_flexcan.c:3342:6:FLEXCAN_TransferHandleIRQ	56	static
fsl_flexcan.c:3142:10:FLEXCAN_GetTimeStamp	0	static
fsl_flexcan.c:3385:6:CAN0_DriverIRQHandler	8	static
