fsl_sdhc.c:329:17:SDHC_ReceiveCommandResponse	16	static
fsl_sdhc.c:365:17:SDHC_ReadDataPort	12	static
fsl_sdhc.c:460:17:SDHC_WriteDataPort	12	static
fsl_sdhc.c:1572:6:SDHC_TransferHandleIRQ	24	static
fsl_sdhc.c:808:6:SDHC_Init	16	static
fsl_sdhc.c:862:6:SDHC_Deinit	0	static
fsl_sdhc.c:879:6:SDHC_Reset	8	static
fsl_sdhc.c:901:6:SDHC_GetCapability	0	static
fsl_sdhc.c:941:10:SDHC_SetSdClock	12	static
fsl_sdhc.c:1044:6:SDHC_SetCardActive	0	static
fsl_sdhc.c:1081:6:SDHC_SetTransferConfig	8	static
fsl_sdhc.c:233:13:SDHC_StartTransfer	48	static
fsl_sdhc.c:1104:6:SDHC_EnableSdioControl	20	static
fsl_sdhc.c:1170:6:SDHC_SetMmcBootConfig	0	static
fsl_sdhc.c:1207:10:SDHC_SetAdmaTableConfig	24	static
fsl_sdhc.c:1384:10:SDHC_TransferBlocking	40	static
fsl_sdhc.c:1450:6:SDHC_TransferCreateHandle	24	static
fsl_sdhc.c:1500:10:SDHC_TransferNonBlocking	32	static
fsl_sdhc.c:1605:6:SDHC_DriverIRQHandler	8	static
