fsl_sai.h:1148:20:SAI_TxEnableDMA	24	static
fsl_sai.h:1169:20:SAI_RxEnableDMA	24	static
fsl_sai.h:1190:24:SAI_TxGetDataRegisterAddress	16	static
fsl_sai.h:1204:24:SAI_RxGetDataRegisterAddress	16	static
fsl_sai_edma.c:74:17:SAI_GetInstance	24	static
fsl_sai_edma.c:92:13:SAI_TxEDMACallback	40	static
fsl_sai_edma.c:114:13:SAI_RxEDMACallback	40	static
fsl_sai_edma.c:149:6:SAI_TransferTxCreateHandleEDMA	32	static
fsl_sai_edma.c:190:6:SAI_TransferRxCreateHandleEDMA	32	static
fsl_sai_edma.c:233:6:SAI_TransferTxSetFormatEDMA	24	static
fsl_sai_edma.c:274:6:SAI_TransferTxSetConfigEDMA	24	static
fsl_sai_edma.c:317:6:SAI_TransferRxSetFormatEDMA	24	static
fsl_sai_edma.c:358:6:SAI_TransferRxSetConfigEDMA	24	static
fsl_sai_edma.c:400:10:SAI_TransferSendEDMA	88	static
fsl_sai_edma.c:467:10:SAI_TransferReceiveEDMA	88	static
fsl_sai_edma.c:530:6:SAI_TransferAbortSendEDMA	16	static
fsl_sai_edma.c:570:6:SAI_TransferAbortReceiveEDMA	16	static
fsl_sai_edma.c:610:6:SAI_TransferTerminateSendEDMA	16	static
fsl_sai_edma.c:635:6:SAI_TransferTerminateReceiveEDMA	16	static
fsl_sai_edma.c:660:10:SAI_TransferGetSendCountEDMA	40	static
fsl_sai_edma.c:689:10:SAI_TransferGetReceiveCountEDMA	40	static
