fsl_ftfx_flash.c:140:10:FLASH_Init	88	static
fsl_ftfx_flash.c:301:10:FLASH_Erase	32	static
fsl_ftfx_flash.c:321:10:FLASH_EraseAll	16	static
fsl_ftfx_flash.c:333:10:FLASH_Program	32	static
fsl_ftfx_flash.c:353:10:FLASH_ProgramOnce	24	static
fsl_ftfx_flash.c:359:10:FLASH_ProgramSection	32	static
fsl_ftfx_flash.c:381:10:FLASH_ReadResource	32	static
fsl_ftfx_flash.c:388:10:FLASH_ReadOnce	24	static
fsl_ftfx_flash.c:393:10:FLASH_VerifyErase	32	static
fsl_ftfx_flash.c:413:10:FLASH_VerifyEraseAll	16	static
fsl_ftfx_flash.c:418:10:FLASH_VerifyProgram	48	static
fsl_ftfx_flash.c:445:10:FLASH_GetSecurityState	16	static
fsl_ftfx_flash.c:450:10:FLASH_SecurityBypass	16	static
fsl_ftfx_flash.c:463:10:FLASH_Swap	40	static
fsl_ftfx_flash.c:565:10:FLASH_IsProtected	224	static
fsl_ftfx_flash.c:906:10:FLASH_PflashSetProtection	24	static
fsl_ftfx_flash.c:964:10:FLASH_PflashGetProtection	24	static
fsl_ftfx_flash.c:1008:10:FLASH_GetProperty	32	static
fsl_ftfx_flash.c:1086:17:flash_init_features	24	static
fsl_ftfx_flash.c:1118:17:flash_calculate_mem_size	32	static
fsl_ftfx_flash.c:1141:17:flash_calculate_prot_segment_size	24	static
fsl_ftfx_flash.c:1160:17:flash_check_range_to_get_index	32	static
fsl_ftfx_flash.c:1185:17:flash_convert_start_address	16	static
fsl_ftfx_flash.c:1208:17:flash_validate_swap_indicator_address	48	static
