core_cm4.h:1679:22:__NVIC_EnableIRQ	16	static
fsl_clock.h:668:20:CLOCK_EnableClock	24	static
fsl_clock.h:679:20:CLOCK_DisableClock	24	static
fsl_common.h:460:28:EnableIRQ	16	static
fsl_sai.h:873:20:SAI_TxClearStatusFlags	16	static
fsl_sai.h:898:20:SAI_RxClearStatusFlags	16	static
fsl_sai.h:1076:20:SAI_TxEnableInterrupts	16	static
fsl_sai.h:1093:20:SAI_RxEnableInterrupts	16	static
fsl_sai.h:1110:20:SAI_TxDisableInterrupts	16	static
fsl_sai.h:1127:20:SAI_RxDisableInterrupts	16	static
fsl_sai.c:165:13:SAI_RxGetEnabledInterruptStatus	32	static
fsl_sai.c:172:13:SAI_TxGetEnabledInterruptStatus	32	static
fsl_sai.c:181:13:SAI_SetMasterClockDivider	56	static
fsl_sai.c:259:17:SAI_GetInstance	24	static
fsl_sai.c:277:13:SAI_WriteNonBlocking	48	static
fsl_sai.c:310:13:SAI_ReadNonBlocking	40	static
fsl_sai.c:340:13:SAI_GetCommonConfig	24	static
fsl_sai.c:409:6:SAI_TxInit	24	static
fsl_sai.c:533:6:SAI_RxInit	24	static
fsl_sai.c:648:6:SAI_Init	16	static
fsl_sai.c:676:6:SAI_Deinit	16	static
fsl_sai.c:702:6:SAI_TxGetDefaultConfig	16	static
fsl_sai.c:736:6:SAI_RxGetDefaultConfig	16	static
fsl_sai.c:760:6:SAI_TxReset	16	static
fsl_sai.c:783:6:SAI_RxReset	16	static
fsl_sai.c:805:6:SAI_TxEnable	16	static
fsl_sai.c:835:6:SAI_RxEnable	16	static
fsl_sai.c:870:6:SAI_TxSoftwareReset	16	static
fsl_sai.c:889:6:SAI_RxSoftwareReset	16	static
fsl_sai.c:904:6:SAI_TxSetChannelFIFOMask	16	static
fsl_sai.c:917:6:SAI_RxSetChannelFIFOMask	16	static
fsl_sai.c:929:6:SAI_TxSetDataOrder	24	static
fsl_sai.c:943:6:SAI_RxSetDataOrder	24	static
fsl_sai.c:957:6:SAI_TxSetBitClockPolarity	24	static
fsl_sai.c:971:6:SAI_RxSetBitClockPolarity	24	static
fsl_sai.c:985:6:SAI_TxSetFrameSyncPolarity	24	static
fsl_sai.c:999:6:SAI_RxSetFrameSyncPolarity	24	static
fsl_sai.c:1048:6:SAI_TxSetBitClockRate	40	static
fsl_sai.c:1095:6:SAI_RxSetBitClockRate	40	static
fsl_sai.c:1140:6:SAI_TxSetBitclockConfig	32	static
fsl_sai.c:1167:6:SAI_RxSetBitclockConfig	32	static
fsl_sai.c:1195:6:SAI_SetMasterClockConfig	24	static
fsl_sai.c:1229:6:SAI_TxSetFifoConfig	24	static
fsl_sai.c:1271:6:SAI_RxSetFifoConfig	24	static
fsl_sai.c:1308:6:SAI_TxSetFrameSyncConfig	32	static
fsl_sai.c:1342:6:SAI_RxSetFrameSyncConfig	32	static
fsl_sai.c:1375:6:SAI_TxSetSerialDataConfig	24	static
fsl_sai.c:1409:6:SAI_RxSetSerialDataConfig	24	static
fsl_sai.c:1431:6:SAI_TxSetConfig	24	static
fsl_sai.c:1531:6:SAI_TransferTxSetConfig	24	static
fsl_sai.c:1558:6:SAI_RxSetConfig	24	static
fsl_sai.c:1659:6:SAI_TransferRxSetConfig	24	static
fsl_sai.c:1687:6:SAI_GetClassicI2SConfig	24	static
fsl_sai.c:1703:6:SAI_GetLeftJustifiedConfig	24	static
fsl_sai.c:1725:6:SAI_GetRightJustifiedConfig	24	static
fsl_sai.c:1747:6:SAI_GetDSPConfig	16	static
fsl_sai.c:1780:6:SAI_GetTDMConfig	24	static
fsl_sai.c:1823:6:SAI_TxSetFormat	40	static
fsl_sai.c:1966:6:SAI_RxSetFormat	40	static
fsl_sai.c:2107:6:SAI_WriteBlocking	48	static
fsl_sai.c:2145:6:SAI_WriteMultiChannelBlocking	64	static
fsl_sai.c:2199:6:SAI_ReadMultiChannelBlocking	64	static
fsl_sai.c:2245:6:SAI_ReadBlocking	48	static
fsl_sai.c:2277:6:SAI_TransferTxCreateHandle	24	static
fsl_sai.c:2308:6:SAI_TransferRxCreateHandle	24	static
fsl_sai.c:2344:10:SAI_TransferTxSetFormat	24	static
fsl_sai.c:2394:10:SAI_TransferRxSetFormat	24	static
fsl_sai.c:2443:10:SAI_TransferSendNonBlocking	24	static
fsl_sai.c:2492:10:SAI_TransferReceiveNonBlocking	24	static
fsl_sai.c:2535:10:SAI_TransferGetSendCount	32	static
fsl_sai.c:2563:10:SAI_TransferGetReceiveCount	32	static
fsl_sai.c:2591:6:SAI_TransferAbortSend	16	static
fsl_sai.c:2621:6:SAI_TransferAbortReceive	16	static
fsl_sai.c:2651:6:SAI_TransferTerminateSend	16	static
fsl_sai.c:2675:6:SAI_TransferTerminateReceive	16	static
fsl_sai.c:2696:6:SAI_TransferTxHandleIRQ	56	static
fsl_sai.c:2773:6:SAI_TransferRxHandleIRQ	56	static
fsl_sai.c:2844:6:I2S0_DriverIRQHandler	8	static
fsl_sai.c:2873:6:I2S0_Tx_DriverIRQHandler	8	static
fsl_sai.c:2884:6:I2S0_Rx_DriverIRQHandler	8	static
