core_cm4.h:1679:22:__NVIC_EnableIRQ	16	static
fsl_clock.h:668:20:CLOCK_EnableClock	24	static
fsl_clock.h:679:20:CLOCK_DisableClock	24	static
fsl_common.h:460:28:EnableIRQ	16	static
fsl_enet.h:722:20:ENET_Reset	16	static
fsl_enet.h:765:20:ENET_GetSMI	16	static
fsl_enet.h:981:20:ENET_EnableSleepMode	16	static
fsl_enet.h:1033:20:ENET_EnableInterrupts	16	static
fsl_enet.c:310:10:ENET_GetInstance	24	static
fsl_enet.c:342:6:ENET_GetDefaultConfig	16	static
fsl_enet.c:392:6:ENET_Init	40	static
fsl_enet.c:435:6:ENET_Deinit	16	static
fsl_enet.c:458:6:ENET_SetCallback	24	static
fsl_enet.c:467:13:ENET_SetHandler	40	static
fsl_enet.c:515:13:ENET_SetMacController	56	static
fsl_enet.c:766:13:ENET_SetTxBufferDescriptors	48	static
fsl_enet.c:822:13:ENET_SetRxBufferDescriptors	48	static
fsl_enet.c:904:13:ENET_ActiveSend	16	static
fsl_enet.c:940:6:ENET_SetMII	24	static
fsl_enet.c:993:6:ENET_SetMacAddr	24	static
fsl_enet.c:1013:6:ENET_GetMacAddr	24	static
fsl_enet.c:1041:6:ENET_SetSMI	40	static
fsl_enet.c:1070:6:ENET_StartSMIWrite	32	static
fsl_enet.c:1090:6:ENET_StartSMIRead	32	static
fsl_enet.c:1176:6:ENET_GetRxErrBeforeReadFrame	24	static
fsl_enet.c:1267:10:ENET_GetRxFrameSize	32	static
fsl_enet.c:1376:10:ENET_ReadFrame	56	static
fsl_enet.c:1495:13:ENET_UpdateReadBuffers	24	static
fsl_enet.c:1555:10:ENET_SendFrame	56	static
fsl_enet.c:2220:6:ENET_AddMulticastGroup	40	static
fsl_enet.c:2269:6:ENET_LeaveMulticastGroup	40	static
fsl_enet.c:3132:6:ENET_TransmitIRQHandler	32	static
fsl_enet.c:3198:6:ENET_ReceiveIRQHandler	32	static
fsl_enet.c:3243:6:ENET_ErrorIRQHandler	32	static
fsl_enet.c:3349:6:ENET_CommonFrame0IRQHandler	24	static
fsl_enet.c:3446:6:ENET_Transmit_IRQHandler	8	static
fsl_enet.c:3456:6:ENET_Receive_IRQHandler	8	static
fsl_enet.c:3466:6:ENET_Error_IRQHandler	8	static
fsl_enet.c:3476:6:ENET_1588_Timer_IRQHandler	8	static
fsl_enet.c:3486:6:ENET_DriverIRQHandler	8	static
