fsl_dspi.h:535:24:DSPI_GetStatusFlags	16	static
fsl_dspi.h:554:20:DSPI_ClearStatusFlags	16	static
fsl_dspi.h:619:20:DSPI_EnableDMA	16	static
fsl_dspi.h:635:20:DSPI_DisableDMA	16	static
fsl_dspi.h:648:24:DSPI_MasterGetTxRegisterAddress	16	static
fsl_dspi.h:661:24:DSPI_SlaveGetTxRegisterAddress	16	static
fsl_dspi.h:674:24:DSPI_GetRxRegisterAddress	16	static
fsl_dspi.h:727:20:DSPI_StartTransfer	16	static
fsl_dspi.h:738:20:DSPI_StopTransfer	16	static
fsl_dspi.h:767:20:DSPI_FlushFifo	16	static
fsl_dspi.h:948:24:DSPI_MasterGetFormattedCommand	16	static
fsl_edma.h:462:20:EDMA_EnableAutoStopRequest	24	static
fsl_dspi_edma.c:91:6:DSPI_MasterTransferCreateHandleEDMA	32	static
fsl_dspi_edma.c:133:10:DSPI_MasterTransferEDMA	168	static
fsl_dspi_edma.c:960:10:DSPI_MasterHalfDuplexTransferEDMA	48	static
fsl_dspi_edma.c:1015:13:EDMA_DspiMasterCallback	40	static
fsl_dspi_edma.c:1046:6:DSPI_MasterTransferAbortEDMA	16	static
fsl_dspi_edma.c:1071:10:DSPI_MasterTransferGetCountEDMA	40	static
fsl_dspi_edma.c:1116:6:DSPI_SlaveTransferCreateHandleEDMA	32	static
fsl_dspi_edma.c:1155:10:DSPI_SlaveTransferEDMA	112	static
fsl_dspi_edma.c:1477:13:EDMA_DspiSlaveCallback	40	static
fsl_dspi_edma.c:1508:6:DSPI_SlaveTransferAbortEDMA	16	static
fsl_dspi_edma.c:1532:10:DSPI_SlaveTransferGetCountEDMA	40	static
