core_cm4.h:1679:22:__NVIC_EnableIRQ	16	static
core_cm4.h:1715:22:__NVIC_DisableIRQ	16	static
fsl_clock.h:668:20:CLOCK_EnableClock	24	static
fsl_clock.h:679:20:CLOCK_DisableClock	24	static
fsl_common.h:460:28:EnableIRQ	16	static
fsl_common.h:498:28:DisableIRQ	16	static
fsl_dspi.h:509:20:DSPI_Enable	16	static
fsl_dspi.h:535:24:DSPI_GetStatusFlags	16	static
fsl_dspi.h:554:20:DSPI_ClearStatusFlags	16	static
fsl_dspi.h:594:20:DSPI_DisableInterrupts	16	static
fsl_dspi.h:700:20:DSPI_SetMasterSlaveMode	16	static
fsl_dspi.h:711:20:DSPI_IsMaster	24	static
fsl_dspi.h:727:20:DSPI_StartTransfer	16	static
fsl_dspi.h:738:20:DSPI_StopTransfer	16	static
fsl_dspi.h:767:20:DSPI_FlushFifo	16	static
fsl_dspi.h:948:24:DSPI_MasterGetFormattedCommand	16	static
fsl_dspi.h:1029:24:DSPI_ReadData	16	static
fsl_dspi.c:127:10:DSPI_GetInstance	24	static
fsl_dspi.c:153:9:DSPI_GetDummyDataInstance	24	static
fsl_dspi.c:166:6:DSPI_SetDummyData	24	static
fsl_dspi.c:200:6:DSPI_MasterInit	40	static
fsl_dspi.c:261:6:DSPI_MasterGetDefaultConfig	16	static
fsl_dspi.c:308:6:DSPI_SlaveInit	24	static
fsl_dspi.c:359:6:DSPI_SlaveGetDefaultConfig	16	static
fsl_dspi.c:381:6:DSPI_Deinit	16	static
fsl_dspi.c:392:13:DSPI_SetOnePcsPolarity	24	static
fsl_dspi.c:423:10:DSPI_MasterSetBaudRate	72	static
fsl_dspi.c:518:6:DSPI_MasterSetDelayScaler	24	static
fsl_dspi.c:571:10:DSPI_MasterSetDelayTimes	72	static
fsl_dspi.c:665:6:DSPI_GetDefaultDataCommandConfig	16	static
fsl_dspi.c:706:6:DSPI_MasterWriteDataBlocking	24	static
fsl_dspi.c:770:6:DSPI_MasterWriteCommandDataBlocking	16	static
fsl_dspi.c:799:6:DSPI_SlaveWriteDataBlocking	16	static
fsl_dspi.c:833:6:DSPI_EnableInterrupts	16	static
fsl_dspi.c:859:6:DSPI_MasterTransferCreateHandle	24	static
fsl_dspi.c:885:10:DSPI_MasterTransferBlocking	64	static
fsl_dspi.c:1152:13:DSPI_MasterTransferPrepare	40	static
fsl_dspi.c:1207:10:DSPI_MasterTransferNonBlocking	24	static
fsl_dspi.c:1260:10:DSPI_MasterHalfDuplexTransferBlocking	40	static
fsl_dspi.c:1327:10:DSPI_MasterHalfDuplexTransferNonBlocking	48	static
fsl_dspi.c:1393:10:DSPI_MasterTransferGetCount	24	static
fsl_dspi.c:1413:13:DSPI_MasterTransferComplete	32	static
fsl_dspi.c:1438:13:DSPI_MasterTransferFillUpTxFifo	32	static
fsl_dspi.c:1577:6:DSPI_MasterTransferAbort	16	static
fsl_dspi.c:1598:6:DSPI_MasterTransferHandleIRQ	24	static
fsl_dspi.c:1721:6:DSPI_SlaveTransferCreateHandle	24	static
fsl_dspi.c:1748:10:DSPI_SlaveTransferNonBlocking	32	static
fsl_dspi.c:1827:10:DSPI_SlaveTransferGetCount	24	static
fsl_dspi.c:1847:13:DSPI_SlaveTransferFillUpTxFifo	24	static
fsl_dspi.c:1935:13:DSPI_SlaveTransferComplete	32	static
fsl_dspi.c:1976:6:DSPI_SlaveTransferAbort	16	static
fsl_dspi.c:2000:6:DSPI_SlaveTransferHandleIRQ	32	static
fsl_dspi.c:2179:13:DSPI_CommonIRQHandler	16	static
fsl_dspi.c:2197:6:SPI0_DriverIRQHandler	8	static
fsl_dspi.c:2205:6:SPI1_DriverIRQHandler	8	static
fsl_dspi.c:2213:6:SPI2_DriverIRQHandler	8	static
