core_cm4.h:1679:22:__NVIC_EnableIRQ	16	static
fsl_clock.h:668:20:CLOCK_EnableClock	24	static
fsl_clock.h:679:20:CLOCK_DisableClock	24	static
fsl_common.h:460:28:EnableIRQ	16	static
fsl_flexcan.h:836:24:FLEXCAN_GetStatusFlags	16	static
fsl_flexcan.h:850:20:FLEXCAN_ClearStatusFlags	16	static
fsl_flexcan.h:891:24:FLEXCAN_GetMbStatusFlags	16	static
fsl_flexcan.h:913:20:FLEXCAN_ClearMbStatusFlags	16	static
fsl_flexcan.h:940:20:FLEXCAN_EnableInterrupts	16	static
fsl_flexcan.h:961:20:FLEXCAN_DisableInterrupts	16	static
fsl_flexcan.h:984:20:FLEXCAN_EnableMbInterrupts	16	static
fsl_flexcan.h:1006:20:FLEXCAN_DisableMbInterrupts	16	static
fsl_flexcan.h:1064:20:FLEXCAN_Enable	16	static
fsl_flexcan.c:300:10:FLEXCAN_GetInstance	24	static
fsl_flexcan.c:449:6:FLEXCAN_EnterFreezeMode	16	static
fsl_flexcan.c:460:6:FLEXCAN_ExitFreezeMode	16	static
fsl_flexcan.c:479:13:FLEXCAN_IsMbOccupied	24	static
fsl_flexcan.c:538:13:FLEXCAN_IsMbIntEnabled	24	static
fsl_flexcan.c:560:13:FLEXCAN_Reset	24	static
fsl_flexcan.c:636:13:FLEXCAN_SetBaudRate	32	static
fsl_flexcan.c:735:6:FLEXCAN_Init	48	static
fsl_flexcan.c:934:6:FLEXCAN_Deinit	24	static
fsl_flexcan.c:975:6:FLEXCAN_GetDefaultConfig	16	static
fsl_flexcan.c:1027:6:FLEXCAN_SetTimingConfig	16	static
fsl_flexcan.c:1120:6:FLEXCAN_SetRxMbGlobalMask	16	static
fsl_flexcan.c:1142:6:FLEXCAN_SetRxFifoGlobalMask	16	static
fsl_flexcan.c:1168:6:FLEXCAN_SetRxIndividualMask	24	static
fsl_flexcan.c:1194:6:FLEXCAN_SetTxMbConfig	16	static
fsl_flexcan.c:1226:13:FLEXCAN_GetSegments	32	static
fsl_flexcan.c:1285:6:FLEXCAN_CalculateImprovedTimingValues	40	static
fsl_flexcan.c:1657:6:FLEXCAN_SetRxMbConfig	32	static
fsl_flexcan.c:1777:6:FLEXCAN_SetRxFifoConfig	40	static
fsl_flexcan.c:2006:10:FLEXCAN_WriteTxMb	32	static
fsl_flexcan.c:2179:10:FLEXCAN_ReadRxMb	40	static
fsl_flexcan.c:2354:10:FLEXCAN_ReadRxFifo	24	static
fsl_flexcan.c:2417:10:FLEXCAN_TransferSendBlocking	32	static
fsl_flexcan.c:2466:10:FLEXCAN_TransferReceiveBlocking	32	static
fsl_flexcan.c:2588:10:FLEXCAN_TransferReceiveFifoBlocking	24	static
fsl_flexcan.c:2618:6:FLEXCAN_TransferCreateHandle	32	static
fsl_flexcan.c:2683:10:FLEXCAN_TransferSendNonBlocking	32	static
fsl_flexcan.c:2747:10:FLEXCAN_TransferReceiveNonBlocking	32	static
fsl_flexcan.c:2917:10:FLEXCAN_TransferReceiveFifoNonBlocking	32	static
fsl_flexcan.c:2958:6:FLEXCAN_TransferAbortSend	32	static
fsl_flexcan.c:3074:6:FLEXCAN_TransferAbortReceive	32	static
fsl_flexcan.c:3105:6:FLEXCAN_TransferAbortReceiveFifo	16	static
fsl_flexcan.c:3142:10:FLEXCAN_GetTimeStamp	16	static
fsl_flexcan.c:3150:13:FLEXCAN_CheckUnhandleInterruptEvents	48	static
fsl_flexcan.c:3179:17:FLEXCAN_SubHandlerForDataTransfered	48	static
fsl_flexcan.c:3342:6:FLEXCAN_TransferHandleIRQ	48	static
fsl_flexcan.c:3385:6:CAN0_DriverIRQHandler	8	static
