fsl_gpio.h:175:20:GPIO_PortSet	16	static
fsl_gpio.h:186:20:GPIO_PortClear	16	static
fsl_gpio.h:197:20:GPIO_PortToggle	16	static
RGB_LEDS.c:17:6:RGB_LED_init	16	static
RGB_LEDS.c:40:6:RedLEDon	8	static
RGB_LEDS.c:52:6:RedLEDoff	8	static
RGB_LEDS.c:65:6:GreenLEDon	8	static
RGB_LEDS.c:77:6:GreenLEDoff	8	static
RGB_LEDS.c:90:6:BlueLEDon	8	static
RGB_LEDS.c:103:6:BlueLEDoff	8	static
RGB_LEDS.c:117:6:toggleRedLED	8	static
RGB_LEDS.c:129:6:toggleGreenLED	8	static
RGB_LEDS.c:142:6:toggleBlueLED	8	static
