Archive member included to satisfy reference by file (symbol)

/usr/local/mcuxpressoide-11.1.0_3209/ide/plugins/com.nxp.mcuxpresso.tools.linux_11.1.0.201909161352/tools/bin/../lib/gcc/arm-none-eabi/8.3.1/../../../../arm-none-eabi/lib/thumb/v7e-m+fp/hard/libcr_semihost_nf.a(_cr__main.o)
                              ./startup/startup_mk64f12.o (__main)
/usr/local/mcuxpressoide-11.1.0_3209/ide/plugins/com.nxp.mcuxpresso.tools.linux_11.1.0.201909161352/tools/bin/../lib/gcc/arm-none-eabi/8.3.1/../../../../arm-none-eabi/lib/thumb/v7e-m+fp/hard/libcr_c.a(atanf.o)
                              ./source/MPU6050.o (atanf)
/usr/local/mcuxpressoide-11.1.0_3209/ide/plugins/com.nxp.mcuxpresso.tools.linux_11.1.0.201909161352/tools/bin/../lib/gcc/arm-none-eabi/8.3.1/../../../../arm-none-eabi/lib/thumb/v7e-m+fp/hard/libcr_c.a(fabsf.o)
                              /usr/local/mcuxpressoide-11.1.0_3209/ide/plugins/com.nxp.mcuxpresso.tools.linux_11.1.0.201909161352/tools/bin/../lib/gcc/arm-none-eabi/8.3.1/../../../../arm-none-eabi/lib/thumb/v7e-m+fp/hard/libcr_c.a(atanf.o) (fabsf)
/usr/local/mcuxpressoide-11.1.0_3209/ide/plugins/com.nxp.mcuxpresso.tools.linux_11.1.0.201909161352/tools/bin/../lib/gcc/arm-none-eabi/8.3.1/../../../../arm-none-eabi/lib/thumb/v7e-m+fp/hard/libcr_c.a(powf.o)
                              ./source/MPU6050.o (powf)
/usr/local/mcuxpressoide-11.1.0_3209/ide/plugins/com.nxp.mcuxpresso.tools.linux_11.1.0.201909161352/tools/bin/../lib/gcc/arm-none-eabi/8.3.1/../../../../arm-none-eabi/lib/thumb/v7e-m+fp/hard/libcr_c.a(sqrtf_m4_hardfp.o)
                              ./source/MPU6050.o (sqrtf)
/usr/local/mcuxpressoide-11.1.0_3209/ide/plugins/com.nxp.mcuxpresso.tools.linux_11.1.0.201909161352/tools/bin/../lib/gcc/arm-none-eabi/8.3.1/../../../../arm-none-eabi/lib/thumb/v7e-m+fp/hard/libcr_c.a(memcpy.o)
                              ./drivers/fsl_enet.o (memcpy)
/usr/local/mcuxpressoide-11.1.0_3209/ide/plugins/com.nxp.mcuxpresso.tools.linux_11.1.0.201909161352/tools/bin/../lib/gcc/arm-none-eabi/8.3.1/../../../../arm-none-eabi/lib/thumb/v7e-m+fp/hard/libcr_c.a(memset.o)
                              ./source/FXOS8700CQ.o (memset)
/usr/local/mcuxpressoide-11.1.0_3209/ide/plugins/com.nxp.mcuxpresso.tools.linux_11.1.0.201909161352/tools/bin/../lib/gcc/arm-none-eabi/8.3.1/../../../../arm-none-eabi/lib/thumb/v7e-m+fp/hard/libcr_c.a(alloc.o)
                              ./drivers/fsl_common.o (malloc)
/usr/local/mcuxpressoide-11.1.0_3209/ide/plugins/com.nxp.mcuxpresso.tools.linux_11.1.0.201909161352/tools/bin/../lib/gcc/arm-none-eabi/8.3.1/../../../../arm-none-eabi/lib/thumb/v7e-m+fp/hard/libcr_c.a(errno.o)
                              /usr/local/mcuxpressoide-11.1.0_3209/ide/plugins/com.nxp.mcuxpresso.tools.linux_11.1.0.201909161352/tools/bin/../lib/gcc/arm-none-eabi/8.3.1/../../../../arm-none-eabi/lib/thumb/v7e-m+fp/hard/libcr_c.a(powf.o) (errno)
/usr/local/mcuxpressoide-11.1.0_3209/ide/plugins/com.nxp.mcuxpresso.tools.linux_11.1.0.201909161352/tools/bin/../lib/gcc/arm-none-eabi/8.3.1/../../../../arm-none-eabi/lib/thumb/v7e-m+fp/hard/libcr_c.a(initio.o)
                              /usr/local/mcuxpressoide-11.1.0_3209/ide/plugins/com.nxp.mcuxpresso.tools.linux_11.1.0.201909161352/tools/bin/../lib/gcc/arm-none-eabi/8.3.1/../../../../arm-none-eabi/lib/thumb/v7e-m+fp/hard/libcr_semihost_nf.a(_cr__main.o) (_initio)
/usr/local/mcuxpressoide-11.1.0_3209/ide/plugins/com.nxp.mcuxpresso.tools.linux_11.1.0.201909161352/tools/bin/../lib/gcc/arm-none-eabi/8.3.1/../../../../arm-none-eabi/lib/thumb/v7e-m+fp/hard/libcr_c.a(printf.o)
                              ./source/Quadcopter.o (_printf)
/usr/local/mcuxpressoide-11.1.0_3209/ide/plugins/com.nxp.mcuxpresso.tools.linux_11.1.0.201909161352/tools/bin/../lib/gcc/arm-none-eabi/8.3.1/../../../../arm-none-eabi/lib/thumb/v7e-m+fp/hard/libcr_c.a(setvbuf.o)
                              /usr/local/mcuxpressoide-11.1.0_3209/ide/plugins/com.nxp.mcuxpresso.tools.linux_11.1.0.201909161352/tools/bin/../lib/gcc/arm-none-eabi/8.3.1/../../../../arm-none-eabi/lib/thumb/v7e-m+fp/hard/libcr_c.a(initio.o) (setvbuf)
/usr/local/mcuxpressoide-11.1.0_3209/ide/plugins/com.nxp.mcuxpresso.tools.linux_11.1.0.201909161352/tools/bin/../lib/gcc/arm-none-eabi/8.3.1/../../../../arm-none-eabi/lib/thumb/v7e-m+fp/hard/libcr_c.a(strlen.o)
                              ./utilities/fsl_str.o (strlen)
/usr/local/mcuxpressoide-11.1.0_3209/ide/plugins/com.nxp.mcuxpresso.tools.linux_11.1.0.201909161352/tools/bin/../lib/gcc/arm-none-eabi/8.3.1/../../../../arm-none-eabi/lib/thumb/v7e-m+fp/hard/libcr_c.a(frexpf.o)
                              /usr/local/mcuxpressoide-11.1.0_3209/ide/plugins/com.nxp.mcuxpresso.tools.linux_11.1.0.201909161352/tools/bin/../lib/gcc/arm-none-eabi/8.3.1/../../../../arm-none-eabi/lib/thumb/v7e-m+fp/hard/libcr_c.a(powf.o) (frexpf)
[...]
Memory Configuration

Name             Origin             Length             Attributes
PROGRAM_FLASH    0x0000000000000000 0x0000000000100000 xr
SRAM_UPPER       0x0000000020000000 0x0000000000030000 xrw
SRAM_LOWER       0x000000001fff0000 0x0000000000010000 xrw
FLEX_RAM         0x0000000014000000 0x0000000000001000 xrw
*default*        0x0000000000000000 0xffffffffffffffff

Linker script and memory map

LOAD ./utilities/fsl_debug_console.o
LOAD ./utilities/fsl_str.o
LOAD ./startup/startup_mk64f12.o
LOAD ./source/Delays.o
LOAD ./source/FXOS8700CQ.o
LOAD ./source/MPU6050.o
LOAD ./source/PIDcontroller.o
LOAD ./source/PWM_functions.o
LOAD ./source/Quadcopter.o
LOAD ./source/RGB_LEDS.o
LOAD ./source/semihost_hardfault.o
LOAD ./drivers/fsl_adc16.o
LOAD ./drivers/fsl_clock.o
LOAD ./drivers/fsl_cmp.o
LOAD ./drivers/fsl_cmt.o
LOAD ./drivers/fsl_common.o
LOAD ./drivers/fsl_crc.o
LOAD ./drivers/fsl_dac.o
LOAD ./drivers/fsl_dmamux.o
LOAD ./drivers/fsl_dspi.o
LOAD ./drivers/fsl_dspi_edma.o
LOAD ./drivers/fsl_edma.o
LOAD ./drivers/fsl_enet.o
LOAD ./drivers/fsl_ewm.o
LOAD ./drivers/fsl_flexbus.o
LOAD ./drivers/fsl_flexcan.o
LOAD ./drivers/fsl_ftfx_cache.o
LOAD ./drivers/fsl_ftfx_controller.o
LOAD ./drivers/fsl_ftfx_flash.o
LOAD ./drivers/fsl_ftfx_flexnvm.o
LOAD ./drivers/fsl_ftm.o
LOAD ./drivers/fsl_gpio.o
LOAD ./drivers/fsl_i2c.o
LOAD ./drivers/fsl_i2c_edma.o
LOAD ./drivers/fsl_llwu.o
LOAD ./drivers/fsl_lptmr.o
LOAD ./drivers/fsl_pdb.o
LOAD ./drivers/fsl_pit.o
LOAD ./drivers/fsl_pmc.o
LOAD ./drivers/fsl_rcm.o
LOAD ./drivers/fsl_rnga.o
LOAD ./drivers/fsl_rtc.o
LOAD ./drivers/fsl_sai.o
LOAD ./drivers/fsl_sai_edma.o
LOAD ./drivers/fsl_sdhc.o
LOAD ./drivers/fsl_sim.o
LOAD ./drivers/fsl_smc.o
LOAD ./drivers/fsl_sysmpu.o
LOAD ./drivers/fsl_uart.o
LOAD ./drivers/fsl_uart_edma.o
LOAD ./drivers/fsl_vref.o
LOAD ./drivers/fsl_wdog.o
LOAD ./device/system_MK64F12.o
LOAD ./component/uart/uart_adapter.o
LOAD ./component/serial_manager/serial_manager.o
LOAD ./component/serial_manager/serial_port_uart.o
LOAD ./component/lists/generic_list.o
LOAD ./board/board.o
LOAD ./board/clock_config.o
LOAD ./board/peripherals.o
LOAD ./board/pin_mux.o
START GROUP
LOAD /usr/local/mcuxpressoide-11.1.0_3209/ide/plugins/com.nxp.mcuxpresso.tools.linux_11.1.0.201909161352/tools/bin/../lib/gcc/arm-none-eabi/8.3.1/../../../../arm-none-eabi/lib/thumb/v7e-m+fp/hard/libcr_semihost_nf.a
LOAD /usr/local/mcuxpressoide-11.1.0_3209/ide/plugins/com.nxp.mcuxpresso.tools.linux_11.1.0.201909161352/tools/bin/../lib/gcc/arm-none-eabi/8.3.1/../../../../arm-none-eabi/lib/thumb/v7e-m+fp/hard/libcr_c.a
LOAD /usr/local/mcuxpressoide-11.1.0_3209/ide/plugins/com.nxp.mcuxpresso.tools.linux_11.1.0.201909161352/tools/bin/../lib/gcc/arm-none-eabi/8.3.1/thumb/v7e-m+fp/hard/libcr_eabihelpers.a
LOAD /usr/local/mcuxpressoide-11.1.0_3209/ide/plugins/com.nxp.mcuxpresso.tools.linux_11.1.0.201909161352/tools/bin/../lib/gcc/arm-none-eabi/8.3.1/thumb/v7e-m+fp/hard/libgcc.a
END GROUP
                0x0000000000000000                __base_PROGRAM_FLASH = 0x0
                0x0000000000000000                __base_Flash = 0x0
                0x0000000000100000                __top_PROGRAM_FLASH = 0x100000
                0x0000000000100000                __top_Flash = 0x100000
                0x0000000020000000                __base_SRAM_UPPER = 0x20000000
                0x0000000020000000                __base_RAM = 0x20000000
                0x0000000020030000                __top_SRAM_UPPER = 0x20030000
                0x0000000020030000                __top_RAM = 0x20030000
                0x000000001fff0000                __base_SRAM_LOWER = 0x1fff0000
                0x000000001fff0000                __base_RAM2 = 0x1fff0000
                0x0000000020000000                __top_SRAM_LOWER = 0x20000000
                0x0000000020000000                __top_RAM2 = 0x20000000
                0x0000000014000000                __base_FLEX_RAM = 0x14000000
                0x0000000014000000                __base_RAM3 = 0x14000000
                0x0000000014001000                __top_FLEX_RAM = 0x14001000
                0x0000000014001000                __top_RAM3 = 0x14001000

.text           0x0000000000000000     0x4a18
 FILL mask 0xff
                0x0000000000000000                __vectors_start__ = ABSOLUTE (.)
 *(SORT_BY_ALIGNMENT(.isr_vector))
 .isr_vector    0x0000000000000000      0x198 ./startup/startup_mk64f12.o
                0x0000000000000000                __Vectors
                0x0000000000000000                g_pfnVectors
                0x0000000000000198                . = ALIGN (0x4)
                0x0000000000000198                __section_table_start = .
                0x0000000000000198                __data_section_table = .
                0x0000000000000198        0x4 LONG 0x4a18 LOADADDR (.data)
                0x000000000000019c        0x4 LONG 0x20000000 ADDR (.data)
                0x00000000000001a0        0x4 LONG 0x10 SIZEOF (.data)
                0x00000000000001a4        0x4 LONG 0x4a18 LOADADDR (.data_RAM2)
                0x00000000000001a8        0x4 LONG 0x1fff0000 ADDR (.data_RAM2)
                0x00000000000001ac        0x4 LONG 0x0 SIZEOF (.data_RAM2)
                0x00000000000001b0        0x4 LONG 0x4a18 LOADADDR (.data_RAM3)
                0x00000000000001b4        0x4 LONG 0x14000000 ADDR (.data_RAM3)
                0x00000000000001b8        0x4 LONG 0x0 SIZEOF (.data_RAM3)
                0x00000000000001bc                __data_section_table_end = .
                0x00000000000001bc                __bss_section_table = .
                0x00000000000001bc        0x4 LONG 0x20000010 ADDR (.bss)
                0x00000000000001c0        0x4 LONG 0x208 SIZEOF (.bss)
                0x00000000000001c4        0x4 LONG 0x1fff0000 ADDR (.bss_RAM2)
                0x00000000000001c8        0x4 LONG 0x0 SIZEOF (.bss_RAM2)
                0x00000000000001cc        0x4 LONG 0x14000000 ADDR (.bss_RAM3)
                0x00000000000001d0        0x4 LONG 0x0 SIZEOF (.bss_RAM3)
                0x00000000000001d4                __bss_section_table_end = .
                0x00000000000001d4                __section_table_end = .
 *(SORT_BY_ALIGNMENT(.after_vectors*))
 .after_vectors.reset
                0x00000000000001d4       0x48 ./startup/startup_mk64f12.o
                0x00000000000001d4                ResetISR
 .after_vectors
                0x000000000000021c       0x14 ./startup/startup_mk64f12.o
                0x000000000000021c                NMI_Handler
                0x0000000000000220                MemManage_Handler
                0x0000000000000222                BusFault_Handler
                0x0000000000000224                UsageFault_Handler
                0x0000000000000226                SVC_Handler
                0x0000000000000228                DebugMon_Handler
                0x000000000000022a                PendSV_Handler
                0x000000000000022e                PORTB_DriverIRQHandler
                0x000000000000022e                LPTMR0_DriverIRQHandler
                0x000000000000022e                DMA_Error_DriverIRQHandler
                0x000000000000022e                FTM1_DriverIRQHandler
                0x000000000000022e                FTM2_DriverIRQHandler
                0x000000000000022e                PIT2_DriverIRQHandler
                0x000000000000022e                RTC_Seconds_DriverIRQHandler
                0x000000000000022e                LLWU_DriverIRQHandler
                0x000000000000022e                MCM_DriverIRQHandler
                0x000000000000022e                MCG_DriverIRQHandler
                0x000000000000022e                ENET_1588_Timer_DriverIRQHandler
                0x000000000000022e                DAC1_DriverIRQHandler
                0x000000000000022e                CMP1_DriverIRQHandler
                0x000000000000022e                FTM0_DriverIRQHandler
                0x000000000000022e                IntDefaultHandler
                0x000000000000022e                USB0_DriverIRQHandler
                0x000000000000022e                UART5_ERR_DriverIRQHandler
                0x000000000000022e                PORTC_DriverIRQHandler
                0x000000000000022e                DAC0_DriverIRQHandler
                0x000000000000022e                CMP2_DriverIRQHandler
                0x000000000000022e                UART2_ERR_DriverIRQHandler
                0x000000000000022e                LVD_LVW_DriverIRQHandler
                0x000000000000022e                PIT0_DriverIRQHandler
                0x000000000000022e                RNG_DriverIRQHandler
                0x000000000000022e                USBDCD_DriverIRQHandler
                0x000000000000022e                UART3_ERR_DriverIRQHandler
                0x000000000000022e                UART0_ERR_DriverIRQHandler
                0x000000000000022e                CMT_DriverIRQHandler
                0x000000000000022e                Reserved71_DriverIRQHandler
                0x000000000000022e                ADC1_DriverIRQHandler
                0x000000000000022e                PORTA_DriverIRQHandler
                0x000000000000022e                PIT3_DriverIRQHandler
                0x000000000000022e                PIT1_DriverIRQHandler
                0x000000000000022e                WDOG_EWM_DriverIRQHandler
                0x000000000000022e                PDB0_DriverIRQHandler
                0x000000000000022e                RTC_DriverIRQHandler
                0x000000000000022e                Read_Collision_DriverIRQHandler
                0x000000000000022e                SWI_DriverIRQHandler
                0x000000000000022e                UART4_ERR_DriverIRQHandler
                0x000000000000022e                UART0_LON_DriverIRQHandler
                0x000000000000022e                ENET_Receive_DriverIRQHandler
                0x000000000000022e                ENET_Error_DriverIRQHandler
                0x000000000000022e                ADC0_DriverIRQHandler
                0x000000000000022e                CMP0_DriverIRQHandler
                0x000000000000022e                FTM3_DriverIRQHandler
                0x000000000000022e                UART1_ERR_DriverIRQHandler
                0x000000000000022e                ENET_Transmit_DriverIRQHandler
                0x000000000000022e                PORTD_DriverIRQHandler
                0x000000000000022e                PORTE_DriverIRQHandler
                0x000000000000022e                FTFE_DriverIRQHandler
 .after_vectors.init_data
                0x0000000000000230       0x12 ./startup/startup_mk64f12.o
                0x0000000000000230                data_init
 .after_vectors.init_bss
                0x0000000000000242       0x10 ./startup/startup_mk64f12.o
                0x0000000000000242                bss_init
                0x0000000000000400                . = 0x400
 *fill*         0x0000000000000252      0x1ae ff
                0x0000000000000400                PROVIDE (__FLASH_CONFIG_START__ = .)
 *(SORT_BY_ALIGNMENT(.FlashConfig))
 .FlashConfig   0x0000000000000400       0x10 ./startup/startup_mk64f12.o
                0x0000000000000400                Flash_Config
                0x0000000000000410                PROVIDE (__FLASH_CONFIG_END__ = .)
                0x0000000000000001                ASSERT (! ((__FLASH_CONFIG_START__ == __FLASH_CONFIG_END__)), Linker Flash Config Support Enabled, but no .FlashConfig section provided within application)
 *(SORT_BY_ALIGNMENT(.text*))
 .text.MPU6050_GetXAngle
                0x0000000000000410       0x8c ./source/MPU6050.o
                0x0000000000000410                MPU6050_GetXAngle
 *fill*         0x000000000000049c        0x4 ff
 .text.MPU6050_GetYAngle
                0x00000000000004a0       0x8c ./source/MPU6050.o
                0x00000000000004a0                MPU6050_GetYAngle
 *fill*         0x000000000000052c        0x4 ff
 .text.powf     0x0000000000000530      0x2d4 /usr/local/mcuxpressoide-11.1.0_3209/ide/plugins/com.nxp.mcuxpresso.tools.linux_11.1.0.201909161352/tools/bin/../lib/gcc/arm-none-eabi/8.3.1/../../../../arm-none-eabi/lib/thumb/v7e-m+fp/hard/libcr_c.a(powf.o)
                0x0000000000000530                powf
 .text.SysTick_Handler
                0x0000000000000804       0x14 ./source/Delays.o
                0x0000000000000804                SysTick_Handler
 .text.SysTick_init
                0x0000000000000818       0x38 ./source/Delays.o
                0x0000000000000818                SysTick_init
 .text.MPU6050_i2c_master_callback
                0x0000000000000850       0x28 ./source/MPU6050.o
                0x0000000000000850                MPU6050_i2c_master_callback
 .text.MPU6050_Init
                0x0000000000000878       0x18 ./source/MPU6050.o
                0x0000000000000878                MPU6050_Init
 .text.MPU6050_ReadSensorWhoAmI
                0x0000000000000890       0xb0 ./source/MPU6050.o
                0x0000000000000890                MPU6050_ReadSensorWhoAmI
 .text.MPU6050_WriteAccelReg
                0x0000000000000940       0x70 ./source/MPU6050.o
                0x0000000000000940                MPU6050_WriteAccelReg
 .text.MPU6050_Configure_Device
                0x00000000000009b0       0x3c ./source/MPU6050.o
                0x00000000000009b0                MPU6050_Configure_Device
 .text.MPU6050_ReadAccelRegs
                0x00000000000009ec       0x6c ./source/MPU6050.o
                0x00000000000009ec                MPU6050_ReadAccelRegs
 .text.MPU6050_Read_Accel_Data
                0x0000000000000a58       0x48 ./source/MPU6050.o
                0x0000000000000a58                MPU6050_Read_Accel_Data
 .text.FTM0_init
                0x0000000000000aa0       0x68 ./source/PWM_functions.o
                0x0000000000000aa0                FTM0_init
 .text.UART_UserCallback
                0x0000000000000b08       0x14 ./source/Quadcopter.o
                0x0000000000000b08                UART_UserCallback
 .text.MotorUpdate
                0x0000000000000b1c       0xc0 ./source/Quadcopter.o
                0x0000000000000b1c                MotorUpdate
 .text.startup.main
                0x0000000000000bdc      0x178 ./source/Quadcopter.o
                0x0000000000000bdc                main
 .text.RGB_LED_init
                0x0000000000000d54       0x50 ./source/RGB_LEDS.o
                0x0000000000000d54                RGB_LED_init
 .text.CLOCK_GetMcgExtClkFreq
                0x0000000000000da4       0x34 ./drivers/fsl_clock.o
 .text.CLOCK_GetFllExtRefClkFreq
                0x0000000000000dd8       0x44 ./drivers/fsl_clock.o
 .text.CLOCK_GetInternalRefClkSelectFreq
                0x0000000000000e1c       0x28 ./drivers/fsl_clock.o
 .text.CLOCK_GetOsc0ErClkFreq
                0x0000000000000e44       0x18 ./drivers/fsl_clock.o
                0x0000000000000e44                CLOCK_GetOsc0ErClkFreq
 .text.CLOCK_GetEr32kClkFreq
                0x0000000000000e5c       0x3c ./drivers/fsl_clock.o
                0x0000000000000e5c                CLOCK_GetEr32kClkFreq
 .text.CLOCK_SetSimConfig
                0x0000000000000e98       0x3c ./drivers/fsl_clock.o
                0x0000000000000e98                CLOCK_SetSimConfig
 .text.CLOCK_EnableUsbfs0Clock
                0x0000000000000ed4       0xbc ./drivers/fsl_clock.o
                0x0000000000000ed4                CLOCK_EnableUsbfs0Clock
 .text.CLOCK_GetFllFreq
                0x0000000000000f90       0x50 ./drivers/fsl_clock.o
                0x0000000000000f90                CLOCK_GetFllFreq
 .text.CLOCK_GetInternalRefClkFreq
                0x0000000000000fe0       0x14 ./drivers/fsl_clock.o
                0x0000000000000fe0                CLOCK_GetInternalRefClkFreq
 .text.CLOCK_GetPll0Freq
                0x0000000000000ff4       0x2c ./drivers/fsl_clock.o
                0x0000000000000ff4                CLOCK_GetPll0Freq
 .text.CLOCK_GetPllFllSelClkFreq
                0x0000000000001020       0x2c ./drivers/fsl_clock.o
                0x0000000000001020                CLOCK_GetPllFllSelClkFreq
 .text.CLOCK_GetOutClkFreq
                0x000000000000104c       0x28 ./drivers/fsl_clock.o
                0x000000000000104c                CLOCK_GetOutClkFreq
 .text.CLOCK_GetFixedFreqClkFreq
                0x0000000000001074       0x30 ./drivers/fsl_clock.o
                0x0000000000001074                CLOCK_GetFixedFreqClkFreq
 .text.CLOCK_GetFreq
                0x00000000000010a4       0xb8 ./drivers/fsl_clock.o
                0x00000000000010a4                CLOCK_GetFreq
 .text.CLOCK_SetExternalRefClkConfig
                0x000000000000115c       0x34 ./drivers/fsl_clock.o
                0x000000000000115c                CLOCK_SetExternalRefClkConfig
 .text.CLOCK_SetInternalRefClkConfig
                0x0000000000001190       0x80 ./drivers/fsl_clock.o
                0x0000000000001190                CLOCK_SetInternalRefClkConfig
 .text.CLOCK_EnablePll0
                0x0000000000001210       0x34 ./drivers/fsl_clock.o
                0x0000000000001210                CLOCK_EnablePll0
 .text.CLOCK_InitOsc0
                0x0000000000001244       0x64 ./drivers/fsl_clock.o
                0x0000000000001244                CLOCK_InitOsc0
 .text.CLOCK_SetPbeMode
                0x00000000000012a8       0x50 ./drivers/fsl_clock.o
                0x00000000000012a8                CLOCK_SetPbeMode
 .text.CLOCK_BootToPeeMode
                0x00000000000012f8       0x30 ./drivers/fsl_clock.o
                0x00000000000012f8                CLOCK_BootToPeeMode
 .text.DSPI_CommonIRQHandler
                0x0000000000001328       0x20 ./drivers/fsl_dspi.o
 .text.SPI0_DriverIRQHandler
                0x0000000000001348       0x14 ./drivers/fsl_dspi.o
                0x0000000000001348                SPI0_DriverIRQHandler
 .text.SPI1_DriverIRQHandler
                0x000000000000135c       0x14 ./drivers/fsl_dspi.o
                0x000000000000135c                SPI1_DriverIRQHandler
 .text.SPI2_DriverIRQHandler
                0x0000000000001370       0x14 ./drivers/fsl_dspi.o
                0x0000000000001370                SPI2_DriverIRQHandler
 .text.DMA0_DriverIRQHandler
                0x0000000000001384       0x14 ./drivers/fsl_edma.o
                0x0000000000001384                DMA0_DriverIRQHandler
 .text.DMA1_DriverIRQHandler
                0x0000000000001398       0x14 ./drivers/fsl_edma.o
                0x0000000000001398                DMA1_DriverIRQHandler
 .text.DMA2_DriverIRQHandler
                0x00000000000013ac       0x14 ./drivers/fsl_edma.o
                0x00000000000013ac                DMA2_DriverIRQHandler
 .text.DMA3_DriverIRQHandler
                0x00000000000013c0       0x14 ./drivers/fsl_edma.o
                0x00000000000013c0                DMA3_DriverIRQHandler
 .text.DMA4_DriverIRQHandler
                0x00000000000013d4       0x14 ./drivers/fsl_edma.o
                0x00000000000013d4                DMA4_DriverIRQHandler
 .text.DMA5_DriverIRQHandler
                0x00000000000013e8       0x14 ./drivers/fsl_edma.o
                0x00000000000013e8                DMA5_DriverIRQHandler
 .text.DMA6_DriverIRQHandler
                0x00000000000013fc       0x14 ./drivers/fsl_edma.o
                0x00000000000013fc                DMA6_DriverIRQHandler
 .text.DMA7_DriverIRQHandler
                0x0000000000001410       0x14 ./drivers/fsl_edma.o
                0x0000000000001410                DMA7_DriverIRQHandler
 .text.DMA8_DriverIRQHandler
                0x0000000000001424       0x14 ./drivers/fsl_edma.o
                0x0000000000001424                DMA8_DriverIRQHandler
 .text.DMA9_DriverIRQHandler
                0x0000000000001438       0x14 ./drivers/fsl_edma.o
                0x0000000000001438                DMA9_DriverIRQHandler
 .text.DMA10_DriverIRQHandler
                0x000000000000144c       0x14 ./drivers/fsl_edma.o
                0x000000000000144c                DMA10_DriverIRQHandler
 .text.DMA11_DriverIRQHandler
                0x0000000000001460       0x14 ./drivers/fsl_edma.o
                0x0000000000001460                DMA11_DriverIRQHandler
 .text.DMA12_DriverIRQHandler
                0x0000000000001474       0x14 ./drivers/fsl_edma.o
                0x0000000000001474                DMA12_DriverIRQHandler
 .text.DMA13_DriverIRQHandler
                0x0000000000001488       0x14 ./drivers/fsl_edma.o
                0x0000000000001488                DMA13_DriverIRQHandler
 .text.DMA14_DriverIRQHandler
                0x000000000000149c       0x14 ./drivers/fsl_edma.o
                0x000000000000149c                DMA14_DriverIRQHandler
 .text.DMA15_DriverIRQHandler
                0x00000000000014b0       0x14 ./drivers/fsl_edma.o
                0x00000000000014b0                DMA15_DriverIRQHandler
 .text.ENET_Transmit_IRQHandler
                0x00000000000014c4       0x20 ./drivers/fsl_enet.o
                0x00000000000014c4                ENET_Transmit_IRQHandler
 .text.ENET_Receive_IRQHandler
                0x00000000000014e4       0x20 ./drivers/fsl_enet.o
                0x00000000000014e4                ENET_Receive_IRQHandler
 .text.ENET_Error_IRQHandler
                0x0000000000001504       0x20 ./drivers/fsl_enet.o
                0x0000000000001504                ENET_Error_IRQHandler
 .text.ENET_1588_Timer_IRQHandler
                0x0000000000001524       0x1c ./drivers/fsl_enet.o
                0x0000000000001524                ENET_1588_Timer_IRQHandler
 .text.CAN0_DriverIRQHandler
                0x0000000000001540       0x20 ./drivers/fsl_flexcan.o
                0x0000000000001540                CAN0_DriverIRQHandler
 .text.FTM_Init
                0x0000000000001560      0x200 ./drivers/fsl_ftm.o
                0x0000000000001560                FTM_Init
 .text.FTM_SetupPwm
                0x0000000000001760      0x168 ./drivers/fsl_ftm.o
                0x0000000000001760                FTM_SetupPwm
 .text.I2C_TransferCommonIRQHandler
                0x00000000000018c8       0x28 ./drivers/fsl_i2c.o
 .text.I2C_GetInstance
                0x00000000000018f0       0x28 ./drivers/fsl_i2c.o
                0x00000000000018f0                I2C_GetInstance
 .text.I2C_MasterSetBaudRate
                0x0000000000001918       0x58 ./drivers/fsl_i2c.o
                0x0000000000001918                I2C_MasterSetBaudRate
 .text.I2C_MasterInit
                0x0000000000001970       0x84 ./drivers/fsl_i2c.o
                0x0000000000001970                I2C_MasterInit
 .text.I2C_MasterTransferHandleIRQ
                0x00000000000019f4      0x1c4 ./drivers/fsl_i2c.o
                0x00000000000019f4                I2C_MasterTransferHandleIRQ
 .text.I2C_MasterTransferCreateHandle
                0x0000000000001bb8       0x58 ./drivers/fsl_i2c.o
                0x0000000000001bb8                I2C_MasterTransferCreateHandle
 .text.I2C0_DriverIRQHandler
                0x0000000000001c10       0x14 ./drivers/fsl_i2c.o
                0x0000000000001c10                I2C0_DriverIRQHandler
 .text.I2C1_DriverIRQHandler
                0x0000000000001c24       0x14 ./drivers/fsl_i2c.o
                0x0000000000001c24                I2C1_DriverIRQHandler
 .text.I2C2_DriverIRQHandler
                0x0000000000001c38       0x14 ./drivers/fsl_i2c.o
                0x0000000000001c38                I2C2_DriverIRQHandler
 .text.I2S0_Tx_DriverIRQHandler
                0x0000000000001c4c       0x20 ./drivers/fsl_sai.o
                0x0000000000001c4c                I2S0_Tx_DriverIRQHandler
 .text.I2S0_Rx_DriverIRQHandler
                0x0000000000001c6c       0x20 ./drivers/fsl_sai.o
                0x0000000000001c6c                I2S0_Rx_DriverIRQHandler
 .text.SDHC_DriverIRQHandler
                0x0000000000001c8c       0x20 ./drivers/fsl_sdhc.o
                0x0000000000001c8c                SDHC_DriverIRQHandler
 .text.UART_GetInstance
                0x0000000000001cac       0x4c ./drivers/fsl_uart.o
                0x0000000000001cac                UART_GetInstance
 .text.UART_Init
                0x0000000000001cf8      0x100 ./drivers/fsl_uart.o
                0x0000000000001cf8                UART_Init
 .text.UART_TransferHandleIRQ
                0x0000000000001df8      0x380 ./drivers/fsl_uart.o
                0x0000000000001df8                UART_TransferHandleIRQ
 .text.UART_TransferCreateHandle
                0x0000000000002178       0x68 ./drivers/fsl_uart.o
                0x0000000000002178                UART_TransferCreateHandle
 .text.UART0_DriverIRQHandler
                0x00000000000021e0       0x20 ./drivers/fsl_uart.o
                0x00000000000021e0                UART0_DriverIRQHandler
 .text.UART1_DriverIRQHandler
                0x0000000000002200       0x20 ./drivers/fsl_uart.o
                0x0000000000002200                UART1_DriverIRQHandler
 .text.UART2_DriverIRQHandler
                0x0000000000002220       0x20 ./drivers/fsl_uart.o
                0x0000000000002220                UART2_DriverIRQHandler
 .text.UART3_DriverIRQHandler
                0x0000000000002240       0x20 ./drivers/fsl_uart.o
                0x0000000000002240                UART3_DriverIRQHandler
 .text.UART4_DriverIRQHandler
                0x0000000000002260       0x20 ./drivers/fsl_uart.o
                0x0000000000002260                UART4_DriverIRQHandler
 .text.UART5_DriverIRQHandler
                0x0000000000002280       0x20 ./drivers/fsl_uart.o
                0x0000000000002280                UART5_DriverIRQHandler
 .text.SystemInit
                0x00000000000022a0       0x34 ./device/system_MK64F12.o
                0x00000000000022a0                SystemInit
 .text.BOARD_BootClockRUN
                0x00000000000022d4       0xac ./board/clock_config.o
                0x00000000000022d4                BOARD_BootClockRUN
 .text.I2C0_init
                0x0000000000002380       0x20 ./board/peripherals.o
                0x0000000000002380                I2C0_init
 .text.I2C1_init
                0x00000000000023a0       0x20 ./board/peripherals.o
                0x00000000000023a0                I2C1_init
 .text.CLOCK_EnableClock
                0x00000000000023c0       0x14 ./board/pin_mux.o
 .text.BOARD_InitPins
                0x00000000000023d4      0x138 ./board/pin_mux.o
                0x00000000000023d4                BOARD_InitPins
 .text.atanf    0x000000000000250c       0xf0 /usr/local/mcuxpressoide-11.1.0_3209/ide/plugins/com.nxp.mcuxpresso.tools.linux_11.1.0.201909161352/tools/bin/../lib/gcc/arm-none-eabi/8.3.1/../../../../arm-none-eabi/lib/thumb/v7e-m+fp/hard/libcr_c.a(atanf.o)
                0x000000000000250c                atanf
 .text.malloc   0x00000000000025fc       0xc8 /usr/local/mcuxpressoide-11.1.0_3209/ide/plugins/com.nxp.mcuxpresso.tools.linux_11.1.0.201909161352/tools/bin/../lib/gcc/arm-none-eabi/8.3.1/../../../../arm-none-eabi/lib/thumb/v7e-m+fp/hard/libcr_c.a(alloc.o)
                0x00000000000025fc                malloc
 .text._Csys_alloc
                0x00000000000026c4       0x20 /usr/local/mcuxpressoide-11.1.0_3209/ide/plugins/com.nxp.mcuxpresso.tools.linux_11.1.0.201909161352/tools/bin/../lib/gcc/arm-none-eabi/8.3.1/../../../../arm-none-eabi/lib/thumb/v7e-m+fp/hard/libcr_c.a(alloc.o)
                0x00000000000026c4                _Csys_alloc
 .text._initio  0x00000000000026e4       0x78 /usr/local/mcuxpressoide-11.1.0_3209/ide/plugins/com.nxp.mcuxpresso.tools.linux_11.1.0.201909161352/tools/bin/../lib/gcc/arm-none-eabi/8.3.1/../../../../arm-none-eabi/lib/thumb/v7e-m+fp/hard/libcr_c.a(initio.o)
                0x00000000000026e4                _initio
 .text.__vfprintf
                0x000000000000275c      0xbe0 /usr/local/mcuxpressoide-11.1.0_3209/ide/plugins/com.nxp.mcuxpresso.tools.linux_11.1.0.201909161352/tools/bin/../lib/gcc/arm-none-eabi/8.3.1/../../../../arm-none-eabi/lib/thumb/v7e-m+fp/hard/libcr_c.a(printf.o)
                0x000000000000275c                __vfprintf
 .text._vsnprintf
                0x000000000000333c       0x68 /usr/local/mcuxpressoide-11.1.0_3209/ide/plugins/com.nxp.mcuxpresso.tools.linux_11.1.0.201909161352/tools/bin/../lib/gcc/arm-none-eabi/8.3.1/../../../../arm-none-eabi/lib/thumb/v7e-m+fp/hard/libcr_c.a(printf.o)
                0x000000000000333c                _vsnprintf
 .text._printf  0x00000000000033a4       0x54 /usr/local/mcuxpressoide-11.1.0_3209/ide/plugins/com.nxp.mcuxpresso.tools.linux_11.1.0.201909161352/tools/bin/../lib/gcc/arm-none-eabi/8.3.1/../../../../arm-none-eabi/lib/thumb/v7e-m+fp/hard/libcr_c.a(printf.o)
                0x00000000000033a4                _printf
 .text.setvbuf  0x00000000000033f8       0x40 /usr/local/mcuxpressoide-11.1.0_3209/ide/plugins/com.nxp.mcuxpresso.tools.linux_11.1.0.201909161352/tools/bin/../lib/gcc/arm-none-eabi/8.3.1/../../../../arm-none-eabi/lib/thumb/v7e-m+fp/hard/libcr_c.a(setvbuf.o)
                0x00000000000033f8                setvbuf
 .text.frexpf   0x0000000000003438       0x54 /usr/local/mcuxpressoide-11.1.0_3209/ide/plugins/com.nxp.mcuxpresso.tools.linux_11.1.0.201909161352/tools/bin/../lib/gcc/arm-none-eabi/8.3.1/../../../../arm-none-eabi/lib/thumb/v7e-m+fp/hard/libcr_c.a(frexpf.o)
                0x0000000000003438                frexpf
 .text.ldexpf   0x000000000000348c       0x40 /usr/local/mcuxpressoide-11.1.0_3209/ide/plugins/com.nxp.mcuxpresso.tools.linux_11.1.0.201909161352/tools/bin/../lib/gcc/arm-none-eabi/8.3.1/../../../../arm-none-eabi/lib/thumb/v7e-m+fp/hard/libcr_c.a(ldexpf.o)
                0x000000000000348c                ldexpf
 .text._sbrk    0x00000000000034cc       0x3c /usr/local/mcuxpressoide-11.1.0_3209/ide/plugins/com.nxp.mcuxpresso.tools.linux_11.1.0.201909161352/tools/bin/../lib/gcc/arm-none-eabi/8.3.1/../../../../arm-none-eabi/lib/thumb/v7e-m+fp/hard/libcr_c.a(_cr_sbrk.o)
                0x00000000000034cc                _sbrk
 .text._Cwritebuf
                0x0000000000003508       0x6c /usr/local/mcuxpressoide-11.1.0_3209/ide/plugins/com.nxp.mcuxpresso.tools.linux_11.1.0.201909161352/tools/bin/../lib/gcc/arm-none-eabi/8.3.1/../../../../arm-none-eabi/lib/thumb/v7e-m+fp/hard/libcr_c.a(_writebuf.o)
                0x0000000000003508                _Cwritebuf
 .text.fflush   0x0000000000003574       0x44 /usr/local/mcuxpressoide-11.1.0_3209/ide/plugins/com.nxp.mcuxpresso.tools.linux_11.1.0.201909161352/tools/bin/../lib/gcc/arm-none-eabi/8.3.1/../../../../arm-none-eabi/lib/thumb/v7e-m+fp/hard/libcr_c.a(fflush.o)
                0x0000000000003574                fflush
 .text.fseek    0x00000000000035b8      0x100 /usr/local/mcuxpressoide-11.1.0_3209/ide/plugins/com.nxp.mcuxpresso.tools.linux_11.1.0.201909161352/tools/bin/../lib/gcc/arm-none-eabi/8.3.1/../../../../arm-none-eabi/lib/thumb/v7e-m+fp/hard/libcr_c.a(fseek.o)
                0x00000000000035b8                fseek
 .text.ftell    0x00000000000036b8       0x48 /usr/local/mcuxpressoide-11.1.0_3209/ide/plugins/com.nxp.mcuxpresso.tools.linux_11.1.0.201909161352/tools/bin/../lib/gcc/arm-none-eabi/8.3.1/../../../../arm-none-eabi/lib/thumb/v7e-m+fp/hard/libcr_c.a(ftell.o)
                0x00000000000036b8                ftell
 .text.__check_heap_overflow
                0x0000000000003700       0x18 /usr/local/mcuxpressoide-11.1.0_3209/ide/plugins/com.nxp.mcuxpresso.tools.linux_11.1.0.201909161352/tools/bin/../lib/gcc/arm-none-eabi/8.3.1/../../../../arm-none-eabi/lib/thumb/v7e-m+fp/hard/libcr_c.a(_cr_check_heap.o)
                0x0000000000003700                __check_heap_overflow
 .text.__aeabi_dmul
                0x0000000000003718      0x114 /usr/local/mcuxpressoide-11.1.0_3209/ide/plugins/com.nxp.mcuxpresso.tools.linux_11.1.0.201909161352/tools/bin/../lib/gcc/arm-none-eabi/8.3.1/thumb/v7e-m+fp/hard/libcr_eabihelpers.a(double.o)
                0x0000000000003718                __aeabi_dmul
 .text.__aeabi_dsub
                0x000000000000382c      0x1ac /usr/local/mcuxpressoide-11.1.0_3209/ide/plugins/com.nxp.mcuxpresso.tools.linux_11.1.0.201909161352/tools/bin/../lib/gcc/arm-none-eabi/8.3.1/thumb/v7e-m+fp/hard/libcr_eabihelpers.a(double.o)
                0x000000000000382c                __aeabi_dsub
 .text.__aeabi_dadd
                0x00000000000039d8      0x114 /usr/local/mcuxpressoide-11.1.0_3209/ide/plugins/com.nxp.mcuxpresso.tools.linux_11.1.0.201909161352/tools/bin/../lib/gcc/arm-none-eabi/8.3.1/thumb/v7e-m+fp/hard/libcr_eabihelpers.a(double.o)
                0x00000000000039d8                __aeabi_dadd
 .text.__aeabi_d2f
                0x0000000000003aec       0x50 /usr/local/mcuxpressoide-11.1.0_3209/ide/plugins/com.nxp.mcuxpresso.tools.linux_11.1.0.201909161352/tools/bin/../lib/gcc/arm-none-eabi/8.3.1/thumb/v7e-m+fp/hard/libcr_eabihelpers.a(double.o)
                0x0000000000003aec                __aeabi_d2f
 .text.__aeabi_f2d
                0x0000000000003b3c       0x38 /usr/local/mcuxpressoide-11.1.0_3209/ide/plugins/com.nxp.mcuxpresso.tools.linux_11.1.0.201909161352/tools/bin/../lib/gcc/arm-none-eabi/8.3.1/thumb/v7e-m+fp/hard/libcr_eabihelpers.a(float.o)
                0x0000000000003b3c                __aeabi_f2d
 .text.__sys_appexit
                0x0000000000003b74        0xc /usr/local/mcuxpressoide-11.1.0_3209/ide/plugins/com.nxp.mcuxpresso.tools.linux_11.1.0.201909161352/tools/bin/../lib/gcc/arm-none-eabi/8.3.1/../../../../arm-none-eabi/lib/thumb/v7e-m+fp/hard/libcr_semihost_nf.a(__sys_appexit.o)
                0x0000000000003b74                __exit
                0x0000000000003b74                __sys_appexit
 .text.DMA0_IRQHandler
                0x0000000000003b80        0x8 ./startup/startup_mk64f12.o
                0x0000000000003b80                DMA0_IRQHandler
 .text.DMA1_IRQHandler
                0x0000000000003b88        0x8 ./startup/startup_mk64f12.o
                0x0000000000003b88                DMA1_IRQHandler
 .text.DMA2_IRQHandler
                0x0000000000003b90        0x8 ./startup/startup_mk64f12.o
                0x0000000000003b90                DMA2_IRQHandler
 .text.DMA3_IRQHandler
                0x0000000000003b98        0x8 ./startup/startup_mk64f12.o
                0x0000000000003b98                DMA3_IRQHandler
 .text.DMA4_IRQHandler
                0x0000000000003ba0        0x8 ./startup/startup_mk64f12.o
                0x0000000000003ba0                DMA4_IRQHandler
 .text.DMA5_IRQHandler
                0x0000000000003ba8        0x8 ./startup/startup_mk64f12.o
                0x0000000000003ba8                DMA5_IRQHandler
 .text.DMA6_IRQHandler
                0x0000000000003bb0        0x8 ./startup/startup_mk64f12.o
                0x0000000000003bb0                DMA6_IRQHandler
 .text.DMA7_IRQHandler
                0x0000000000003bb8        0x8 ./startup/startup_mk64f12.o
                0x0000000000003bb8                DMA7_IRQHandler
 .text.DMA8_IRQHandler
                0x0000000000003bc0        0x8 ./startup/startup_mk64f12.o
                0x0000000000003bc0                DMA8_IRQHandler
 .text.DMA9_IRQHandler
                0x0000000000003bc8        0x8 ./startup/startup_mk64f12.o
                0x0000000000003bc8                DMA9_IRQHandler
 .text.DMA10_IRQHandler
                0x0000000000003bd0        0x8 ./startup/startup_mk64f12.o
                0x0000000000003bd0                DMA10_IRQHandler
 .text.DMA11_IRQHandler
                0x0000000000003bd8        0x8 ./startup/startup_mk64f12.o
                0x0000000000003bd8                DMA11_IRQHandler
 .text.DMA12_IRQHandler
                0x0000000000003be0        0x8 ./startup/startup_mk64f12.o
                0x0000000000003be0                DMA12_IRQHandler
 .text.DMA13_IRQHandler
                0x0000000000003be8        0x8 ./startup/startup_mk64f12.o
                0x0000000000003be8                DMA13_IRQHandler
 .text.DMA14_IRQHandler
                0x0000000000003bf0        0x8 ./startup/startup_mk64f12.o
                0x0000000000003bf0                DMA14_IRQHandler
 .text.DMA15_IRQHandler
                0x0000000000003bf8        0x8 ./startup/startup_mk64f12.o
                0x0000000000003bf8                DMA15_IRQHandler
 .text.DMA_Error_IRQHandler
                0x0000000000003c00        0x8 ./startup/startup_mk64f12.o
                0x0000000000003c00                DMA_Error_IRQHandler
 .text.MCM_IRQHandler
                0x0000000000003c08        0x8 ./startup/startup_mk64f12.o
                0x0000000000003c08                MCM_IRQHandler
 .text.FTFE_IRQHandler
                0x0000000000003c10        0x8 ./startup/startup_mk64f12.o
                0x0000000000003c10                FTFE_IRQHandler
 .text.Read_Collision_IRQHandler
                0x0000000000003c18        0x8 ./startup/startup_mk64f12.o
                0x0000000000003c18                Read_Collision_IRQHandler
 .text.LVD_LVW_IRQHandler
                0x0000000000003c20        0x8 ./startup/startup_mk64f12.o
                0x0000000000003c20                LVD_LVW_IRQHandler
 .text.LLWU_IRQHandler
                0x0000000000003c28        0x8 ./startup/startup_mk64f12.o
                0x0000000000003c28                LLWU_IRQHandler
 .text.WDOG_EWM_IRQHandler
                0x0000000000003c30        0x8 ./startup/startup_mk64f12.o
                0x0000000000003c30                WDOG_EWM_IRQHandler
 .text.RNG_IRQHandler
                0x0000000000003c38        0x8 ./startup/startup_mk64f12.o
                0x0000000000003c38                RNG_IRQHandler
 .text.I2C0_IRQHandler
                0x0000000000003c40        0x8 ./startup/startup_mk64f12.o
                0x0000000000003c40                I2C0_IRQHandler
 .text.I2C1_IRQHandler
                0x0000000000003c48        0x8 ./startup/startup_mk64f12.o
                0x0000000000003c48                I2C1_IRQHandler
 .text.SPI0_IRQHandler
                0x0000000000003c50        0x8 ./startup/startup_mk64f12.o
                0x0000000000003c50                SPI0_IRQHandler
 .text.SPI1_IRQHandler
                0x0000000000003c58        0x8 ./startup/startup_mk64f12.o
                0x0000000000003c58                SPI1_IRQHandler
 .text.I2S0_Tx_IRQHandler
                0x0000000000003c60        0x8 ./startup/startup_mk64f12.o
                0x0000000000003c60                I2S0_Tx_IRQHandler
 .text.I2S0_Rx_IRQHandler
                0x0000000000003c68        0x8 ./startup/startup_mk64f12.o
                0x0000000000003c68                I2S0_Rx_IRQHandler
 .text.UART0_LON_IRQHandler
                0x0000000000003c70        0x8 ./startup/startup_mk64f12.o
                0x0000000000003c70                UART0_LON_IRQHandler
 .text.UART0_RX_TX_IRQHandler
                0x0000000000003c78        0x8 ./startup/startup_mk64f12.o
                0x0000000000003c78                UART0_RX_TX_IRQHandler
 .text.UART0_ERR_IRQHandler
                0x0000000000003c80        0x8 ./startup/startup_mk64f12.o
                0x0000000000003c80                UART0_ERR_IRQHandler
 .text.UART1_RX_TX_IRQHandler
                0x0000000000003c88        0x8 ./startup/startup_mk64f12.o
                0x0000000000003c88                UART1_RX_TX_IRQHandler
 .text.UART1_ERR_IRQHandler
                0x0000000000003c90        0x8 ./startup/startup_mk64f12.o
                0x0000000000003c90                UART1_ERR_IRQHandler
 .text.UART2_RX_TX_IRQHandler
                0x0000000000003c98        0x8 ./startup/startup_mk64f12.o
                0x0000000000003c98                UART2_RX_TX_IRQHandler
 .text.UART2_ERR_IRQHandler
                0x0000000000003ca0        0x8 ./startup/startup_mk64f12.o
                0x0000000000003ca0                UART2_ERR_IRQHandler
 .text.UART3_RX_TX_IRQHandler
                0x0000000000003ca8        0x8 ./startup/startup_mk64f12.o
                0x0000000000003ca8                UART3_RX_TX_IRQHandler
 .text.UART3_ERR_IRQHandler
                0x0000000000003cb0        0x8 ./startup/startup_mk64f12.o
                0x0000000000003cb0                UART3_ERR_IRQHandler
 .text.ADC0_IRQHandler
                0x0000000000003cb8        0x8 ./startup/startup_mk64f12.o
                0x0000000000003cb8                ADC0_IRQHandler
 .text.CMP0_IRQHandler
                0x0000000000003cc0        0x8 ./startup/startup_mk64f12.o
                0x0000000000003cc0                CMP0_IRQHandler
 .text.CMP1_IRQHandler
                0x0000000000003cc8        0x8 ./startup/startup_mk64f12.o
                0x0000000000003cc8                CMP1_IRQHandler
 .text.FTM0_IRQHandler
                0x0000000000003cd0        0x8 ./startup/startup_mk64f12.o
                0x0000000000003cd0                FTM0_IRQHandler
 .text.FTM1_IRQHandler
                0x0000000000003cd8        0x8 ./startup/startup_mk64f12.o
                0x0000000000003cd8                FTM1_IRQHandler
 .text.FTM2_IRQHandler
                0x0000000000003ce0        0x8 ./startup/startup_mk64f12.o
                0x0000000000003ce0                FTM2_IRQHandler
 .text.CMT_IRQHandler
                0x0000000000003ce8        0x8 ./startup/startup_mk64f12.o
                0x0000000000003ce8                CMT_IRQHandler
 .text.RTC_IRQHandler
                0x0000000000003cf0        0x8 ./startup/startup_mk64f12.o
                0x0000000000003cf0                RTC_IRQHandler
 .text.RTC_Seconds_IRQHandler
                0x0000000000003cf8        0x8 ./startup/startup_mk64f12.o
                0x0000000000003cf8                RTC_Seconds_IRQHandler
 .text.PIT0_IRQHandler
                0x0000000000003d00        0x8 ./startup/startup_mk64f12.o
                0x0000000000003d00                PIT0_IRQHandler
 .text.PIT1_IRQHandler
                0x0000000000003d08        0x8 ./startup/startup_mk64f12.o
                0x0000000000003d08                PIT1_IRQHandler
 .text.PIT2_IRQHandler
                0x0000000000003d10        0x8 ./startup/startup_mk64f12.o
                0x0000000000003d10                PIT2_IRQHandler
 .text.PIT3_IRQHandler
                0x0000000000003d18        0x8 ./startup/startup_mk64f12.o
                0x0000000000003d18                PIT3_IRQHandler
 .text.PDB0_IRQHandler
                0x0000000000003d20        0x8 ./startup/startup_mk64f12.o
                0x0000000000003d20                PDB0_IRQHandler
 .text.USB0_IRQHandler
                0x0000000000003d28        0x8 ./startup/startup_mk64f12.o
                0x0000000000003d28                USB0_IRQHandler
 .text.USBDCD_IRQHandler
                0x0000000000003d30        0x8 ./startup/startup_mk64f12.o
                0x0000000000003d30                USBDCD_IRQHandler
 .text.Reserved71_IRQHandler
                0x0000000000003d38        0x8 ./startup/startup_mk64f12.o
                0x0000000000003d38                Reserved71_IRQHandler
 .text.DAC0_IRQHandler
                0x0000000000003d40        0x8 ./startup/startup_mk64f12.o
                0x0000000000003d40                DAC0_IRQHandler
 .text.MCG_IRQHandler
                0x0000000000003d48        0x8 ./startup/startup_mk64f12.o
                0x0000000000003d48                MCG_IRQHandler
 .text.LPTMR0_IRQHandler
                0x0000000000003d50        0x8 ./startup/startup_mk64f12.o
                0x0000000000003d50                LPTMR0_IRQHandler
 .text.PORTA_IRQHandler
                0x0000000000003d58        0x8 ./startup/startup_mk64f12.o
                0x0000000000003d58                PORTA_IRQHandler
 .text.PORTB_IRQHandler
                0x0000000000003d60        0x8 ./startup/startup_mk64f12.o
                0x0000000000003d60                PORTB_IRQHandler
 .text.PORTC_IRQHandler
                0x0000000000003d68        0x8 ./startup/startup_mk64f12.o
                0x0000000000003d68                PORTC_IRQHandler
 .text.PORTD_IRQHandler
                0x0000000000003d70        0x8 ./startup/startup_mk64f12.o
                0x0000000000003d70                PORTD_IRQHandler
 .text.PORTE_IRQHandler
                0x0000000000003d78        0x8 ./startup/startup_mk64f12.o
                0x0000000000003d78                PORTE_IRQHandler
 .text.SWI_IRQHandler
                0x0000000000003d80        0x8 ./startup/startup_mk64f12.o
                0x0000000000003d80                SWI_IRQHandler
 .text.SPI2_IRQHandler
                0x0000000000003d88        0x8 ./startup/startup_mk64f12.o
                0x0000000000003d88                SPI2_IRQHandler
 .text.UART4_RX_TX_IRQHandler
                0x0000000000003d90        0x8 ./startup/startup_mk64f12.o
                0x0000000000003d90                UART4_RX_TX_IRQHandler
 .text.UART4_ERR_IRQHandler
                0x0000000000003d98        0x8 ./startup/startup_mk64f12.o
                0x0000000000003d98                UART4_ERR_IRQHandler
 .text.UART5_RX_TX_IRQHandler
                0x0000000000003da0        0x8 ./startup/startup_mk64f12.o
                0x0000000000003da0                UART5_RX_TX_IRQHandler
 .text.UART5_ERR_IRQHandler
                0x0000000000003da8        0x8 ./startup/startup_mk64f12.o
                0x0000000000003da8                UART5_ERR_IRQHandler
 .text.CMP2_IRQHandler
                0x0000000000003db0        0x8 ./startup/startup_mk64f12.o
                0x0000000000003db0                CMP2_IRQHandler
 .text.FTM3_IRQHandler
                0x0000000000003db8        0x8 ./startup/startup_mk64f12.o
                0x0000000000003db8                FTM3_IRQHandler
 .text.DAC1_IRQHandler
                0x0000000000003dc0        0x8 ./startup/startup_mk64f12.o
                0x0000000000003dc0                DAC1_IRQHandler
 .text.ADC1_IRQHandler
                0x0000000000003dc8        0x8 ./startup/startup_mk64f12.o
                0x0000000000003dc8                ADC1_IRQHandler
 .text.I2C2_IRQHandler
                0x0000000000003dd0        0x8 ./startup/startup_mk64f12.o
                0x0000000000003dd0                I2C2_IRQHandler
 .text.CAN0_ORed_Message_buffer_IRQHandler
                0x0000000000003dd8        0x8 ./startup/startup_mk64f12.o
                0x0000000000003dd8                CAN0_ORed_Message_buffer_IRQHandler
 .text.CAN0_Wake_Up_IRQHandler
                0x0000000000003de0        0x8 ./startup/startup_mk64f12.o
                0x0000000000003de0                CAN0_Wake_Up_IRQHandler
 .text.CAN0_Bus_Off_IRQHandler
                0x0000000000003de8        0x8 ./startup/startup_mk64f12.o
                0x0000000000003de8                CAN0_Bus_Off_IRQHandler
 .text.CAN0_Error_IRQHandler
                0x0000000000003df0        0x8 ./startup/startup_mk64f12.o
                0x0000000000003df0                CAN0_Error_IRQHandler
 .text.CAN0_Tx_Warning_IRQHandler
                0x0000000000003df8        0x8 ./startup/startup_mk64f12.o
                0x0000000000003df8                CAN0_Tx_Warning_IRQHandler
 .text.CAN0_Rx_Warning_IRQHandler
                0x0000000000003e00        0x8 ./startup/startup_mk64f12.o
                0x0000000000003e00                CAN0_Rx_Warning_IRQHandler
 .text.SDHC_IRQHandler
                0x0000000000003e08        0x8 ./startup/startup_mk64f12.o
                0x0000000000003e08                SDHC_IRQHandler
 .text.set_pwm_CnV
                0x0000000000003e10       0x28 ./source/PWM_functions.o
                0x0000000000003e10                set_pwm_CnV
 .text.HardFault_Handler
                0x0000000000003e38       0x2a ./source/semihost_hardfault.o
                0x0000000000003e38                HardFault_Handler
 .text.EDMA_HandleIRQ
                0x0000000000003e62       0x92 ./drivers/fsl_edma.o
                0x0000000000003e62                EDMA_HandleIRQ
 .text.FTM_GetDefaultConfig
                0x0000000000003ef4       0x26 ./drivers/fsl_ftm.o
                0x0000000000003ef4                FTM_GetDefaultConfig
 .text.GPIO_PinInit
                0x0000000000003f1a       0x24 ./drivers/fsl_gpio.o
                0x0000000000003f1a                GPIO_PinInit
 .text.I2C_CheckAndClearError
                0x0000000000003f3e       0x1c ./drivers/fsl_i2c.o
 .text.I2C_EnableInterrupts
                0x0000000000003f5a       0x1e ./drivers/fsl_i2c.o
                0x0000000000003f5a                I2C_EnableInterrupts
 .text.I2C_DisableInterrupts
                0x0000000000003f78       0x1a ./drivers/fsl_i2c.o
                0x0000000000003f78                I2C_DisableInterrupts
 .text.I2C_MasterStop
                0x0000000000003f92       0x14 ./drivers/fsl_i2c.o
                0x0000000000003f92                I2C_MasterStop
 .text.I2C_MasterGetStatusFlags
                0x0000000000003fa6       0x1c ./drivers/fsl_i2c.o
                0x0000000000003fa6                I2C_MasterGetStatusFlags
 .text.I2C_MasterStart
                0x0000000000003fc2       0x30 ./drivers/fsl_i2c.o
                0x0000000000003fc2                I2C_MasterStart
 .text.I2C_MasterRepeatedStart
                0x0000000000003ff2       0x4e ./drivers/fsl_i2c.o
                0x0000000000003ff2                I2C_MasterRepeatedStart
 .text.I2C_MasterTransferNonBlocking
                0x0000000000004040       0xa4 ./drivers/fsl_i2c.o
                0x0000000000004040                I2C_MasterTransferNonBlocking
 .text.UART_TransferGetRxRingBufferLength
                0x00000000000040e4       0x16 ./drivers/fsl_uart.o
                0x00000000000040e4                UART_TransferGetRxRingBufferLength
 .text.UART_GetDefaultConfig
                0x00000000000040fa       0x20 ./drivers/fsl_uart.o
                0x00000000000040fa                UART_GetDefaultConfig
 .text.UART_EnableInterrupts
                0x000000000000411a       0x36 ./drivers/fsl_uart.o
                0x000000000000411a                UART_EnableInterrupts
 .text.UART_DisableInterrupts
                0x0000000000004150       0x32 ./drivers/fsl_uart.o
                0x0000000000004150                UART_DisableInterrupts
 .text.UART_GetStatusFlags
                0x0000000000004182       0x16 ./drivers/fsl_uart.o
                0x0000000000004182                UART_GetStatusFlags
 .text.UART_TransferStartRingBuffer
                0x0000000000004198       0x28 ./drivers/fsl_uart.o
                0x0000000000004198                UART_TransferStartRingBuffer
 .text.UART_TransferReceiveNonBlocking
                0x00000000000041c0       0xe0 ./drivers/fsl_uart.o
                0x00000000000041c0                UART_TransferReceiveNonBlocking
 .text.UART0_RX_TX_DriverIRQHandler
                0x00000000000042a0        0xc ./drivers/fsl_uart.o
                0x00000000000042a0                UART0_RX_TX_DriverIRQHandler
 .text.UART1_RX_TX_DriverIRQHandler
                0x00000000000042ac        0xc ./drivers/fsl_uart.o
                0x00000000000042ac                UART1_RX_TX_DriverIRQHandler
 .text.UART2_RX_TX_DriverIRQHandler
                0x00000000000042b8        0xc ./drivers/fsl_uart.o
                0x00000000000042b8                UART2_RX_TX_DriverIRQHandler
 .text.UART3_RX_TX_DriverIRQHandler
                0x00000000000042c4        0xc ./drivers/fsl_uart.o
                0x00000000000042c4                UART3_RX_TX_DriverIRQHandler
 .text.UART4_RX_TX_DriverIRQHandler
                0x00000000000042d0        0xc ./drivers/fsl_uart.o
                0x00000000000042d0                UART4_RX_TX_DriverIRQHandler
 .text.UART5_RX_TX_DriverIRQHandler
                0x00000000000042dc        0xc ./drivers/fsl_uart.o
                0x00000000000042dc                UART5_RX_TX_DriverIRQHandler
 .text.SystemInitHook
                0x00000000000042e8        0x2 ./device/system_MK64F12.o
                0x00000000000042e8                SystemInitHook
 .text.BOARD_InitPeripherals
                0x00000000000042ea        0xe ./board/peripherals.o
                0x00000000000042ea                BOARD_InitPeripherals
 .text.BOARD_InitBootPeripherals
                0x00000000000042f8        0x4 ./board/peripherals.o
                0x00000000000042f8                BOARD_InitBootPeripherals
 .text.__main   0x00000000000042fc        0xe /usr/local/mcuxpressoide-11.1.0_3209/ide/plugins/com.nxp.mcuxpresso.tools.linux_11.1.0.201909161352/tools/bin/../lib/gcc/arm-none-eabi/8.3.1/../../../../arm-none-eabi/lib/thumb/v7e-m+fp/hard/libcr_semihost_nf.a(_cr__main.o)
                0x00000000000042fc                __main
                0x00000000000042fc                __CR_SEMIHOST
 .text.fabsf    0x000000000000430a       0x10 /usr/local/mcuxpressoide-11.1.0_3209/ide/plugins/com.nxp.mcuxpresso.tools.linux_11.1.0.201909161352/tools/bin/../lib/gcc/arm-none-eabi/8.3.1/../../../../arm-none-eabi/lib/thumb/v7e-m+fp/hard/libcr_c.a(fabsf.o)
                0x000000000000430a                fabsf
 .text.sqrtf    0x000000000000431a        0x6 /usr/local/mcuxpressoide-11.1.0_3209/ide/plugins/com.nxp.mcuxpresso.tools.linux_11.1.0.201909161352/tools/bin/../lib/gcc/arm-none-eabi/8.3.1/../../../../arm-none-eabi/lib/thumb/v7e-m+fp/hard/libcr_c.a(sqrtf_m4_hardfp.o)
                0x000000000000431a                sqrtf
 .text.memset   0x0000000000004320        0x4 /usr/local/mcuxpressoide-11.1.0_3209/ide/plugins/com.nxp.mcuxpresso.tools.linux_11.1.0.201909161352/tools/bin/../lib/gcc/arm-none-eabi/8.3.1/../../../../arm-none-eabi/lib/thumb/v7e-m+fp/hard/libcr_c.a(memset.o)
                0x0000000000004320                memset
 .text.free     0x0000000000004324       0x30 /usr/local/mcuxpressoide-11.1.0_3209/ide/plugins/com.nxp.mcuxpresso.tools.linux_11.1.0.201909161352/tools/bin/../lib/gcc/arm-none-eabi/8.3.1/../../../../arm-none-eabi/lib/thumb/v7e-m+fp/hard/libcr_c.a(alloc.o)
                0x0000000000004324                free
 .text.no_fp_display
                0x0000000000004354        0x4 /usr/local/mcuxpressoide-11.1.0_3209/ide/plugins/com.nxp.mcuxpresso.tools.linux_11.1.0.201909161352/tools/bin/../lib/gcc/arm-none-eabi/8.3.1/../../../../arm-none-eabi/lib/thumb/v7e-m+fp/hard/libcr_c.a(printf.o)
 .text.strlen   0x0000000000004358       0x4c /usr/local/mcuxpressoide-11.1.0_3209/ide/plugins/com.nxp.mcuxpresso.tools.linux_11.1.0.201909161352/tools/bin/../lib/gcc/arm-none-eabi/8.3.1/../../../../arm-none-eabi/lib/thumb/v7e-m+fp/hard/libcr_c.a(strlen.o)
                0x0000000000004358                strlen
 .text._deferredlazyseek
                0x00000000000043a4       0x40 /usr/local/mcuxpressoide-11.1.0_3209/ide/plugins/com.nxp.mcuxpresso.tools.linux_11.1.0.201909161352/tools/bin/../lib/gcc/arm-none-eabi/8.3.1/../../../../arm-none-eabi/lib/thumb/v7e-m+fp/hard/libcr_c.a(_deferredlazyseek.o)
                0x00000000000043a4                _deferredlazyseek
 .text.__flsbuf
                0x00000000000043e4      0x140 /usr/local/mcuxpressoide-11.1.0_3209/ide/plugins/com.nxp.mcuxpresso.tools.linux_11.1.0.201909161352/tools/bin/../lib/gcc/arm-none-eabi/8.3.1/../../../../arm-none-eabi/lib/thumb/v7e-m+fp/hard/libcr_c.a(_deferredlazyseek.o)
                0x00000000000043e4                __flsbuf
 .text._fdopen  0x0000000000004524       0x68 /usr/local/mcuxpressoide-11.1.0_3209/ide/plugins/com.nxp.mcuxpresso.tools.linux_11.1.0.201909161352/tools/bin/../lib/gcc/arm-none-eabi/8.3.1/../../../../arm-none-eabi/lib/thumb/v7e-m+fp/hard/libcr_c.a(_fdopen.o)
                0x0000000000004524                _fdopen
 .text._fflush  0x000000000000458c       0x52 /usr/local/mcuxpressoide-11.1.0_3209/ide/plugins/com.nxp.mcuxpresso.tools.linux_11.1.0.201909161352/tools/bin/../lib/gcc/arm-none-eabi/8.3.1/../../../../arm-none-eabi/lib/thumb/v7e-m+fp/hard/libcr_c.a(_fflush.o)
                0x000000000000458c                _fflush
 .text.fclose   0x00000000000045de       0x58 /usr/local/mcuxpressoide-11.1.0_3209/ide/plugins/com.nxp.mcuxpresso.tools.linux_11.1.0.201909161352/tools/bin/../lib/gcc/arm-none-eabi/8.3.1/../../../../arm-none-eabi/lib/thumb/v7e-m+fp/hard/libcr_c.a(fclose.o)
                0x00000000000045de                fclose
 .text.remove   0x0000000000004636       0x14 /usr/local/mcuxpressoide-11.1.0_3209/ide/plugins/com.nxp.mcuxpresso.tools.linux_11.1.0.201909161352/tools/bin/../lib/gcc/arm-none-eabi/8.3.1/../../../../arm-none-eabi/lib/thumb/v7e-m+fp/hard/libcr_c.a(remove.o)
                0x0000000000004636                remove
 .text._do_fflush
                0x000000000000464a       0x40 /usr/local/mcuxpressoide-11.1.0_3209/ide/plugins/com.nxp.mcuxpresso.tools.linux_11.1.0.201909161352/tools/bin/../lib/gcc/arm-none-eabi/8.3.1/../../../../arm-none-eabi/lib/thumb/v7e-m+fp/hard/libcr_c.a(_do_fflush.o)
                0x000000000000464a                _do_fflush
 .text.__aeabi_d2iz
                0x000000000000468a       0x40 /usr/local/mcuxpressoide-11.1.0_3209/ide/plugins/com.nxp.mcuxpresso.tools.linux_11.1.0.201909161352/tools/bin/../lib/gcc/arm-none-eabi/8.3.1/thumb/v7e-m+fp/hard/libcr_eabihelpers.a(double.o)
                0x000000000000468a                __aeabi_d2iz
 .text.__aeabi_dcmple
                0x00000000000046ca       0x56 /usr/local/mcuxpressoide-11.1.0_3209/ide/plugins/com.nxp.mcuxpresso.tools.linux_11.1.0.201909161352/tools/bin/../lib/gcc/arm-none-eabi/8.3.1/thumb/v7e-m+fp/hard/libcr_eabihelpers.a(double.o)
                0x00000000000046ca                __aeabi_dcmple
 .text.__aeabi_dcmpge
                0x0000000000004720       0x5c /usr/local/mcuxpressoide-11.1.0_3209/ide/plugins/com.nxp.mcuxpresso.tools.linux_11.1.0.201909161352/tools/bin/../lib/gcc/arm-none-eabi/8.3.1/thumb/v7e-m+fp/hard/libcr_eabihelpers.a(double.o)
                0x0000000000004720                __aeabi_dcmpge
 .text.__aeabi_memset_lowlevel
                0x000000000000477c       0x32 /usr/local/mcuxpressoide-11.1.0_3209/ide/plugins/com.nxp.mcuxpresso.tools.linux_11.1.0.201909161352/tools/bin/../lib/gcc/arm-none-eabi/8.3.1/thumb/v7e-m+fp/hard/libcr_eabihelpers.a(memcpy.o)
                0x000000000000477c                __aeabi_lowlevel_memset
 .text.__sys_close
                0x00000000000047ae        0xc /usr/local/mcuxpressoide-11.1.0_3209/ide/plugins/com.nxp.mcuxpresso.tools.linux_11.1.0.201909161352/tools/bin/../lib/gcc/arm-none-eabi/8.3.1/../../../../arm-none-eabi/lib/thumb/v7e-m+fp/hard/libcr_semihost_nf.a(__sys_close.o)
                0x00000000000047ae                __sys_close
 .text.__sys_flen
                0x00000000000047ba        0xc /usr/local/mcuxpressoide-11.1.0_3209/ide/plugins/com.nxp.mcuxpresso.tools.linux_11.1.0.201909161352/tools/bin/../lib/gcc/arm-none-eabi/8.3.1/../../../../arm-none-eabi/lib/thumb/v7e-m+fp/hard/libcr_semihost_nf.a(__sys_flen.o)
                0x00000000000047ba                __sys_flen
 .text.__sys_istty
                0x00000000000047c6        0xc /usr/local/mcuxpressoide-11.1.0_3209/ide/plugins/com.nxp.mcuxpresso.tools.linux_11.1.0.201909161352/tools/bin/../lib/gcc/arm-none-eabi/8.3.1/../../../../arm-none-eabi/lib/thumb/v7e-m+fp/hard/libcr_semihost_nf.a(__sys_istty.o)
                0x00000000000047c6                __sys_istty
 .text.__sys_remove
                0x00000000000047d2        0xc /usr/local/mcuxpressoide-11.1.0_3209/ide/plugins/com.nxp.mcuxpresso.tools.linux_11.1.0.201909161352/tools/bin/../lib/gcc/arm-none-eabi/8.3.1/../../../../arm-none-eabi/lib/thumb/v7e-m+fp/hard/libcr_semihost_nf.a(__sys_remove.o)
                0x00000000000047d2                __sys_remove
 .text.__sys_seek
                0x00000000000047de        0xc /usr/local/mcuxpressoide-11.1.0_3209/ide/plugins/com.nxp.mcuxpresso.tools.linux_11.1.0.201909161352/tools/bin/../lib/gcc/arm-none-eabi/8.3.1/../../../../arm-none-eabi/lib/thumb/v7e-m+fp/hard/libcr_semihost_nf.a(__sys_seek.o)
                0x00000000000047de                __sys_seek
 .text.__sys_tmpnam
                0x00000000000047ea        0xc /usr/local/mcuxpressoide-11.1.0_3209/ide/plugins/com.nxp.mcuxpresso.tools.linux_11.1.0.201909161352/tools/bin/../lib/gcc/arm-none-eabi/8.3.1/../../../../arm-none-eabi/lib/thumb/v7e-m+fp/hard/libcr_semihost_nf.a(__sys_tmpnam.o)
                0x00000000000047ea                __sys_tmpnam
 .text.__sys_write
                0x00000000000047f6        0xc /usr/local/mcuxpressoide-11.1.0_3209/ide/plugins/com.nxp.mcuxpresso.tools.linux_11.1.0.201909161352/tools/bin/../lib/gcc/arm-none-eabi/8.3.1/../../../../arm-none-eabi/lib/thumb/v7e-m+fp/hard/libcr_semihost_nf.a(__sys_write.o)
                0x00000000000047f6                __sys_write
 *(SORT_BY_ALIGNMENT(.rodata) SORT_BY_ALIGNMENT(.rodata.*) SORT_BY_ALIGNMENT(.constdata) SORT_BY_ALIGNMENT(.constdata.*))
 *fill*         0x0000000000004802        0x6 ff
 .rodata.a1.5286
                0x0000000000004808       0x88 /usr/local/mcuxpressoide-11.1.0_3209/ide/plugins/com.nxp.mcuxpresso.tools.linux_11.1.0.201909161352/tools/bin/../lib/gcc/arm-none-eabi/8.3.1/../../../../arm-none-eabi/lib/thumb/v7e-m+fp/hard/libcr_c.a(powf.o)
 .rodata.s_ftmClocks
                0x0000000000004890       0x10 ./drivers/fsl_ftm.o
 .rodata.s_i2cClocks
                0x00000000000048a0        0xc ./drivers/fsl_i2c.o
 .rodata.s_uartClock
                0x00000000000048ac       0x18 ./drivers/fsl_uart.o
 .rodata.oscConfig_BOARD_BootClockRUN
                0x00000000000048c4        0x8 ./board/clock_config.o
                0x00000000000048c4                oscConfig_BOARD_BootClockRUN
 .rodata.simConfig_BOARD_BootClockRUN
                0x00000000000048cc        0x8 ./board/clock_config.o
                0x00000000000048cc                simConfig_BOARD_BootClockRUN
 .rodata.I2C0_config
                0x00000000000048d4        0xc ./board/peripherals.o
                0x00000000000048d4                I2C0_config
 .rodata.I2C1_config
                0x00000000000048e0        0xc ./board/peripherals.o
                0x00000000000048e0                I2C1_config
 .rodata.a.5276
                0x00000000000048ec       0x10 /usr/local/mcuxpressoide-11.1.0_3209/ide/plugins/com.nxp.mcuxpresso.tools.linux_11.1.0.201909161352/tools/bin/../lib/gcc/arm-none-eabi/8.3.1/../../../../arm-none-eabi/lib/thumb/v7e-m+fp/hard/libcr_c.a(atanf.o)
 .rodata.__num_Ciob_streams
                0x00000000000048fc        0x4 /usr/local/mcuxpressoide-11.1.0_3209/ide/plugins/com.nxp.mcuxpresso.tools.linux_11.1.0.201909161352/tools/bin/../lib/gcc/arm-none-eabi/8.3.1/../../../../arm-none-eabi/lib/thumb/v7e-m+fp/hard/libcr_semihost_nf.a(__ciob.o)
                0x00000000000048fc                __num_Ciob_streams
 .rodata.fllFactorTable.7862
                0x0000000000004900       0x10 ./drivers/fsl_clock.o
 .rodata.s_i2cDividerTable
                0x0000000000004910       0x80 ./drivers/fsl_i2c.o
 .rodata.main.str1.1
                0x0000000000004990       0x1e ./source/Quadcopter.o
 .rodata        0x00000000000049ae        0x2 ./source/RGB_LEDS.o
 .rodata.s_i2cIrqs
                0x00000000000049b0        0x3 ./drivers/fsl_i2c.o
 .rodata.s_uartIRQ
                0x00000000000049b3        0x6 ./drivers/fsl_uart.o
 .rodata.mcgConfig_BOARD_BootClockRUN
                0x00000000000049b9        0xb ./board/clock_config.o
                0x00000000000049b9                mcgConfig_BOARD_BootClockRUN
 .rodata._Csys_alloc.str1.1
                0x00000000000049c4       0x18 /usr/local/mcuxpressoide-11.1.0_3209/ide/plugins/com.nxp.mcuxpresso.tools.linux_11.1.0.201909161352/tools/bin/../lib/gcc/arm-none-eabi/8.3.1/../../../../arm-none-eabi/lib/thumb/v7e-m+fp/hard/libcr_c.a(alloc.o)
 .rodata._initio.str1.1
                0x00000000000049dc        0x4 /usr/local/mcuxpressoide-11.1.0_3209/ide/plugins/com.nxp.mcuxpresso.tools.linux_11.1.0.201909161352/tools/bin/../lib/gcc/arm-none-eabi/8.3.1/../../../../arm-none-eabi/lib/thumb/v7e-m+fp/hard/libcr_c.a(initio.o)
 .rodata.__vfprintf.str1.1
                0x00000000000049e0       0x37 /usr/local/mcuxpressoide-11.1.0_3209/ide/plugins/com.nxp.mcuxpresso.tools.linux_11.1.0.201909161352/tools/bin/../lib/gcc/arm-none-eabi/8.3.1/../../../../arm-none-eabi/lib/thumb/v7e-m+fp/hard/libcr_c.a(printf.o)
                                         0x38 (size before relaxing)
                0x0000000000004a18                . = ALIGN (0x8)
 *fill*         0x0000000000004a17        0x1 ff

.glue_7         0x0000000000004a18        0x0
 .glue_7        0x0000000000004a18        0x0 linker stubs

.glue_7t        0x0000000000004a18        0x0
 .glue_7t       0x0000000000004a18        0x0 linker stubs

.vfp11_veneer   0x0000000000004a18        0x0
 .vfp11_veneer  0x0000000000004a18        0x0 linker stubs

.v4_bx          0x0000000000004a18        0x0
 .v4_bx         0x0000000000004a18        0x0 linker stubs

.iplt           0x0000000000004a18        0x0
 .iplt          0x0000000000004a18        0x0 ./startup/startup_mk64f12.o

.rel.dyn        0x0000000000004a18        0x0
 .rel.iplt      0x0000000000004a18        0x0 ./startup/startup_mk64f12.o

.ARM.extab
 *(SORT_BY_ALIGNMENT(.ARM.extab*) SORT_BY_ALIGNMENT(.gnu.linkonce.armextab.*))
                0x0000000000004a18                __exidx_start = .

.ARM.exidx
 *(SORT_BY_ALIGNMENT(.ARM.exidx*) SORT_BY_ALIGNMENT(.gnu.linkonce.armexidx.*))
                0x0000000000004a18                __exidx_end = .
                0x0000000000004a18                _etext = .

.m_usb_data
 *(SORT_BY_ALIGNMENT(m_usb_bdt))

.data_RAM2      0x000000001fff0000        0x0 load address 0x0000000000004a18
 FILL mask 0xff
                [!provide]                        PROVIDE (__start_data_RAM2 = .)
                [!provide]                        PROVIDE (__start_data_SRAM_LOWER = .)
 *(SORT_BY_ALIGNMENT(.ramfunc.$RAM2))
 *(SORT_BY_ALIGNMENT(.ramfunc.$SRAM_LOWER))
 *(SORT_BY_ALIGNMENT(.data.$RAM2))
 *(SORT_BY_ALIGNMENT(.data.$SRAM_LOWER))
 *(SORT_BY_ALIGNMENT(.data.$RAM2.*))
 *(SORT_BY_ALIGNMENT(.data.$SRAM_LOWER.*))
                0x000000001fff0000                . = ALIGN (0x8)
                [!provide]                        PROVIDE (__end_data_RAM2 = .)
                [!provide]                        PROVIDE (__end_data_SRAM_LOWER = .)

.data_RAM3      0x0000000014000000        0x0 load address 0x0000000000004a18
 FILL mask 0xff
                [!provide]                        PROVIDE (__start_data_RAM3 = .)
                [!provide]                        PROVIDE (__start_data_FLEX_RAM = .)
 *(SORT_BY_ALIGNMENT(.ramfunc.$RAM3))
 *(SORT_BY_ALIGNMENT(.ramfunc.$FLEX_RAM))
 *(SORT_BY_ALIGNMENT(.data.$RAM3))
 *(SORT_BY_ALIGNMENT(.data.$FLEX_RAM))
 *(SORT_BY_ALIGNMENT(.data.$RAM3.*))
 *(SORT_BY_ALIGNMENT(.data.$FLEX_RAM.*))
                0x0000000014000000                . = ALIGN (0x8)
                [!provide]                        PROVIDE (__end_data_RAM3 = .)
                [!provide]                        PROVIDE (__end_data_FLEX_RAM = .)

.uninit_RESERVED
                0x0000000020000000        0x0
                0x0000000020000000                _start_uninit_RESERVED = .
 *(SORT_BY_ALIGNMENT(.bss.$RESERVED*))
                0x0000000020000000                . = ALIGN (0x8)
                0x0000000020000000                _end_uninit_RESERVED = .

.data           0x0000000020000000       0x10 load address 0x0000000000004a18
 FILL mask 0xff
                0x0000000020000000                _data = .
                [!provide]                        PROVIDE (__start_data_RAM = .)
                [!provide]                        PROVIDE (__start_data_SRAM_UPPER = .)
 *(SORT_BY_ALIGNMENT(vtable))
 *(SORT_BY_ALIGNMENT(.ramfunc*))
 *(SORT_BY_ALIGNMENT(CodeQuickAccess))
 *(SORT_BY_ALIGNMENT(DataQuickAccess))
 *(SORT_BY_ALIGNMENT(RamFunction))
 *(SORT_BY_ALIGNMENT(.data*))
 .data.s_fastIrcFreq
                0x0000000020000000        0x4 ./drivers/fsl_clock.o
 .data.s_slowIrcFreq
                0x0000000020000004        0x4 ./drivers/fsl_clock.o
 .data.SystemCoreClock
                0x0000000020000008        0x4 ./device/system_MK64F12.o
                0x0000000020000008                SystemCoreClock
                0x0000000020000010                . = ALIGN (0x8)
 *fill*         0x000000002000000c        0x4 ff
                0x0000000020000010                _edata = .
                [!provide]                        PROVIDE (__end_data_RAM = .)
                [!provide]                        PROVIDE (__end_data_SRAM_UPPER = .)

.igot.plt       0x0000000020000010        0x0 load address 0x0000000000004a28
 .igot.plt      0x0000000020000010        0x0 ./startup/startup_mk64f12.o

.bss_RAM2       0x000000001fff0000        0x0
                [!provide]                        PROVIDE (__start_bss_RAM2 = .)
                [!provide]                        PROVIDE (__start_bss_SRAM_LOWER = .)
 *(SORT_BY_ALIGNMENT(.bss.$RAM2))
 *(SORT_BY_ALIGNMENT(.bss.$SRAM_LOWER))
 *(SORT_BY_ALIGNMENT(.bss.$RAM2.*))
 *(SORT_BY_ALIGNMENT(.bss.$SRAM_LOWER.*))
                0x000000001fff0000                . = ALIGN ((. != 0x0)?0x8:0x1)
                [!provide]                        PROVIDE (__end_bss_RAM2 = .)
                [!provide]                        PROVIDE (__end_bss_SRAM_LOWER = .)

.bss_RAM3       0x0000000014000000        0x0
                [!provide]                        PROVIDE (__start_bss_RAM3 = .)
                [!provide]                        PROVIDE (__start_bss_FLEX_RAM = .)
 *(SORT_BY_ALIGNMENT(.bss.$RAM3))
 *(SORT_BY_ALIGNMENT(.bss.$FLEX_RAM))
 *(SORT_BY_ALIGNMENT(.bss.$RAM3.*))
 *(SORT_BY_ALIGNMENT(.bss.$FLEX_RAM.*))
                0x0000000014000000                . = ALIGN ((. != 0x0)?0x8:0x1)
                [!provide]                        PROVIDE (__end_bss_RAM3 = .)
                [!provide]                        PROVIDE (__end_bss_FLEX_RAM = .)

.bss            0x0000000020000010      0x208
                0x0000000020000010                _bss = .
                [!provide]                        PROVIDE (__start_bss_RAM = .)
                [!provide]                        PROVIDE (__start_bss_SRAM_UPPER = .)
 *(SORT_BY_ALIGNMENT(.bss*))
 .bss.g_systickCounter
                0x0000000020000010        0x4 ./source/Delays.o
                0x0000000020000010                g_systickCounter
 .bss.mpu_g_m_handle
                0x0000000020000014       0x28 ./source/MPU6050.o
                0x0000000020000014                mpu_g_m_handle
 .bss.pitch     0x000000002000003c        0x4 ./source/Quadcopter.o
                0x000000002000003c                pitch
 .bss.pitchPID  0x0000000020000040        0x4 ./source/Quadcopter.o
                0x0000000020000040                pitchPID
 .bss.roll      0x0000000020000044        0x4 ./source/Quadcopter.o
                0x0000000020000044                roll
 .bss.rollPID   0x0000000020000048        0x4 ./source/Quadcopter.o
                0x0000000020000048                rollPID
 .bss.uartHandle
                0x000000002000004c       0x30 ./source/Quadcopter.o
                0x000000002000004c                uartHandle
 .bss.g_xtal0Freq
                0x000000002000007c        0x4 ./drivers/fsl_clock.o
                0x000000002000007c                g_xtal0Freq
 .bss.g_xtal32Freq
                0x0000000020000080        0x4 ./drivers/fsl_clock.o
                0x0000000020000080                g_xtal32Freq
 .bss.g_dspiHandle
                0x0000000020000084        0xc ./drivers/fsl_dspi.o
 .bss.s_dspiMasterIsr
                0x0000000020000090        0x4 ./drivers/fsl_dspi.o
 .bss.s_dspiSlaveIsr
                0x0000000020000094        0x4 ./drivers/fsl_dspi.o
 .bss.s_EDMAHandle
                0x0000000020000098       0x40 ./drivers/fsl_edma.o
 .bss.s_ENETHandle
                0x00000000200000d8        0x4 ./drivers/fsl_enet.o
 .bss.s_enetErrIsr
                0x00000000200000dc        0x4 ./drivers/fsl_enet.o
 .bss.s_enetRxIsr
                0x00000000200000e0        0x4 ./drivers/fsl_enet.o
 .bss.s_enetTxIsr
                0x00000000200000e4        0x4 ./drivers/fsl_enet.o
 .bss.s_flexcanHandle
                0x00000000200000e8        0x4 ./drivers/fsl_flexcan.o
 .bss.s_flexcanIsr
                0x00000000200000ec        0x4 ./drivers/fsl_flexcan.o
 .bss.s_i2cHandle
                0x00000000200000f0        0xc ./drivers/fsl_i2c.o
 .bss.s_i2cMasterIsr
                0x00000000200000fc        0x4 ./drivers/fsl_i2c.o
 .bss.s_i2cSlaveIsr
                0x0000000020000100        0x4 ./drivers/fsl_i2c.o
 .bss.s_saiHandle
                0x0000000020000104        0x8 ./drivers/fsl_sai.o
 .bss.s_saiRxIsr
                0x000000002000010c        0x4 ./drivers/fsl_sai.o
 .bss.s_saiTxIsr
                0x0000000020000110        0x4 ./drivers/fsl_sai.o
 .bss.s_sdhcHandle
                0x0000000020000114        0x4 ./drivers/fsl_sdhc.o
 .bss.s_sdhcIsr
                0x0000000020000118        0x4 ./drivers/fsl_sdhc.o
 .bss.s_uartHandle
                0x000000002000011c       0x18 ./drivers/fsl_uart.o
 .bss.s_uartIsr
                0x0000000020000134        0x4 ./drivers/fsl_uart.o
 .bss.errno     0x0000000020000138        0x4 /usr/local/mcuxpressoide-11.1.0_3209/ide/plugins/com.nxp.mcuxpresso.tools.linux_11.1.0.201909161352/tools/bin/../lib/gcc/arm-none-eabi/8.3.1/../../../../arm-none-eabi/lib/thumb/v7e-m+fp/hard/libcr_c.a(errno.o)
                0x0000000020000138                errno
 .bss.__end_of_heap
                0x000000002000013c        0x4 /usr/local/mcuxpressoide-11.1.0_3209/ide/plugins/com.nxp.mcuxpresso.tools.linux_11.1.0.201909161352/tools/bin/../lib/gcc/arm-none-eabi/8.3.1/../../../../arm-none-eabi/lib/thumb/v7e-m+fp/hard/libcr_c.a(__init_alloc.o)
                0x000000002000013c                __end_of_heap
 .bss.__heaps   0x0000000020000140        0x4 /usr/local/mcuxpressoide-11.1.0_3209/ide/plugins/com.nxp.mcuxpresso.tools.linux_11.1.0.201909161352/tools/bin/../lib/gcc/arm-none-eabi/8.3.1/../../../../arm-none-eabi/lib/thumb/v7e-m+fp/hard/libcr_c.a(__init_alloc.o)
                0x0000000020000140                __heaps
 .bss.__Ciob    0x0000000020000144       0xb4 /usr/local/mcuxpressoide-11.1.0_3209/ide/plugins/com.nxp.mcuxpresso.tools.linux_11.1.0.201909161352/tools/bin/../lib/gcc/arm-none-eabi/8.3.1/../../../../arm-none-eabi/lib/thumb/v7e-m+fp/hard/libcr_semihost_nf.a(__ciob.o)
                0x0000000020000144                __Ciob
 .bss.MPU6050_completionFlag
                0x00000000200001f8        0x1 ./source/MPU6050.o
                0x00000000200001f8                MPU6050_completionFlag
 .bss.MPU6050_nakFlag
                0x00000000200001f9        0x1 ./source/MPU6050.o
                0x00000000200001f9                MPU6050_nakFlag
 .bss.Mback     0x00000000200001fa        0x1 ./source/Quadcopter.o
                0x00000000200001fa                Mback
 .bss.Mback_last
                0x00000000200001fb        0x1 ./source/Quadcopter.o
                0x00000000200001fb                Mback_last
 .bss.Mfront    0x00000000200001fc        0x1 ./source/Quadcopter.o
                0x00000000200001fc                Mfront
 .bss.Mfront_last
                0x00000000200001fd        0x1 ./source/Quadcopter.o
                0x00000000200001fd                Mfront_last
 .bss.Mleft     0x00000000200001fe        0x1 ./source/Quadcopter.o
                0x00000000200001fe                Mleft
 .bss.Mleft_last
                0x00000000200001ff        0x1 ./source/Quadcopter.o
                0x00000000200001ff                Mleft_last
 .bss.Mright    0x0000000020000200        0x1 ./source/Quadcopter.o
                0x0000000020000200                Mright
 .bss.Mright_last
                0x0000000020000201        0x1 ./source/Quadcopter.o
                0x0000000020000201                Mright_last
 .bss.isThereAccelMPU
                0x0000000020000202        0x1 ./source/Quadcopter.o
                0x0000000020000202                isThereAccelMPU
 .bss.joystick  0x0000000020000203        0x1 ./source/Quadcopter.o
                0x0000000020000203                joystick
 .bss.pitflag   0x0000000020000204        0x1 ./source/Quadcopter.o
                0x0000000020000204                pitflag
 .bss.rxOnGoing
                0x0000000020000205        0x1 ./source/Quadcopter.o
                0x0000000020000205                rxOnGoing
 .bss.rxRingBuffer
                0x0000000020000206        0xa ./source/Quadcopter.o
                0x0000000020000206                rxRingBuffer
 .bss.throttle  0x0000000020000210        0x1 ./source/Quadcopter.o
                0x0000000020000210                throttle
 *(SORT_BY_ALIGNMENT(COMMON))
                0x0000000020000218                . = ALIGN (0x8)
 *fill*         0x0000000020000211        0x7 
                0x0000000020000218                _ebss = .
                [!provide]                        PROVIDE (__end_bss_RAM = .)
                [!provide]                        PROVIDE (__end_bss_SRAM_UPPER = .)
                [!provide]                        PROVIDE (end = .)

.noinit_RAM2    0x000000001fff0000        0x0
                [!provide]                        PROVIDE (__start_noinit_RAM2 = .)
                [!provide]                        PROVIDE (__start_noinit_SRAM_LOWER = .)
 *(SORT_BY_ALIGNMENT(.noinit.$RAM2))
 *(SORT_BY_ALIGNMENT(.noinit.$SRAM_LOWER))
 *(SORT_BY_ALIGNMENT(.noinit.$RAM2.*))
 *(SORT_BY_ALIGNMENT(.noinit.$SRAM_LOWER.*))
                0x000000001fff0000                . = ALIGN (0x8)
                [!provide]                        PROVIDE (__end_noinit_RAM2 = .)
                [!provide]                        PROVIDE (__end_noinit_SRAM_LOWER = .)

.noinit_RAM3    0x0000000014000000        0x0
                [!provide]                        PROVIDE (__start_noinit_RAM3 = .)
                [!provide]                        PROVIDE (__start_noinit_FLEX_RAM = .)
 *(SORT_BY_ALIGNMENT(.noinit.$RAM3))
 *(SORT_BY_ALIGNMENT(.noinit.$FLEX_RAM))
 *(SORT_BY_ALIGNMENT(.noinit.$RAM3.*))
 *(SORT_BY_ALIGNMENT(.noinit.$FLEX_RAM.*))
                0x0000000014000000                . = ALIGN (0x8)
                [!provide]                        PROVIDE (__end_noinit_RAM3 = .)
                [!provide]                        PROVIDE (__end_noinit_FLEX_RAM = .)

.noinit         0x0000000020000218        0x0
                0x0000000020000218                _noinit = .
                [!provide]                        PROVIDE (__start_noinit_RAM = .)
                [!provide]                        PROVIDE (__start_noinit_SRAM_UPPER = .)
 *(SORT_BY_ALIGNMENT(.noinit*))
                0x0000000020000218                . = ALIGN (0x8)
                0x0000000020000218                _end_noinit = .
                [!provide]                        PROVIDE (__end_noinit_RAM = .)
                [!provide]                        PROVIDE (__end_noinit_SRAM_UPPER = .)
                0x0000000000001000                _HeapSize = 0x1000

.heap           0x0000000020000218     0x1000
                0x0000000020000218                _pvHeapStart = .
                0x0000000020001218                . = (. + _HeapSize)
 *fill*         0x0000000020000218     0x1000 
                0x0000000020001218                . = ALIGN (0x8)
                0x0000000020001218                _pvHeapLimit = .
                0x0000000000001000                _StackSize = 0x1000

.heap2stackfill
                0x0000000020001218     0x1000
                0x0000000020002218                . = (. + _StackSize)
 *fill*         0x0000000020001218     0x1000 

.stack          0x000000002002f000        0x0
                0x000000002002f000                _vStackBase = .
                0x000000002002f000                . = ALIGN (0x8)
                0x0000000020030000                _vStackTop = (. + _StackSize)
                0x0000000000000000                _image_start = LOADADDR (.text)
                0x0000000000004a28                _image_end = (LOADADDR (.data) + SIZEOF (.data))
                0x0000000000004a28                _image_size = (_image_end - _image_start)
OUTPUT(Quadcopter.axf elf32-littlearm)

.debug_info     0x0000000000000000    0x2527b
 .debug_info    0x0000000000000000      0xccb ./startup/startup_mk64f12.o
 .debug_info    0x0000000000000ccb      0x9ec ./source/Delays.o
 .debug_info    0x00000000000016b7      0xf65 ./source/MPU6050.o
 .debug_info    0x000000000000261c      0xba1 ./source/PWM_functions.o
 .debug_info    0x00000000000031bd     0x16e0 ./source/Quadcopter.o
 .debug_info    0x000000000000489d      0x93c ./source/RGB_LEDS.o
 .debug_info    0x00000000000051d9       0x38 ./source/semihost_hardfault.o
 .debug_info    0x0000000000005211     0x28d5 ./drivers/fsl_clock.o
 .debug_info    0x0000000000007ae6     0x405f ./drivers/fsl_dspi.o
 .debug_info    0x000000000000bb45     0x2742 ./drivers/fsl_edma.o
 .debug_info    0x000000000000e287     0x2fab ./drivers/fsl_enet.o
 .debug_info    0x0000000000011232     0x2e35 ./drivers/fsl_flexcan.o
 .debug_info    0x0000000000014067     0x1921 ./drivers/fsl_ftm.o
 .debug_info    0x0000000000015988      0x779 ./drivers/fsl_gpio.o
 .debug_info    0x0000000000016101     0x2a79 ./drivers/fsl_i2c.o
 .debug_info    0x0000000000018b7a     0x3b56 ./drivers/fsl_sai.o
 .debug_info    0x000000000001c6d0     0x2dc8 ./drivers/fsl_sdhc.o
 .debug_info    0x000000000001f498     0x246f ./drivers/fsl_uart.o
 .debug_info    0x0000000000021907      0x6b4 ./device/system_MK64F12.o
 .debug_info    0x0000000000021fbb      0xf2b ./board/clock_config.o
 .debug_info    0x0000000000022ee6      0x68f ./board/peripherals.o
 .debug_info    0x0000000000023575     0x1d06 ./board/pin_mux.o

.debug_abbrev   0x0000000000000000     0x49ca
 .debug_abbrev  0x0000000000000000      0x1c0 ./startup/startup_mk64f12.o
 .debug_abbrev  0x00000000000001c0      0x1fa ./source/Delays.o
 .debug_abbrev  0x00000000000003ba      0x2ee ./source/MPU6050.o
 .debug_abbrev  0x00000000000006a8      0x26b ./source/PWM_functions.o
 .debug_abbrev  0x0000000000000913      0x28e ./source/Quadcopter.o
 .debug_abbrev  0x0000000000000ba1      0x1f1 ./source/RGB_LEDS.o
 .debug_abbrev  0x0000000000000d92       0x2e ./source/semihost_hardfault.o
 .debug_abbrev  0x0000000000000dc0      0x4cc ./drivers/fsl_clock.o
 .debug_abbrev  0x000000000000128c      0x56e ./drivers/fsl_dspi.o
 .debug_abbrev  0x00000000000017fa      0x542 ./drivers/fsl_edma.o
 .debug_abbrev  0x0000000000001d3c      0x494 ./drivers/fsl_enet.o
 .debug_abbrev  0x00000000000021d0      0x4dc ./drivers/fsl_flexcan.o
 .debug_abbrev  0x00000000000026ac      0x3d0 ./drivers/fsl_ftm.o
 .debug_abbrev  0x0000000000002a7c      0x24c ./drivers/fsl_gpio.o
 .debug_abbrev  0x0000000000002cc8      0x557 ./drivers/fsl_i2c.o
 .debug_abbrev  0x000000000000321f      0x4b1 ./drivers/fsl_sai.o
 .debug_abbrev  0x00000000000036d0      0x49b ./drivers/fsl_sdhc.o
 .debug_abbrev  0x0000000000003b6b      0x478 ./drivers/fsl_uart.o
 .debug_abbrev  0x0000000000003fe3      0x17b ./device/system_MK64F12.o
 .debug_abbrev  0x000000000000415e      0x301 ./board/clock_config.o
 .debug_abbrev  0x000000000000445f      0x1a7 ./board/peripherals.o
 .debug_abbrev  0x0000000000004606      0x3c4 ./board/pin_mux.o

.debug_loc      0x0000000000000000    0x13e17
 .debug_loc     0x0000000000000000      0x177 ./startup/startup_mk64f12.o
 .debug_loc     0x0000000000000177       0xa5 ./source/Delays.o
 .debug_loc     0x000000000000021c      0x59b ./source/MPU6050.o
 .debug_loc     0x00000000000007b7      0x15e ./source/PWM_functions.o
 .debug_loc     0x0000000000000915      0x1d9 ./source/Quadcopter.o
 .debug_loc     0x0000000000000aee      0x258 ./source/RGB_LEDS.o
 .debug_loc     0x0000000000000d46     0x1626 ./drivers/fsl_clock.o
 .debug_loc     0x000000000000236c     0x2d26 ./drivers/fsl_dspi.o
 .debug_loc     0x0000000000005092     0x135a ./drivers/fsl_edma.o
 .debug_loc     0x00000000000063ec     0x1937 ./drivers/fsl_enet.o
 .debug_loc     0x0000000000007d23     0x1a16 ./drivers/fsl_flexcan.o
 .debug_loc     0x0000000000009739     0x1005 ./drivers/fsl_ftm.o
 .debug_loc     0x000000000000a73e      0x464 ./drivers/fsl_gpio.o
 .debug_loc     0x000000000000aba2     0x2387 ./drivers/fsl_i2c.o
 .debug_loc     0x000000000000cf29     0x2e3a ./drivers/fsl_sai.o
 .debug_loc     0x000000000000fd63     0x1a97 ./drivers/fsl_sdhc.o
 .debug_loc     0x00000000000117fa     0x1604 ./drivers/fsl_uart.o
 .debug_loc     0x0000000000012dfe       0xe6 ./device/system_MK64F12.o
 .debug_loc     0x0000000000012ee4       0xe9 ./board/clock_config.o
 .debug_loc     0x0000000000012fcd      0xe4a ./board/pin_mux.o

.debug_aranges  0x0000000000000000     0x1220
 .debug_aranges
                0x0000000000000000      0x308 ./startup/startup_mk64f12.o
 .debug_aranges
                0x0000000000000308       0x30 ./source/Delays.o
 .debug_aranges
                0x0000000000000338       0x80 ./source/MPU6050.o
 .debug_aranges
                0x00000000000003b8       0x28 ./source/PWM_functions.o
 .debug_aranges
                0x00000000000003e0       0x38 ./source/Quadcopter.o
 .debug_aranges
                0x0000000000000418       0x68 ./source/RGB_LEDS.o
 .debug_aranges
                0x0000000000000480       0x20 ./source/semihost_hardfault.o
 .debug_aranges
                0x00000000000004a0      0x1a0 ./drivers/fsl_clock.o
 .debug_aranges
                0x0000000000000640      0x128 ./drivers/fsl_dspi.o
 .debug_aranges
                0x0000000000000768      0x1a0 ./drivers/fsl_edma.o
 .debug_aranges
                0x0000000000000908       0xf0 ./drivers/fsl_enet.o
 .debug_aranges
                0x00000000000009f8      0x110 ./drivers/fsl_flexcan.o
 .debug_aranges
                0x0000000000000b08       0xa0 ./drivers/fsl_ftm.o
 .debug_aranges
                0x0000000000000ba8       0x30 ./drivers/fsl_gpio.o
 .debug_aranges
                0x0000000000000bd8      0x120 ./drivers/fsl_i2c.o
 .debug_aranges
                0x0000000000000cf8      0x228 ./drivers/fsl_sai.o
 .debug_aranges
                0x0000000000000f20       0xb0 ./drivers/fsl_sdhc.o
 .debug_aranges
                0x0000000000000fd0      0x148 ./drivers/fsl_uart.o
 .debug_aranges
                0x0000000000001118       0x30 ./device/system_MK64F12.o
 .debug_aranges
                0x0000000000001148       0x30 ./board/clock_config.o
 .debug_aranges
                0x0000000000001178       0x38 ./board/peripherals.o
 .debug_aranges
                0x00000000000011b0       0x70 ./board/pin_mux.o

.debug_ranges   0x0000000000000000     0x2180
 .debug_ranges  0x0000000000000000      0x2f8 ./startup/startup_mk64f12.o
 .debug_ranges  0x00000000000002f8       0x38 ./source/Delays.o
 .debug_ranges  0x0000000000000330       0x70 ./source/MPU6050.o
 .debug_ranges  0x00000000000003a0       0x18 ./source/PWM_functions.o
 .debug_ranges  0x00000000000003b8       0x28 ./source/Quadcopter.o
 .debug_ranges  0x00000000000003e0       0x58 ./source/RGB_LEDS.o
 .debug_ranges  0x0000000000000438       0x10 ./source/semihost_hardfault.o
 .debug_ranges  0x0000000000000448      0x290 ./drivers/fsl_clock.o
 .debug_ranges  0x00000000000006d8      0x4d0 ./drivers/fsl_dspi.o
 .debug_ranges  0x0000000000000ba8      0x280 ./drivers/fsl_edma.o
 .debug_ranges  0x0000000000000e28      0x270 ./drivers/fsl_enet.o
 .debug_ranges  0x0000000000001098      0x330 ./drivers/fsl_flexcan.o
 .debug_ranges  0x00000000000013c8      0x138 ./drivers/fsl_ftm.o
 .debug_ranges  0x0000000000001500       0x68 ./drivers/fsl_gpio.o
 .debug_ranges  0x0000000000001568      0x2c0 ./drivers/fsl_i2c.o
 .debug_ranges  0x0000000000001828      0x318 ./drivers/fsl_sai.o
 .debug_ranges  0x0000000000001b40      0x268 ./drivers/fsl_sdhc.o
 .debug_ranges  0x0000000000001da8      0x198 ./drivers/fsl_uart.o
 .debug_ranges  0x0000000000001f40       0x20 ./device/system_MK64F12.o
 .debug_ranges  0x0000000000001f60       0x88 ./board/clock_config.o
 .debug_ranges  0x0000000000001fe8       0x28 ./board/peripherals.o
 .debug_ranges  0x0000000000002010      0x170 ./board/pin_mux.o

.debug_line     0x0000000000000000    0x13092
 .debug_line    0x0000000000000000      0xbf3 ./startup/startup_mk64f12.o
 .debug_line    0x0000000000000bf3      0x320 ./source/Delays.o
 .debug_line    0x0000000000000f13      0x7b5 ./source/MPU6050.o
 .debug_line    0x00000000000016c8      0x365 ./source/PWM_functions.o
 .debug_line    0x0000000000001a2d      0x617 ./source/Quadcopter.o
 .debug_line    0x0000000000002044      0x493 ./source/RGB_LEDS.o
 .debug_line    0x00000000000024d7       0x5b ./source/semihost_hardfault.o
 .debug_line    0x0000000000002532     0x18d0 ./drivers/fsl_clock.o
 .debug_line    0x0000000000003e02     0x233b ./drivers/fsl_dspi.o
 .debug_line    0x000000000000613d     0x1525 ./drivers/fsl_edma.o
 .debug_line    0x0000000000007662     0x12bd ./drivers/fsl_enet.o
 .debug_line    0x000000000000891f     0x170e ./drivers/fsl_flexcan.o
 .debug_line    0x000000000000a02d      0xfe3 ./drivers/fsl_ftm.o
 .debug_line    0x000000000000b010      0x35a ./drivers/fsl_gpio.o
 .debug_line    0x000000000000b36a     0x1a51 ./drivers/fsl_i2c.o
 .debug_line    0x000000000000cdbb     0x23c5 ./drivers/fsl_sai.o
 .debug_line    0x000000000000f180     0x1389 ./drivers/fsl_sdhc.o
 .debug_line    0x0000000000010509     0x156e ./drivers/fsl_uart.o
 .debug_line    0x0000000000011a77      0x39f ./device/system_MK64F12.o
 .debug_line    0x0000000000011e16      0x450 ./board/clock_config.o
 .debug_line    0x0000000000012266      0x2e4 ./board/peripherals.o
 .debug_line    0x000000000001254a      0xb48 ./board/pin_mux.o

.debug_str      0x0000000000000000     0xd337
 .debug_str     0x0000000000000000      0x929 ./startup/startup_mk64f12.o
                                        0x94b (size before relaxing)
 .debug_str     0x0000000000000929      0xead ./source/Delays.o
                                       0x1032 (size before relaxing)
 .debug_str     0x00000000000017d6      0x687 ./source/MPU6050.o
                                       0x10d0 (size before relaxing)
 .debug_str     0x0000000000001e5d      0xb2e ./source/PWM_functions.o
                                        0xda6 (size before relaxing)
 .debug_str     0x000000000000298b      0x820 ./source/Quadcopter.o
                                       0x1ac4 (size before relaxing)
 .debug_str     0x00000000000031ab      0x137 ./source/RGB_LEDS.o
                                        0x767 (size before relaxing)
 .debug_str     0x00000000000032e2       0x1f ./source/semihost_hardfault.o
                                        0x15b (size before relaxing)
 .debug_str     0x0000000000003301      0xff6 ./drivers/fsl_clock.o
                                       0x1f63 (size before relaxing)
 .debug_str     0x00000000000042f7     0x12f9 ./drivers/fsl_dspi.o
                                       0x269a (size before relaxing)
 .debug_str     0x00000000000055f0      0xfa5 ./drivers/fsl_edma.o
                                       0x1b60 (size before relaxing)
 .debug_str     0x0000000000006595     0x1125 ./drivers/fsl_enet.o
                                       0x25cf (size before relaxing)
 .debug_str     0x00000000000076ba     0x11ee ./drivers/fsl_flexcan.o
                                       0x1dbe (size before relaxing)
 .debug_str     0x00000000000088a8      0x999 ./drivers/fsl_ftm.o
                                       0x1c8f (size before relaxing)
 .debug_str     0x0000000000009241       0xbf ./drivers/fsl_gpio.o
                                        0xba8 (size before relaxing)
 .debug_str     0x0000000000009300      0x7e2 ./drivers/fsl_i2c.o
                                       0x1f83 (size before relaxing)
 .debug_str     0x0000000000009ae2     0x118d ./drivers/fsl_sai.o
                                       0x1dc3 (size before relaxing)
 .debug_str     0x000000000000ac6f     0x1418 ./drivers/fsl_sdhc.o
                                       0x27eb (size before relaxing)
 .debug_str     0x000000000000c087      0x85c ./drivers/fsl_uart.o
                                       0x20e7 (size before relaxing)
 .debug_str     0x000000000000c8e3       0xb0 ./device/system_MK64F12.o
                                        0x40b (size before relaxing)
 .debug_str     0x000000000000c993      0x2b5 ./board/clock_config.o
                                       0x1284 (size before relaxing)
 .debug_str     0x000000000000cc48       0x41 ./board/peripherals.o
                                        0xdb9 (size before relaxing)
 .debug_str     0x000000000000cc89      0x6ae ./board/pin_mux.o
                                        0xd67 (size before relaxing)

.comment        0x0000000000000000       0x76
 .comment       0x0000000000000000       0x76 ./startup/startup_mk64f12.o
                                         0x77 (size before relaxing)
 .comment       0x0000000000000076       0x77 ./source/Delays.o
 .comment       0x0000000000000076       0x77 ./source/MPU6050.o
 .comment       0x0000000000000076       0x77 ./source/PWM_functions.o
 .comment       0x0000000000000076       0x77 ./source/Quadcopter.o
 .comment       0x0000000000000076       0x77 ./source/RGB_LEDS.o
 .comment       0x0000000000000076       0x77 ./source/semihost_hardfault.o
 .comment       0x0000000000000076       0x77 ./drivers/fsl_clock.o
 .comment       0x0000000000000076       0x77 ./drivers/fsl_dspi.o
 .comment       0x0000000000000076       0x77 ./drivers/fsl_edma.o
 .comment       0x0000000000000076       0x77 ./drivers/fsl_enet.o
 .comment       0x0000000000000076       0x77 ./drivers/fsl_flexcan.o
 .comment       0x0000000000000076       0x77 ./drivers/fsl_ftm.o
 .comment       0x0000000000000076       0x77 ./drivers/fsl_gpio.o
 .comment       0x0000000000000076       0x77 ./drivers/fsl_i2c.o
 .comment       0x0000000000000076       0x77 ./drivers/fsl_sai.o
 .comment       0x0000000000000076       0x77 ./drivers/fsl_sdhc.o
 .comment       0x0000000000000076       0x77 ./drivers/fsl_uart.o
 .comment       0x0000000000000076       0x77 ./device/system_MK64F12.o
 .comment       0x0000000000000076       0x77 ./board/clock_config.o
 .comment       0x0000000000000076       0x77 ./board/peripherals.o
 .comment       0x0000000000000076       0x77 ./board/pin_mux.o
 .comment       0x0000000000000076       0x77 /usr/local/mcuxpressoide-11.1.0_3209/ide/plugins/com.nxp.mcuxpresso.tools.linux_11.1.0.201909161352/tools/bin/../lib/gcc/arm-none-eabi/8.3.1/../../../../arm-none-eabi/lib/thumb/v7e-m+fp/hard/libcr_semihost_nf.a(_cr__main.o)